Archive member included to satisfy reference by file (symbol)

/usr/bin/../lib/gcc/arm-none-eabi/6.3.1/thumb/v7e-m/fpv4-sp/hard/libgcc.a(_aeabi_uldivmod.o)
                              ./Drivers/STM32L4xx_HAL_Driver/Src/stm32l4xx_hal_uart.o (__aeabi_uldivmod)
/usr/bin/../lib/gcc/arm-none-eabi/6.3.1/thumb/v7e-m/fpv4-sp/hard/libgcc.a(_udivmoddi4.o)
                              /usr/bin/../lib/gcc/arm-none-eabi/6.3.1/thumb/v7e-m/fpv4-sp/hard/libgcc.a(_aeabi_uldivmod.o) (__udivmoddi4)
/usr/bin/../lib/gcc/arm-none-eabi/6.3.1/thumb/v7e-m/fpv4-sp/hard/libgcc.a(_dvmd_tls.o)
                              /usr/bin/../lib/gcc/arm-none-eabi/6.3.1/thumb/v7e-m/fpv4-sp/hard/libgcc.a(_aeabi_uldivmod.o) (__aeabi_ldiv0)
/usr/bin/../lib/gcc/arm-none-eabi/6.3.1/../../../../arm-none-eabi/lib/thumb/v7e-m/fpv4-sp/hard/libg.a(lib_a-abort.o)
                              ./Src/blueProbe/exception.o (abort)
/usr/bin/../lib/gcc/arm-none-eabi/6.3.1/../../../../arm-none-eabi/lib/thumb/v7e-m/fpv4-sp/hard/libg.a(lib_a-atoi.o)
                              ./Src/blueProbe/command.o (atoi)
/usr/bin/../lib/gcc/arm-none-eabi/6.3.1/../../../../arm-none-eabi/lib/thumb/v7e-m/fpv4-sp/hard/libg.a(lib_a-atol.o)
                              ./Src/blueProbe/target/sam3x.o (atol)
/usr/bin/../lib/gcc/arm-none-eabi/6.3.1/../../../../arm-none-eabi/lib/thumb/v7e-m/fpv4-sp/hard/libg.a(lib_a-calloc.o)
                              ./Src/blueProbe/target/adiv5_jtagdp.o (calloc)
/usr/bin/../lib/gcc/arm-none-eabi/6.3.1/../../../../arm-none-eabi/lib/thumb/v7e-m/fpv4-sp/hard/libg.a(lib_a-callocr.o)
                              /usr/bin/../lib/gcc/arm-none-eabi/6.3.1/../../../../arm-none-eabi/lib/thumb/v7e-m/fpv4-sp/hard/libg.a(lib_a-calloc.o) (_calloc_r)
/usr/bin/../lib/gcc/arm-none-eabi/6.3.1/../../../../arm-none-eabi/lib/thumb/v7e-m/fpv4-sp/hard/libg.a(lib_a-exit.o)
                              /usr/bin/../lib/gcc/arm-none-eabi/6.3.1/../../../../arm-none-eabi/lib/thumb/v7e-m/fpv4-sp/hard/crt0.o (exit)
/usr/bin/../lib/gcc/arm-none-eabi/6.3.1/../../../../arm-none-eabi/lib/thumb/v7e-m/fpv4-sp/hard/libg.a(lib_a-impure.o)
                              /usr/bin/../lib/gcc/arm-none-eabi/6.3.1/../../../../arm-none-eabi/lib/thumb/v7e-m/fpv4-sp/hard/libg.a(lib_a-exit.o) (_global_impure_ptr)
/usr/bin/../lib/gcc/arm-none-eabi/6.3.1/../../../../arm-none-eabi/lib/thumb/v7e-m/fpv4-sp/hard/libg.a(lib_a-init.o)
                              /usr/bin/../lib/gcc/arm-none-eabi/6.3.1/../../../../arm-none-eabi/lib/thumb/v7e-m/fpv4-sp/hard/crt0.o (__libc_init_array)
/usr/bin/../lib/gcc/arm-none-eabi/6.3.1/../../../../arm-none-eabi/lib/thumb/v7e-m/fpv4-sp/hard/libg.a(lib_a-malloc.o)
                              ./Src/blueProbe/target/adiv5.o (malloc)
/usr/bin/../lib/gcc/arm-none-eabi/6.3.1/../../../../arm-none-eabi/lib/thumb/v7e-m/fpv4-sp/hard/libg.a(lib_a-mallocr.o)
                              /usr/bin/../lib/gcc/arm-none-eabi/6.3.1/../../../../arm-none-eabi/lib/thumb/v7e-m/fpv4-sp/hard/libg.a(lib_a-callocr.o) (_malloc_r)
/usr/bin/../lib/gcc/arm-none-eabi/6.3.1/../../../../arm-none-eabi/lib/thumb/v7e-m/fpv4-sp/hard/libg.a(lib_a-memcpy.o)
                              ./Src/blueProbe/target/cortexa.o (memcpy)
/usr/bin/../lib/gcc/arm-none-eabi/6.3.1/../../../../arm-none-eabi/lib/thumb/v7e-m/fpv4-sp/hard/libg.a(lib_a-memset.o)
                              /usr/bin/../lib/gcc/arm-none-eabi/6.3.1/../../../../arm-none-eabi/lib/thumb/v7e-m/fpv4-sp/hard/crt0.o (memset)
/usr/bin/../lib/gcc/arm-none-eabi/6.3.1/../../../../arm-none-eabi/lib/thumb/v7e-m/fpv4-sp/hard/libg.a(lib_a-mlock.o)
                              /usr/bin/../lib/gcc/arm-none-eabi/6.3.1/../../../../arm-none-eabi/lib/thumb/v7e-m/fpv4-sp/hard/libg.a(lib_a-mallocr.o) (__malloc_lock)
/usr/bin/../lib/gcc/arm-none-eabi/6.3.1/../../../../arm-none-eabi/lib/thumb/v7e-m/fpv4-sp/hard/libg.a(lib_a-reent.o)
                              ./Src/syscalls.o (errno)
/usr/bin/../lib/gcc/arm-none-eabi/6.3.1/../../../../arm-none-eabi/lib/thumb/v7e-m/fpv4-sp/hard/libg.a(lib_a-sbrkr.o)
                              /usr/bin/../lib/gcc/arm-none-eabi/6.3.1/../../../../arm-none-eabi/lib/thumb/v7e-m/fpv4-sp/hard/libg.a(lib_a-mallocr.o) (_sbrk_r)
/usr/bin/../lib/gcc/arm-none-eabi/6.3.1/../../../../arm-none-eabi/lib/thumb/v7e-m/fpv4-sp/hard/libg.a(lib_a-setjmp.o)
                              ./Src/blueProbe/target/adiv5.o (setjmp)
/usr/bin/../lib/gcc/arm-none-eabi/6.3.1/../../../../arm-none-eabi/lib/thumb/v7e-m/fpv4-sp/hard/libg.a(lib_a-signal.o)
                              /usr/bin/../lib/gcc/arm-none-eabi/6.3.1/../../../../arm-none-eabi/lib/thumb/v7e-m/fpv4-sp/hard/libg.a(lib_a-abort.o) (raise)
/usr/bin/../lib/gcc/arm-none-eabi/6.3.1/../../../../arm-none-eabi/lib/thumb/v7e-m/fpv4-sp/hard/libg.a(lib_a-signalr.o)
                              /usr/bin/../lib/gcc/arm-none-eabi/6.3.1/../../../../arm-none-eabi/lib/thumb/v7e-m/fpv4-sp/hard/libg.a(lib_a-signal.o) (_kill_r)
[...]
Memory Configuration

Name             Origin             Length             Attributes
FLASH            0x0000000008000000 0x0000000000040000 xr
RAM              0x0000000020000000 0x000000000000c000 xrw
SRAM2            0x0000000010000000 0x0000000000004000 rw
*default*        0x0000000000000000 0xffffffffffffffff

Linker script and memory map

LOAD /usr/bin/../lib/gcc/arm-none-eabi/6.3.1/thumb/v7e-m/fpv4-sp/hard/crti.o
LOAD /usr/bin/../lib/gcc/arm-none-eabi/6.3.1/thumb/v7e-m/fpv4-sp/hard/crtbegin.o
LOAD /usr/bin/../lib/gcc/arm-none-eabi/6.3.1/../../../../arm-none-eabi/lib/thumb/v7e-m/fpv4-sp/hard/crt0.o
LOAD ./Src/libnrf24l01/nrf24l01.o
LOAD ./Src/libnrf24l01/nrf24l01_hw_stm32.o
LOAD ./Src/libnrf24l01/nrf24l01_regs.o
LOAD ./Src/blueProbe/target/flashstub/efm32.o
LOAD ./Src/blueProbe/target/flashstub/nrf51.o
LOAD ./Src/blueProbe/target/flashstub/stm32f1.o
LOAD ./Src/blueProbe/target/flashstub/stm32f4_x32.o
LOAD ./Src/blueProbe/target/flashstub/stm32f4_x8.o
LOAD ./Src/blueProbe/target/flashstub/stm32l4.o
LOAD ./Src/blueProbe/target/adiv5.o
LOAD ./Src/blueProbe/target/adiv5_jtagdp.o
LOAD ./Src/blueProbe/target/adiv5_swdp.o
LOAD ./Src/blueProbe/target/cortexa.o
LOAD ./Src/blueProbe/target/cortexm.o
LOAD ./Src/blueProbe/target/efm32.o
LOAD ./Src/blueProbe/target/jtag_scan.o
LOAD ./Src/blueProbe/target/jtagtap_generic.o
LOAD ./Src/blueProbe/target/kinetis.o
LOAD ./Src/blueProbe/target/lmi.o
LOAD ./Src/blueProbe/target/lpc11xx.o
LOAD ./Src/blueProbe/target/lpc15xx.o
LOAD ./Src/blueProbe/target/lpc43xx.o
LOAD ./Src/blueProbe/target/lpc_common.o
LOAD ./Src/blueProbe/target/nrf51.o
LOAD ./Src/blueProbe/target/sam3x.o
LOAD ./Src/blueProbe/target/sam4l.o
LOAD ./Src/blueProbe/target/samd.o
LOAD ./Src/blueProbe/target/stm32f1.o
LOAD ./Src/blueProbe/target/stm32f4.o
LOAD ./Src/blueProbe/target/stm32l0.o
LOAD ./Src/blueProbe/target/stm32l4.o
LOAD ./Src/blueProbe/target/swdptap_generic.o
LOAD ./Src/blueProbe/target/target.o
LOAD ./Src/blueProbe/platforms/stm32/gdb_if.o
LOAD ./Src/blueProbe/platforms/stm32/jtagtap.o
LOAD ./Src/blueProbe/platforms/stm32/serialno.o
LOAD ./Src/blueProbe/platforms/stm32/timing_stm32.o
LOAD ./Src/blueProbe/platforms/stm32/traceswo.o
LOAD ./Src/blueProbe/platforms/native/platform.o
LOAD ./Src/blueProbe/platforms/common/swdptap.o
LOAD ./Src/blueProbe/platforms/common/timing.o
LOAD ./Src/blueProbe/command.o
LOAD ./Src/blueProbe/crc32.o
LOAD ./Src/blueProbe/exception.o
LOAD ./Src/blueProbe/gdb_hostio.o
LOAD ./Src/blueProbe/gdb_main.o
LOAD ./Src/blueProbe/gdb_packet.o
LOAD ./Src/blueProbe/hex_utils.o
LOAD ./Src/blueProbe/morse.o
LOAD ./Src/adc.o
LOAD ./Src/crc.o
LOAD ./Src/dma.o
LOAD ./Src/gpio.o
LOAD ./Src/main.o
LOAD ./Src/stm32l4xx_hal_msp.o
LOAD ./Src/stm32l4xx_it.o
LOAD ./Src/syscalls.o
LOAD ./Src/system_stm32l4xx.o
LOAD ./Src/usart.o
LOAD ./Drivers/STM32L4xx_HAL_Driver/Src/stm32l4xx_hal.o
LOAD ./Drivers/STM32L4xx_HAL_Driver/Src/stm32l4xx_hal_adc.o
LOAD ./Drivers/STM32L4xx_HAL_Driver/Src/stm32l4xx_hal_adc_ex.o
LOAD ./Drivers/STM32L4xx_HAL_Driver/Src/stm32l4xx_hal_cortex.o
LOAD ./Drivers/STM32L4xx_HAL_Driver/Src/stm32l4xx_hal_crc.o
LOAD ./Drivers/STM32L4xx_HAL_Driver/Src/stm32l4xx_hal_crc_ex.o
LOAD ./Drivers/STM32L4xx_HAL_Driver/Src/stm32l4xx_hal_dma.o
LOAD ./Drivers/STM32L4xx_HAL_Driver/Src/stm32l4xx_hal_dma_ex.o
LOAD ./Drivers/STM32L4xx_HAL_Driver/Src/stm32l4xx_hal_flash.o
LOAD ./Drivers/STM32L4xx_HAL_Driver/Src/stm32l4xx_hal_flash_ex.o
LOAD ./Drivers/STM32L4xx_HAL_Driver/Src/stm32l4xx_hal_flash_ramfunc.o
LOAD ./Drivers/STM32L4xx_HAL_Driver/Src/stm32l4xx_hal_gpio.o
LOAD ./Drivers/STM32L4xx_HAL_Driver/Src/stm32l4xx_hal_i2c.o
LOAD ./Drivers/STM32L4xx_HAL_Driver/Src/stm32l4xx_hal_i2c_ex.o
LOAD ./Drivers/STM32L4xx_HAL_Driver/Src/stm32l4xx_hal_pwr.o
LOAD ./Drivers/STM32L4xx_HAL_Driver/Src/stm32l4xx_hal_pwr_ex.o
LOAD ./Drivers/STM32L4xx_HAL_Driver/Src/stm32l4xx_hal_rcc.o
LOAD ./Drivers/STM32L4xx_HAL_Driver/Src/stm32l4xx_hal_rcc_ex.o
LOAD ./Drivers/STM32L4xx_HAL_Driver/Src/stm32l4xx_hal_tim.o
LOAD ./Drivers/STM32L4xx_HAL_Driver/Src/stm32l4xx_hal_tim_ex.o
LOAD ./Drivers/STM32L4xx_HAL_Driver/Src/stm32l4xx_hal_uart.o
LOAD ./Drivers/STM32L4xx_HAL_Driver/Src/stm32l4xx_hal_uart_ex.o
LOAD ./Drivers/STM32L4xx_HAL_Driver/Src/stm32l4xx_ll_exti.o
LOAD ./Drivers/STM32L4xx_HAL_Driver/Src/stm32l4xx_ll_gpio.o
LOAD ./Drivers/STM32L4xx_HAL_Driver/Src/stm32l4xx_ll_utils.o
LOAD ./startup_stm32l432xx.o
LOAD /usr/bin/../lib/gcc/arm-none-eabi/6.3.1/../../../../arm-none-eabi/lib/thumb/v7e-m/fpv4-sp/hard/libm.a
START GROUP
LOAD /usr/bin/../lib/gcc/arm-none-eabi/6.3.1/thumb/v7e-m/fpv4-sp/hard/libgcc.a
LOAD /usr/bin/../lib/gcc/arm-none-eabi/6.3.1/../../../../arm-none-eabi/lib/thumb/v7e-m/fpv4-sp/hard/libg.a
LOAD /usr/bin/../lib/gcc/arm-none-eabi/6.3.1/../../../../arm-none-eabi/lib/thumb/v7e-m/fpv4-sp/hard/libc.a
END GROUP
LOAD /usr/bin/../lib/gcc/arm-none-eabi/6.3.1/thumb/v7e-m/fpv4-sp/hard/crtend.o
LOAD /usr/bin/../lib/gcc/arm-none-eabi/6.3.1/thumb/v7e-m/fpv4-sp/hard/crtn.o
                0x000000002000c000                _estack = 0x2000c000
                0x0000000000000200                _Min_Heap_Size = 0x200
                0x0000000000000400                _Min_Stack_Size = 0x400

.isr_vector     0x0000000008000000      0x190
                0x0000000008000000                . = ALIGN (0x8)
 *(.isr_vector)
 .isr_vector    0x0000000008000000      0x18c ./startup_stm32l432xx.o
                0x0000000008000000                g_pfnVectors
                0x0000000008000190                . = ALIGN (0x8)
 *fill*         0x000000000800018c        0x4 

.text           0x00000000080001c0    0x11978
                0x00000000080001c0                . = ALIGN (0x8)
 *(.text)
 .text          0x00000000080001c0       0x6c /usr/bin/../lib/gcc/arm-none-eabi/6.3.1/thumb/v7e-m/fpv4-sp/hard/crtbegin.o
 .text          0x000000000800022c       0x30 /usr/bin/../lib/gcc/arm-none-eabi/6.3.1/thumb/v7e-m/fpv4-sp/hard/libgcc.a(_aeabi_uldivmod.o)
                0x000000000800022c                __aeabi_uldivmod
 .text          0x000000000800025c      0x2dc /usr/bin/../lib/gcc/arm-none-eabi/6.3.1/thumb/v7e-m/fpv4-sp/hard/libgcc.a(_udivmoddi4.o)
                0x000000000800025c                __udivmoddi4
 .text          0x0000000008000538        0x4 /usr/bin/../lib/gcc/arm-none-eabi/6.3.1/thumb/v7e-m/fpv4-sp/hard/libgcc.a(_dvmd_tls.o)
                0x0000000008000538                __aeabi_ldiv0
                0x0000000008000538                __aeabi_idiv0
 .text          0x000000000800053c      0x134 /usr/bin/../lib/gcc/arm-none-eabi/6.3.1/../../../../arm-none-eabi/lib/thumb/v7e-m/fpv4-sp/hard/libg.a(lib_a-memcpy.o)
                0x000000000800053c                memcpy
 .text          0x0000000008000670       0x1c /usr/bin/../lib/gcc/arm-none-eabi/6.3.1/../../../../arm-none-eabi/lib/thumb/v7e-m/fpv4-sp/hard/libg.a(lib_a-setjmp.o)
                0x0000000008000670                setjmp
                0x000000000800067c                longjmp
 *fill*         0x000000000800068c       0x14 
 .text          0x00000000080006a0      0x2dc /usr/bin/../lib/gcc/arm-none-eabi/6.3.1/../../../../arm-none-eabi/lib/thumb/v7e-m/fpv4-sp/hard/libg.a(lib_a-strcmp.o)
                0x00000000080006a8                strcmp
 *fill*         0x000000000800097c        0x4 
 .text          0x0000000008000980       0xdc /usr/bin/../lib/gcc/arm-none-eabi/6.3.1/../../../../arm-none-eabi/lib/thumb/v7e-m/fpv4-sp/hard/libg.a(lib_a-strlen.o)
                0x0000000008000980                strlen
 *fill*         0x0000000008000a5c        0x4 
 .text          0x0000000008000a60       0xa0 /usr/bin/../lib/gcc/arm-none-eabi/6.3.1/../../../../arm-none-eabi/lib/thumb/v7e-m/fpv4-sp/hard/libg.a(lib_a-memchr.o)
                0x0000000008000a60                memchr
 *(.text*)
 .text.adiv5_mem_read.constprop.1
                0x0000000008000b00      0x180 ./Src/blueProbe/target/adiv5.o
 .text.adiv5_component_probe
                0x0000000008000c80      0x11c ./Src/blueProbe/target/adiv5.o
 .text.adiv5_ap_ref
                0x0000000008000d9c        0x8 ./Src/blueProbe/target/adiv5.o
                0x0000000008000d9c                adiv5_ap_ref
 .text.adiv5_ap_unref
                0x0000000008000da4       0x30 ./Src/blueProbe/target/adiv5.o
                0x0000000008000da4                adiv5_ap_unref
 .text.adiv5_dp_write
                0x0000000008000dd4       0x14 ./Src/blueProbe/target/adiv5.o
                0x0000000008000dd4                adiv5_dp_write
 .text.adiv5_dp_init
                0x0000000008000de8      0x1c4 ./Src/blueProbe/target/adiv5.o
                0x0000000008000de8                adiv5_dp_init
 .text.adiv5_mem_read
                0x0000000008000fac      0x18c ./Src/blueProbe/target/adiv5.o
                0x0000000008000fac                adiv5_mem_read
 .text.adiv5_mem_write
                0x0000000008001138      0x124 ./Src/blueProbe/target/adiv5.o
                0x0000000008001138                adiv5_mem_write
 .text.adiv5_ap_write
                0x000000000800125c       0x30 ./Src/blueProbe/target/adiv5.o
                0x000000000800125c                adiv5_ap_write
 .text.adiv5_ap_read
                0x000000000800128c       0x28 ./Src/blueProbe/target/adiv5.o
                0x000000000800128c                adiv5_ap_read
 .text.adiv5_jtagdp_abort
                0x00000000080012b4       0x28 ./Src/blueProbe/target/adiv5_jtagdp.o
 .text.adiv5_jtagdp_low_access
                0x00000000080012dc       0x90 ./Src/blueProbe/target/adiv5_jtagdp.o
 .text.adiv5_jtagdp_error
                0x000000000800136c       0xd0 ./Src/blueProbe/target/adiv5_jtagdp.o
 .text.adiv5_jtagdp_read
                0x000000000800143c       0xe0 ./Src/blueProbe/target/adiv5_jtagdp.o
 .text.adiv5_jtag_dp_handler
                0x000000000800151c       0x3c ./Src/blueProbe/target/adiv5_jtagdp.o
                0x000000000800151c                adiv5_jtag_dp_handler
 .text.adiv5_swdp_abort
                0x0000000008001558        0x8 ./Src/blueProbe/target/adiv5_swdp.o
 .text.adiv5_swdp_low_access
                0x0000000008001560       0xe8 ./Src/blueProbe/target/adiv5_swdp.o
 .text.adiv5_swdp_read
                0x0000000008001648       0x30 ./Src/blueProbe/target/adiv5_swdp.o
 .text.adiv5_swdp_error
                0x0000000008001678      0x110 ./Src/blueProbe/target/adiv5_swdp.o
 .text.adiv5_swdp_scan
                0x0000000008001788      0x198 ./Src/blueProbe/target/adiv5_swdp.o
                0x0000000008001788                adiv5_swdp_scan
 .text.cortexa_check_error
                0x0000000008001920       0x10 ./Src/blueProbe/target/cortexa.o
 .text.cortexa_regs_write
                0x0000000008001930        0xc ./Src/blueProbe/target/cortexa.o
 .text.cortexa_regs_read
                0x000000000800193c       0x14 ./Src/blueProbe/target/cortexa.o
 .text.cortexa_halt_request
                0x0000000008001950       0x74 ./Src/blueProbe/target/cortexa.o
 .text.cortexa_breakwatch_clear
                0x00000000080019c4       0x88 ./Src/blueProbe/target/cortexa.o
 .text.cortexa_regs_write_internal
                0x0000000008001a4c      0x268 ./Src/blueProbe/target/cortexa.o
 .text.cortexa_detach
                0x0000000008001cb4       0xfc ./Src/blueProbe/target/cortexa.o
 .text.cortexa_halt_resume
                0x0000000008001db0      0x1cc ./Src/blueProbe/target/cortexa.o
 .text.cortexa_attach
                0x0000000008001f7c       0xe0 ./Src/blueProbe/target/cortexa.o
 .text.cortexa_reset
                0x000000000800205c       0xd4 ./Src/blueProbe/target/cortexa.o
 .text.cortexa_slow_mem_read
                0x0000000008002130      0x234 ./Src/blueProbe/target/cortexa.o
 .text.cortexa_breakwatch_set
                0x0000000008002364      0x26c ./Src/blueProbe/target/cortexa.o
 .text.cortexa_halt_poll
                0x00000000080025d0      0x3fc ./Src/blueProbe/target/cortexa.o
 .text.cortexa_slow_mem_write
                0x00000000080029cc      0x298 ./Src/blueProbe/target/cortexa.o
 .text.cortexa_probe
                0x0000000008002c64      0x100 ./Src/blueProbe/target/cortexa.o
                0x0000000008002c64                cortexa_probe
 .text.cortexm_check_error
                0x0000000008002d64       0x14 ./Src/blueProbe/target/cortexm.o
 .text.cortexm_vector_catch
                0x0000000008002d78      0x278 ./Src/blueProbe/target/cortexm.o
 .text.cortexm_breakwatch_clear
                0x0000000008002ff0       0x4c ./Src/blueProbe/target/cortexm.o
 .text.cortexm_breakwatch_set
                0x000000000800303c      0x1b8 ./Src/blueProbe/target/cortexm.o
 .text.cortexm_detach
                0x00000000080031f4       0x60 ./Src/blueProbe/target/cortexm.o
                0x00000000080031f4                cortexm_detach
 .text.cortexm_halt_request
                0x0000000008003254       0x64 ./Src/blueProbe/target/cortexm.o
 .text.cortexm_halt_poll
                0x00000000080032b8      0x484 ./Src/blueProbe/target/cortexm.o
 .text.cortexm_reset
                0x000000000800373c       0x60 ./Src/blueProbe/target/cortexm.o
 .text.cortexm_regs_write
                0x000000000800379c       0xc4 ./Src/blueProbe/target/cortexm.o
 .text.cortexm_regs_read
                0x0000000008003860       0xb0 ./Src/blueProbe/target/cortexm.o
 .text.cortexm_mem_write
                0x0000000008003910        0x8 ./Src/blueProbe/target/cortexm.o
 .text.cortexm_mem_read
                0x0000000008003918        0x8 ./Src/blueProbe/target/cortexm.o
 .text.cortexm_priv_free
                0x0000000008003920       0x14 ./Src/blueProbe/target/cortexm.o
 .text.cortexm_attach
                0x0000000008003934      0x104 ./Src/blueProbe/target/cortexm.o
                0x0000000008003934                cortexm_attach
 .text.cortexm_halt_resume
                0x0000000008003a38       0x98 ./Src/blueProbe/target/cortexm.o
                0x0000000008003a38                cortexm_halt_resume
 .text.cortexm_ap
                0x0000000008003ad0        0x8 ./Src/blueProbe/target/cortexm.o
                0x0000000008003ad0                cortexm_ap
 .text.cortexm_probe
                0x0000000008003ad8      0x1dc ./Src/blueProbe/target/cortexm.o
                0x0000000008003ad8                cortexm_probe
 .text.cortexm_run_stub
                0x0000000008003cb4      0x130 ./Src/blueProbe/target/cortexm.o
                0x0000000008003cb4                cortexm_run_stub
 .text.efm32_flash_erase
                0x0000000008003de4       0x80 ./Src/blueProbe/target/efm32.o
 .text.efm32_flash_write
                0x0000000008003e64       0x4c ./Src/blueProbe/target/efm32.o
 .text.efm32_cmd_erase_all
                0x0000000008003eb0       0x68 ./Src/blueProbe/target/efm32.o
 .text.efm32_cmd_serial
                0x0000000008003f18       0x34 ./Src/blueProbe/target/efm32.o
 .text.efm32_probe
                0x0000000008003f4c      0x2c8 ./Src/blueProbe/target/efm32.o
                0x0000000008003f4c                efm32_probe
 .text.jtag_scan
                0x0000000008004214      0x430 ./Src/blueProbe/target/jtag_scan.o
                0x0000000008004214                jtag_scan
 .text.jtag_dev_write_ir
                0x0000000008004644       0x78 ./Src/blueProbe/target/jtag_scan.o
                0x0000000008004644                jtag_dev_write_ir
 .text.jtag_dev_shift_dr
                0x00000000080046bc       0x5c ./Src/blueProbe/target/jtag_scan.o
                0x00000000080046bc                jtag_dev_shift_dr
 .text.jtagtap_tms_seq
                0x0000000008004718       0x20 ./Src/blueProbe/target/jtagtap_generic.o
                0x0000000008004718                jtagtap_tms_seq
 .text.jtagtap_tdi_tdo_seq
                0x0000000008004738       0x4c ./Src/blueProbe/target/jtagtap_generic.o
                0x0000000008004738                jtagtap_tdi_tdo_seq
 .text.jtagtap_tdi_seq
                0x0000000008004784       0x30 ./Src/blueProbe/target/jtagtap_generic.o
                0x0000000008004784                jtagtap_tdi_seq
 .text.nop_function
                0x00000000080047b4        0x4 ./Src/blueProbe/target/kinetis.o
                0x00000000080047b4                nop_function
 .text.mdm_halt_poll
                0x00000000080047b8        0x4 ./Src/blueProbe/target/kinetis.o
                0x00000000080047b8                mdm_halt_poll
 .text.kinetis_mdm_cmd_erase_mass
                0x00000000080047bc       0xb0 ./Src/blueProbe/target/kinetis.o
 .text.kinetis_cmd_unsafe
                0x000000000800486c       0x48 ./Src/blueProbe/target/kinetis.o
 .text.kl_gen_flash_done
                0x00000000080048b4       0xa8 ./Src/blueProbe/target/kinetis.o
 .text.kl_gen_flash_erase
                0x000000000800495c       0x7c ./Src/blueProbe/target/kinetis.o
 .text.kl_gen_flash_write
                0x00000000080049d8       0xc4 ./Src/blueProbe/target/kinetis.o
 .text.kinetis_probe
                0x0000000008004a9c      0x280 ./Src/blueProbe/target/kinetis.o
                0x0000000008004a9c                kinetis_probe
 .text.kinetis_mdm_probe
                0x0000000008004d1c       0x6c ./Src/blueProbe/target/kinetis.o
                0x0000000008004d1c                kinetis_mdm_probe
 .text.lmi_flash_write
                0x0000000008004d88       0x58 ./Src/blueProbe/target/lmi.o
 .text.lmi_flash_erase
                0x0000000008004de0       0x68 ./Src/blueProbe/target/lmi.o
 .text.lmi_probe
                0x0000000008004e48       0xf8 ./Src/blueProbe/target/lmi.o
                0x0000000008004e48                lmi_probe
 .text.lpc11xx_probe
                0x0000000008004f40      0x28c ./Src/blueProbe/target/lpc11xx.o
                0x0000000008004f40                lpc11xx_probe
 .text.lpc15xx_probe
                0x00000000080051cc       0xb0 ./Src/blueProbe/target/lpc15xx.o
                0x00000000080051cc                lpc15xx_probe
 .text.lpc43xx_cmd_reset
                0x000000000800527c       0x18 ./Src/blueProbe/target/lpc43xx.o
 .text.lpc43xx_cmd_mkboot
                0x0000000008005294       0xa4 ./Src/blueProbe/target/lpc43xx.o
 .text.lpc43xx_wdt_pet
                0x0000000008005338       0x30 ./Src/blueProbe/target/lpc43xx.o
 .text.lpc43xx_flash_erase
                0x0000000008005368       0x60 ./Src/blueProbe/target/lpc43xx.o
 .text.lpc43xx_cmd_erase
                0x00000000080053c8       0x8c ./Src/blueProbe/target/lpc43xx.o
 .text.lpc43xx_probe
                0x0000000008005454      0x20c ./Src/blueProbe/target/lpc43xx.o
                0x0000000008005454                lpc43xx_probe
 .text.lpc_add_flash
                0x0000000008005660       0x50 ./Src/blueProbe/target/lpc_common.o
                0x0000000008005660                lpc_add_flash
 .text.lpc_iap_call
                0x00000000080056b0       0xc4 ./Src/blueProbe/target/lpc_common.o
                0x00000000080056b0                lpc_iap_call
 .text.lpc_flash_erase
                0x0000000008005774       0x80 ./Src/blueProbe/target/lpc_common.o
                0x0000000008005774                lpc_flash_erase
 .text.lpc_flash_write
                0x00000000080057f4       0x74 ./Src/blueProbe/target/lpc_common.o
                0x00000000080057f4                lpc_flash_write
 .text.lpc_flash_write_magic_vect
                0x0000000008005868       0x90 ./Src/blueProbe/target/lpc_common.o
                0x0000000008005868                lpc_flash_write_magic_vect
 .text.nrf51_cmd_read_help
                0x00000000080058f8       0x38 ./Src/blueProbe/target/nrf51.o
 .text.nrf51_cmd_read_deviceaddr
                0x0000000008005930       0x48 ./Src/blueProbe/target/nrf51.o
 .text.nrf51_cmd_read_deviceid
                0x0000000008005978       0x30 ./Src/blueProbe/target/nrf51.o
 .text.nrf51_cmd_read_fwid
                0x00000000080059a8       0x20 ./Src/blueProbe/target/nrf51.o
 .text.nrf51_cmd_read_hwid
                0x00000000080059c8       0x20 ./Src/blueProbe/target/nrf51.o
 .text.nrf51_flash_erase
                0x00000000080059e8       0xb0 ./Src/blueProbe/target/nrf51.o
 .text.nrf51_flash_write
                0x0000000008005a98       0x90 ./Src/blueProbe/target/nrf51.o
 .text.nrf51_cmd_erase_all
                0x0000000008005b28       0x68 ./Src/blueProbe/target/nrf51.o
 .text.nrf51_cmd_read
                0x0000000008005b90       0x7c ./Src/blueProbe/target/nrf51.o
 .text.nrf51_probe
                0x0000000008005c0c      0x344 ./Src/blueProbe/target/nrf51.o
                0x0000000008005c0c                nrf51_probe
 .text.sam3_flash_erase
                0x0000000008005f50        0x4 ./Src/blueProbe/target/sam3x.o
 .text.sam4_flash_erase
                0x0000000008005f54       0x74 ./Src/blueProbe/target/sam3x.o
 .text.sam3x_cmd_gpnvm_get
                0x0000000008005fc8       0x9c ./Src/blueProbe/target/sam3x.o
 .text.sam3x_flash_write
                0x0000000008006064       0x70 ./Src/blueProbe/target/sam3x.o
 .text.sam3x_cmd_gpnvm_set
                0x00000000080060d4      0x134 ./Src/blueProbe/target/sam3x.o
 .text.sam3x_probe
                0x0000000008006208      0x66c ./Src/blueProbe/target/sam3x.o
                0x0000000008006208                sam3x_probe
 .text.sam4l_extended_reset
                0x0000000008006874       0x54 ./Src/blueProbe/target/sam4l.o
 .text.sam4l_flash_erase
                0x00000000080068c8       0x68 ./Src/blueProbe/target/sam4l.o
 .text.sam4l_flash_write_buf
                0x0000000008006930       0xa0 ./Src/blueProbe/target/sam4l.o
 .text.sam4l_probe
                0x00000000080069d0       0xe8 ./Src/blueProbe/target/sam4l.o
                0x00000000080069d0                sam4l_probe
 .text.samd_protected_attach
                0x0000000008006ab8        0xc ./Src/blueProbe/target/samd.o
 .text.samd_cmd_unlock_flash
                0x0000000008006ac4       0x88 ./Src/blueProbe/target/samd.o
 .text.samd_reset
                0x0000000008006b4c       0x64 ./Src/blueProbe/target/samd.o
 .text.samd_flash_erase
                0x0000000008006bb0       0x80 ./Src/blueProbe/target/samd.o
 .text.samd_cmd_ssb
                0x0000000008006c30       0x40 ./Src/blueProbe/target/samd.o
 .text.samd_cmd_mbist
                0x0000000008006c70       0xc0 ./Src/blueProbe/target/samd.o
 .text.samd_cmd_serial
                0x0000000008006d30       0x50 ./Src/blueProbe/target/samd.o
 .text.samd_cmd_read_userrow
                0x0000000008006d80       0x30 ./Src/blueProbe/target/samd.o
 .text.samd_cmd_erase_all
                0x0000000008006db0       0x68 ./Src/blueProbe/target/samd.o
 .text.samd_flash_write
                0x0000000008006e18       0x58 ./Src/blueProbe/target/samd.o
 .text.samd20_revB_halt_resume
                0x0000000008006e70       0x2c ./Src/blueProbe/target/samd.o
 .text.samd20_revB_detach
                0x0000000008006e9c       0x2c ./Src/blueProbe/target/samd.o
 .text.samd_cmd_lock_flash
                0x0000000008006ec8       0x80 ./Src/blueProbe/target/samd.o
 .text.samd_parse_device_id
                0x0000000008006f48       0xf0 ./Src/blueProbe/target/samd.o
                0x0000000008006f48                samd_parse_device_id
 .text.samd_probe
                0x0000000008007038      0x1e0 ./Src/blueProbe/target/samd.o
                0x0000000008007038                samd_probe
 .text.stm32f1_flash_write
                0x0000000008007218       0x4c ./Src/blueProbe/target/stm32f1.o
 .text.stm32f1_cmd_erase_mass
                0x0000000008007264       0x70 ./Src/blueProbe/target/stm32f1.o
 .text.stm32f1_flash_erase
                0x00000000080072d4       0xa4 ./Src/blueProbe/target/stm32f1.o
 .text.stm32f1_cmd_option
                0x0000000008007378      0x298 ./Src/blueProbe/target/stm32f1.o
 .text.stm32f1_probe
                0x0000000008007610      0x250 ./Src/blueProbe/target/stm32f1.o
                0x0000000008007610                stm32f1_probe
 .text.stm32f4_flash_write
                0x0000000008007860       0x68 ./Src/blueProbe/target/stm32f4.o
 .text.stm32f4_cmd_psize
                0x00000000080078c8       0x90 ./Src/blueProbe/target/stm32f4.o
 .text.stm32f4_cmd_erase_mass
                0x0000000008007958       0xf4 ./Src/blueProbe/target/stm32f4.o
 .text.stm32f4_option_write
                0x0000000008007a4c       0xf0 ./Src/blueProbe/target/stm32f4.o
 .text.stm32f4_flash_erase
                0x0000000008007b3c       0xd4 ./Src/blueProbe/target/stm32f4.o
 .text.stm32f4_probe
                0x0000000008007c10      0x898 ./Src/blueProbe/target/stm32f4.o
                0x0000000008007c10                stm32f4_probe
 .text.optcr_mask
                0x00000000080084a8       0xf4 ./Src/blueProbe/target/stm32f4.o
                0x00000000080084a8                optcr_mask
 .text.stm32f4_cmd_option
                0x000000000800859c      0x31c ./Src/blueProbe/target/stm32f4.o
 .text.stm32lx_eeprom_write
                0x00000000080088b8      0x10c ./Src/blueProbe/target/stm32l0.o
 .text.stm32lx_cmd_eeprom
                0x00000000080089c4      0x284 ./Src/blueProbe/target/stm32l0.o
 .text.stm32lx_nvm_prog_write
                0x0000000008008c48      0x118 ./Src/blueProbe/target/stm32l0.o
 .text.stm32lx_nvm_data_erase
                0x0000000008008d60      0x130 ./Src/blueProbe/target/stm32l0.o
 .text.stm32lx_nvm_prog_erase
                0x0000000008008e90      0x134 ./Src/blueProbe/target/stm32l0.o
 .text.stm32lx_nvm_data_write
                0x0000000008008fc4      0x190 ./Src/blueProbe/target/stm32l0.o
 .text.stm32lx_cmd_option
                0x0000000008009154      0x468 ./Src/blueProbe/target/stm32l0.o
 .text.stm32l0_probe
                0x00000000080095bc      0x1f4 ./Src/blueProbe/target/stm32l0.o
                0x00000000080095bc                stm32l0_probe
 .text.stm32l4_flash_write
                0x00000000080097b0       0x4c ./Src/blueProbe/target/stm32l4.o
 .text.stm32l4_cmd_erase
                0x00000000080097fc       0xd8 ./Src/blueProbe/target/stm32l4.o
 .text.stm32l4_cmd_erase_bank2
                0x00000000080098d4        0x8 ./Src/blueProbe/target/stm32l4.o
 .text.stm32l4_cmd_erase_bank1
                0x00000000080098dc        0x8 ./Src/blueProbe/target/stm32l4.o
 .text.stm32l4_cmd_erase_mass
                0x00000000080098e4        0x8 ./Src/blueProbe/target/stm32l4.o
 .text.stm32l4_option_write
                0x00000000080098ec      0x104 ./Src/blueProbe/target/stm32l4.o
 .text.stm32l4_cmd_option
                0x00000000080099f0      0x144 ./Src/blueProbe/target/stm32l4.o
 .text.stm32l4_flash_erase
                0x0000000008009b34       0xc8 ./Src/blueProbe/target/stm32l4.o
 .text.stm32l4_probe
                0x0000000008009bfc      0x1cc ./Src/blueProbe/target/stm32l4.o
                0x0000000008009bfc                stm32l4_probe
 .text.swdptap_seq_in
                0x0000000008009dc8       0x24 ./Src/blueProbe/target/swdptap_generic.o
                0x0000000008009dc8                swdptap_seq_in
 .text.swdptap_seq_in_parity
                0x0000000008009dec       0x3c ./Src/blueProbe/target/swdptap_generic.o
                0x0000000008009dec                swdptap_seq_in_parity
 .text.swdptap_seq_out
                0x0000000008009e28       0x1c ./Src/blueProbe/target/swdptap_generic.o
                0x0000000008009e28                swdptap_seq_out
 .text.swdptap_seq_out_parity
                0x0000000008009e44       0x30 ./Src/blueProbe/target/swdptap_generic.o
                0x0000000008009e44                swdptap_seq_out_parity
 .text.tc_printf.constprop.2
                0x0000000008009e74       0x24 ./Src/blueProbe/target/target.o
 .text.tc_printf.constprop.3
                0x0000000008009e98       0x24 ./Src/blueProbe/target/target.o
 .text.target_new
                0x0000000008009ebc       0x28 ./Src/blueProbe/target/target.o
                0x0000000008009ebc                target_new
 .text.target_foreach
                0x0000000008009ee4       0x38 ./Src/blueProbe/target/target.o
                0x0000000008009ee4                target_foreach
 .text.target_list_free
                0x0000000008009f1c       0xa0 ./Src/blueProbe/target/target.o
                0x0000000008009f1c                target_list_free
 .text.target_add_commands
                0x0000000008009fbc       0x34 ./Src/blueProbe/target/target.o
                0x0000000008009fbc                target_add_commands
 .text.target_attach_n
                0x0000000008009ff0       0x48 ./Src/blueProbe/target/target.o
                0x0000000008009ff0                target_attach_n
 .text.target_attach
                0x000000000800a038       0x24 ./Src/blueProbe/target/target.o
                0x000000000800a038                target_attach
 .text.target_add_ram
                0x000000000800a05c       0x1c ./Src/blueProbe/target/target.o
                0x000000000800a05c                target_add_ram
 .text.target_add_flash
                0x000000000800a078        0xc ./Src/blueProbe/target/target.o
                0x000000000800a078                target_add_flash
 .text.target_mem_map
                0x000000000800a084       0xb8 ./Src/blueProbe/target/target.o
                0x000000000800a084                target_mem_map
 .text.target_flash_erase
                0x000000000800a13c       0x60 ./Src/blueProbe/target/target.o
                0x000000000800a13c                target_flash_erase
 .text.target_flash_write
                0x000000000800a19c       0xe0 ./Src/blueProbe/target/target.o
                0x000000000800a19c                target_flash_write
 .text.target_flash_done
                0x000000000800a27c       0x1c ./Src/blueProbe/target/target.o
                0x000000000800a27c                target_flash_done
 .text.target_flash_write_buffered
                0x000000000800a298       0xa8 ./Src/blueProbe/target/target.o
                0x000000000800a298                target_flash_write_buffered
 .text.target_flash_done_buffered
                0x000000000800a340       0x30 ./Src/blueProbe/target/target.o
                0x000000000800a340                target_flash_done_buffered
 .text.target_detach
                0x000000000800a370       0x10 ./Src/blueProbe/target/target.o
                0x000000000800a370                target_detach
 .text.target_check_error
                0x000000000800a380        0x4 ./Src/blueProbe/target/target.o
                0x000000000800a380                target_check_error
 .text.target_attached
                0x000000000800a384        0x4 ./Src/blueProbe/target/target.o
                0x000000000800a384                target_attached
 .text.target_mem_read
                0x000000000800a388       0x10 ./Src/blueProbe/target/target.o
                0x000000000800a388                target_mem_read
 .text.target_mem_write
                0x000000000800a398       0x10 ./Src/blueProbe/target/target.o
                0x000000000800a398                target_mem_write
 .text.target_regs_read
                0x000000000800a3a8        0x4 ./Src/blueProbe/target/target.o
                0x000000000800a3a8                target_regs_read
 .text.target_regs_write
                0x000000000800a3ac        0x4 ./Src/blueProbe/target/target.o
                0x000000000800a3ac                target_regs_write
 .text.target_reset
                0x000000000800a3b0        0x4 ./Src/blueProbe/target/target.o
                0x000000000800a3b0                target_reset
 .text.target_halt_request
                0x000000000800a3b4        0x4 ./Src/blueProbe/target/target.o
                0x000000000800a3b4                target_halt_request
 .text.target_halt_poll
                0x000000000800a3b8        0x4 ./Src/blueProbe/target/target.o
                0x000000000800a3b8                target_halt_poll
 .text.target_halt_resume
                0x000000000800a3bc        0x4 ./Src/blueProbe/target/target.o
                0x000000000800a3bc                target_halt_resume
 .text.target_breakwatch_set
                0x000000000800a3c0       0x5c ./Src/blueProbe/target/target.o
                0x000000000800a3c0                target_breakwatch_set
 .text.target_breakwatch_clear
                0x000000000800a41c       0x54 ./Src/blueProbe/target/target.o
                0x000000000800a41c                target_breakwatch_clear
 .text.target_regs_size
                0x000000000800a470        0x4 ./Src/blueProbe/target/target.o
                0x000000000800a470                target_regs_size
 .text.target_tdesc
                0x000000000800a474       0x10 ./Src/blueProbe/target/target.o
                0x000000000800a474                target_tdesc
 .text.target_driver_name
                0x000000000800a484        0x4 ./Src/blueProbe/target/target.o
                0x000000000800a484                target_driver_name
 .text.target_mem_read32
                0x000000000800a488       0x18 ./Src/blueProbe/target/target.o
                0x000000000800a488                target_mem_read32
 .text.target_mem_write32
                0x000000000800a4a0       0x18 ./Src/blueProbe/target/target.o
                0x000000000800a4a0                target_mem_write32
 .text.target_mem_read16
                0x000000000800a4b8       0x18 ./Src/blueProbe/target/target.o
                0x000000000800a4b8                target_mem_read16
 .text.target_mem_write16
                0x000000000800a4d0       0x18 ./Src/blueProbe/target/target.o
                0x000000000800a4d0                target_mem_write16
 .text.target_mem_read8
                0x000000000800a4e8       0x18 ./Src/blueProbe/target/target.o
                0x000000000800a4e8                target_mem_read8
 .text.target_mem_write8
                0x000000000800a500       0x18 ./Src/blueProbe/target/target.o
                0x000000000800a500                target_mem_write8
 .text.target_command_help
                0x000000000800a518       0x48 ./Src/blueProbe/target/target.o
                0x000000000800a518                target_command_help
 .text.target_command
                0x000000000800a560       0x5c ./Src/blueProbe/target/target.o
                0x000000000800a560                target_command
 .text.tc_printf
                0x000000000800a5bc       0x20 ./Src/blueProbe/target/target.o
                0x000000000800a5bc                tc_printf
 .text.tc_open  0x000000000800a5dc       0x1c ./Src/blueProbe/target/target.o
                0x000000000800a5dc                tc_open
 .text.tc_close
                0x000000000800a5f8       0x14 ./Src/blueProbe/target/target.o
                0x000000000800a5f8                tc_close
 .text.tc_read  0x000000000800a60c       0x18 ./Src/blueProbe/target/target.o
                0x000000000800a60c                tc_read
 .text.tc_write
                0x000000000800a624       0x18 ./Src/blueProbe/target/target.o
                0x000000000800a624                tc_write
 .text.tc_lseek
                0x000000000800a63c       0x18 ./Src/blueProbe/target/target.o
                0x000000000800a63c                tc_lseek
 .text.tc_rename
                0x000000000800a654       0x1c ./Src/blueProbe/target/target.o
                0x000000000800a654                tc_rename
 .text.tc_unlink
                0x000000000800a670       0x14 ./Src/blueProbe/target/target.o
                0x000000000800a670                tc_unlink
 .text.tc_isatty
                0x000000000800a684        0xc ./Src/blueProbe/target/target.o
                0x000000000800a684                tc_isatty
 .text.tc_system
                0x000000000800a690       0x10 ./Src/blueProbe/target/target.o
                0x000000000800a690                tc_system
 .text.gdb_if_init
                0x000000000800a6a0       0x34 ./Src/blueProbe/platforms/stm32/gdb_if.o
                0x000000000800a6a0                gdb_if_init
 .text.gdb_if_putchar
                0x000000000800a6d4       0x50 ./Src/blueProbe/platforms/stm32/gdb_if.o
                0x000000000800a6d4                gdb_if_putchar
 .text.gdb_if_getchar
                0x000000000800a724       0x44 ./Src/blueProbe/platforms/stm32/gdb_if.o
                0x000000000800a724                gdb_if_getchar
 .text.gdb_if_getchar_to
                0x000000000800a768       0x74 ./Src/blueProbe/platforms/stm32/gdb_if.o
                0x000000000800a768                gdb_if_getchar_to
 .text.HAL_UART_TxCpltCallback
                0x000000000800a7dc       0x18 ./Src/blueProbe/platforms/stm32/gdb_if.o
                0x000000000800a7dc                HAL_UART_TxCpltCallback
 .text.HAL_UART_ErrorCallback
                0x000000000800a7f4       0x20 ./Src/blueProbe/platforms/stm32/gdb_if.o
                0x000000000800a7f4                HAL_UART_ErrorCallback
 .text.jtagtap_init
                0x000000000800a814       0x6c ./Src/blueProbe/platforms/stm32/jtagtap.o
                0x000000000800a814                jtagtap_init
 .text.jtagtap_reset
                0x000000000800a880        0x8 ./Src/blueProbe/platforms/stm32/jtagtap.o
                0x000000000800a880                jtagtap_reset
 .text.jtagtap_next
                0x000000000800a888       0x38 ./Src/blueProbe/platforms/stm32/jtagtap.o
                0x000000000800a888                jtagtap_next
 .text.platform_delay
                0x000000000800a8c0       0x1c ./Src/blueProbe/platforms/stm32/timing_stm32.o
                0x000000000800a8c0                platform_delay
 .text.HAL_SYSTICK_Callback
                0x000000000800a8dc       0x38 ./Src/blueProbe/platforms/stm32/timing_stm32.o
                0x000000000800a8dc                HAL_SYSTICK_Callback
 .text.platform_time_ms
                0x000000000800a914        0xc ./Src/blueProbe/platforms/stm32/timing_stm32.o
                0x000000000800a914                platform_time_ms
 .text.traceswo_init
                0x000000000800a920        0x4 ./Src/blueProbe/platforms/stm32/traceswo.o
                0x000000000800a920                traceswo_init
 .text.platform_hwversion
                0x000000000800a924        0x4 ./Src/blueProbe/platforms/native/platform.o
                0x000000000800a924                platform_hwversion
 .text.platform_init
                0x000000000800a928       0x18 ./Src/blueProbe/platforms/native/platform.o
                0x000000000800a928                platform_init
 .text.platform_srst_set_val
                0x000000000800a940       0x28 ./Src/blueProbe/platforms/native/platform.o
                0x000000000800a940                platform_srst_set_val
 .text.platform_srst_get_val
                0x000000000800a968        0x4 ./Src/blueProbe/platforms/native/platform.o
                0x000000000800a968                platform_srst_get_val
 .text.platform_target_get_power
                0x000000000800a96c       0x14 ./Src/blueProbe/platforms/native/platform.o
                0x000000000800a96c                platform_target_get_power
 .text.platform_target_set_power
                0x000000000800a980       0x14 ./Src/blueProbe/platforms/native/platform.o
                0x000000000800a980                platform_target_set_power
 .text.platform_target_voltage
                0x000000000800a994       0x68 ./Src/blueProbe/platforms/native/platform.o
                0x000000000800a994                platform_target_voltage
 .text.swdptap_init
                0x000000000800a9fc        0x4 ./Src/blueProbe/platforms/common/swdptap.o
                0x000000000800a9fc                swdptap_init
 .text.swdptap_bit_in
                0x000000000800aa00       0x50 ./Src/blueProbe/platforms/common/swdptap.o
                0x000000000800aa00                swdptap_bit_in
 .text.swdptap_bit_out
                0x000000000800aa50       0xac ./Src/blueProbe/platforms/common/swdptap.o
                0x000000000800aa50                swdptap_bit_out
 .text.platform_timeout_set
                0x000000000800aafc       0x10 ./Src/blueProbe/platforms/common/timing.o
                0x000000000800aafc                platform_timeout_set
 .text.platform_timeout_is_expired
                0x000000000800ab0c       0x14 ./Src/blueProbe/platforms/common/timing.o
                0x000000000800ab0c                platform_timeout_is_expired
 .text.cmd_traceswo
                0x000000000800ab20       0x20 ./Src/blueProbe/command.o
 .text.cmd_morse
                0x000000000800ab40       0x1c ./Src/blueProbe/command.o
 .text.cmd_hard_srst
                0x000000000800ab5c       0x18 ./Src/blueProbe/command.o
 .text.cmd_targets
                0x000000000800ab74       0x34 ./Src/blueProbe/command.o
 .text.display_target
                0x000000000800aba8       0x30 ./Src/blueProbe/command.o
 .text.cmd_help
                0x000000000800abd8       0x3c ./Src/blueProbe/command.o
 .text.cmd_version
                0x000000000800ac14       0x2c ./Src/blueProbe/command.o
 .text.cmd_target_power
                0x000000000800ac40       0x50 ./Src/blueProbe/command.o
 .text.cmd_connect_srst
                0x000000000800ac90       0x4c ./Src/blueProbe/command.o
 .text.cmd_swdp_scan
                0x000000000800acdc       0xe4 ./Src/blueProbe/command.o
 .text.cmd_jtag_scan
                0x000000000800adc0      0x148 ./Src/blueProbe/command.o
 .text.command_process
                0x000000000800af08       0xc8 ./Src/blueProbe/command.o
                0x000000000800af08                command_process
 .text.generic_crc32
                0x000000000800afd0       0x64 ./Src/blueProbe/crc32.o
                0x000000000800afd0                generic_crc32
 .text.raise_exception
                0x000000000800b034       0x30 ./Src/blueProbe/exception.o
                0x000000000800b034                raise_exception
 .text.hostio_reply
                0x000000000800b064       0x5c ./Src/blueProbe/gdb_hostio.o
                0x000000000800b064                hostio_reply
 .text.hostio_open
                0x000000000800b0c0       0x24 ./Src/blueProbe/gdb_hostio.o
                0x000000000800b0c0                hostio_open
 .text.hostio_close
                0x000000000800b0e4       0x1c ./Src/blueProbe/gdb_hostio.o
                0x000000000800b0e4                hostio_close
 .text.hostio_read
                0x000000000800b100       0x1c ./Src/blueProbe/gdb_hostio.o
                0x000000000800b100                hostio_read
 .text.hostio_write
                0x000000000800b11c       0x1c ./Src/blueProbe/gdb_hostio.o
                0x000000000800b11c                hostio_write
 .text.hostio_lseek
                0x000000000800b138       0x1c ./Src/blueProbe/gdb_hostio.o
                0x000000000800b138                hostio_lseek
 .text.hostio_rename
                0x000000000800b154       0x24 ./Src/blueProbe/gdb_hostio.o
                0x000000000800b154                hostio_rename
 .text.hostio_unlink
                0x000000000800b178       0x1c ./Src/blueProbe/gdb_hostio.o
                0x000000000800b178                hostio_unlink
 .text.hostio_stat
                0x000000000800b194       0x1c ./Src/blueProbe/gdb_hostio.o
                0x000000000800b194                hostio_stat
 .text.hostio_fstat
                0x000000000800b1b0       0x1c ./Src/blueProbe/gdb_hostio.o
                0x000000000800b1b0                hostio_fstat
 .text.hostio_gettimeofday
                0x000000000800b1cc       0x1c ./Src/blueProbe/gdb_hostio.o
                0x000000000800b1cc                hostio_gettimeofday
 .text.hostio_isatty
                0x000000000800b1e8       0x1c ./Src/blueProbe/gdb_hostio.o
                0x000000000800b1e8                hostio_isatty
 .text.hostio_system
                0x000000000800b204       0x1c ./Src/blueProbe/gdb_hostio.o
                0x000000000800b204                hostio_system
 .text.gdb_target_destroy_callback
                0x000000000800b220       0x24 ./Src/blueProbe/gdb_main.o
 .text.gdb_target_printf
                0x000000000800b244        0x8 ./Src/blueProbe/gdb_main.o
 .text.handle_q_string_reply
                0x000000000800b24c       0x94 ./Src/blueProbe/gdb_main.o
 .text.handle_q_packet.constprop.1
                0x000000000800b2e0      0x184 ./Src/blueProbe/gdb_main.o
 .text.gdb_main_loop
                0x000000000800b464      0x674 ./Src/blueProbe/gdb_main.o
                0x000000000800b464                gdb_main_loop
 .text.gdb_main
                0x000000000800bad8        0xc ./Src/blueProbe/gdb_main.o
                0x000000000800bad8                gdb_main
 .text.gdb_getpacket
                0x000000000800bae4       0xac ./Src/blueProbe/gdb_packet.o
                0x000000000800bae4                gdb_getpacket
 .text.gdb_putpacket
                0x000000000800bb90       0xac ./Src/blueProbe/gdb_packet.o
                0x000000000800bb90                gdb_putpacket
 .text.gdb_putpacket_f
                0x000000000800bc3c       0x2c ./Src/blueProbe/gdb_packet.o
                0x000000000800bc3c                gdb_putpacket_f
 .text.gdb_out  0x000000000800bc68       0x38 ./Src/blueProbe/gdb_packet.o
                0x000000000800bc68                gdb_out
 .text.gdb_voutf
                0x000000000800bca0       0x24 ./Src/blueProbe/gdb_packet.o
                0x000000000800bca0                gdb_voutf
 .text.gdb_outf
                0x000000000800bcc4       0x30 ./Src/blueProbe/gdb_packet.o
                0x000000000800bcc4                gdb_outf
 .text.hexify   0x000000000800bcf4       0x40 ./Src/blueProbe/hex_utils.o
                0x000000000800bcf4                hexify
 .text.unhexify
                0x000000000800bd34       0x60 ./Src/blueProbe/hex_utils.o
                0x000000000800bd34                unhexify
 .text.morse    0x000000000800bd94       0x20 ./Src/blueProbe/morse.o
                0x000000000800bd94                morse
 .text.morse_update
                0x000000000800bdb4       0x90 ./Src/blueProbe/morse.o
                0x000000000800bdb4                morse_update
 .text.MX_ADC1_Init
                0x000000000800be44       0x78 ./Src/adc.o
                0x000000000800be44                MX_ADC1_Init
 .text.HAL_ADC_MspInit
                0x000000000800bebc       0x48 ./Src/adc.o
                0x000000000800bebc                HAL_ADC_MspInit
 .text.MX_CRC_Init
                0x000000000800bf04       0x38 ./Src/crc.o
                0x000000000800bf04                MX_CRC_Init
 .text.HAL_CRC_MspInit
                0x000000000800bf3c       0x2c ./Src/crc.o
                0x000000000800bf3c                HAL_CRC_MspInit
 .text.MX_DMA_Init
                0x000000000800bf68       0x64 ./Src/dma.o
                0x000000000800bf68                MX_DMA_Init
 .text.MX_GPIO_Init
                0x000000000800bfcc      0x138 ./Src/gpio.o
                0x000000000800bfcc                MX_GPIO_Init
 .text.SystemClock_Config
                0x000000000800c104       0xa4 ./Src/main.o
                0x000000000800c104                SystemClock_Config
 .text.startup.main
                0x000000000800c1a8       0x84 ./Src/main.o
                0x000000000800c1a8                main
 .text._Error_Handler
                0x000000000800c22c        0x4 ./Src/main.o
                0x000000000800c22c                _Error_Handler
 .text.HAL_MspInit
                0x000000000800c230       0x90 ./Src/stm32l4xx_hal_msp.o
                0x000000000800c230                HAL_MspInit
 .text.SysTick_Handler
                0x000000000800c2c0       0x10 ./Src/stm32l4xx_it.o
                0x000000000800c2c0                SysTick_Handler
 .text.DMA1_Channel4_IRQHandler
                0x000000000800c2d0        0xc ./Src/stm32l4xx_it.o
                0x000000000800c2d0                DMA1_Channel4_IRQHandler
 .text.DMA1_Channel5_IRQHandler
                0x000000000800c2dc        0xc ./Src/stm32l4xx_it.o
                0x000000000800c2dc                DMA1_Channel5_IRQHandler
 .text.DMA1_Channel6_IRQHandler
                0x000000000800c2e8        0xc ./Src/stm32l4xx_it.o
                0x000000000800c2e8                DMA1_Channel6_IRQHandler
 .text.DMA1_Channel7_IRQHandler
                0x000000000800c2f4        0xc ./Src/stm32l4xx_it.o
                0x000000000800c2f4                DMA1_Channel7_IRQHandler
 .text.USART1_IRQHandler
                0x000000000800c300        0xc ./Src/stm32l4xx_it.o
                0x000000000800c300                USART1_IRQHandler
 .text.USART2_IRQHandler
                0x000000000800c30c        0xc ./Src/stm32l4xx_it.o
                0x000000000800c30c                USART2_IRQHandler
 .text._getpid  0x000000000800c318        0x4 ./Src/syscalls.o
                0x000000000800c318                _getpid
 .text._kill    0x000000000800c31c       0x10 ./Src/syscalls.o
                0x000000000800c31c                _kill
 .text._exit    0x000000000800c32c        0xc ./Src/syscalls.o
                0x000000000800c32c                _exit
 .text._sbrk    0x000000000800c338       0x34 ./Src/syscalls.o
                0x000000000800c338                _sbrk
 .text.SystemInit
                0x000000000800c36c       0x50 ./Src/system_stm32l4xx.o
                0x000000000800c36c                SystemInit
 .text.MX_USART1_UART_Init
                0x000000000800c3bc       0x48 ./Src/usart.o
                0x000000000800c3bc                MX_USART1_UART_Init
 .text.MX_USART2_UART_Init
                0x000000000800c404       0x44 ./Src/usart.o
                0x000000000800c404                MX_USART2_UART_Init
 .text.HAL_UART_MspInit
                0x000000000800c448      0x200 ./Src/usart.o
                0x000000000800c448                HAL_UART_MspInit
 .text.HAL_InitTick
                0x000000000800c648       0x2c ./Drivers/STM32L4xx_HAL_Driver/Src/stm32l4xx_hal.o
                0x000000000800c648                HAL_InitTick
 .text.HAL_Init
                0x000000000800c674       0x18 ./Drivers/STM32L4xx_HAL_Driver/Src/stm32l4xx_hal.o
                0x000000000800c674                HAL_Init
 .text.HAL_IncTick
                0x000000000800c68c       0x10 ./Drivers/STM32L4xx_HAL_Driver/Src/stm32l4xx_hal.o
                0x000000000800c68c                HAL_IncTick
 .text.HAL_GetTick
                0x000000000800c69c        0xc ./Drivers/STM32L4xx_HAL_Driver/Src/stm32l4xx_hal.o
                0x000000000800c69c                HAL_GetTick
 .text.HAL_ADC_Init
                0x000000000800c6a8      0x1a0 ./Drivers/STM32L4xx_HAL_Driver/Src/stm32l4xx_hal_adc.o
                0x000000000800c6a8                HAL_ADC_Init
 .text.HAL_ADC_Start
                0x000000000800c848       0xd0 ./Drivers/STM32L4xx_HAL_Driver/Src/stm32l4xx_hal_adc.o
                0x000000000800c848                HAL_ADC_Start
 .text.HAL_ADC_PollForConversion
                0x000000000800c918       0xa8 ./Drivers/STM32L4xx_HAL_Driver/Src/stm32l4xx_hal_adc.o
                0x000000000800c918                HAL_ADC_PollForConversion
 .text.HAL_ADC_GetValue
                0x000000000800c9c0        0x8 ./Drivers/STM32L4xx_HAL_Driver/Src/stm32l4xx_hal_adc.o
                0x000000000800c9c0                HAL_ADC_GetValue
 .text.HAL_ADC_ConfigChannel
                0x000000000800c9c8      0x324 ./Drivers/STM32L4xx_HAL_Driver/Src/stm32l4xx_hal_adc.o
                0x000000000800c9c8                HAL_ADC_ConfigChannel
 .text.HAL_NVIC_SetPriorityGrouping
                0x000000000800ccec       0x24 ./Drivers/STM32L4xx_HAL_Driver/Src/stm32l4xx_hal_cortex.o
                0x000000000800ccec                HAL_NVIC_SetPriorityGrouping
 .text.HAL_NVIC_SetPriority
                0x000000000800cd10       0x6c ./Drivers/STM32L4xx_HAL_Driver/Src/stm32l4xx_hal_cortex.o
                0x000000000800cd10                HAL_NVIC_SetPriority
 .text.HAL_NVIC_EnableIRQ
                0x000000000800cd7c       0x18 ./Drivers/STM32L4xx_HAL_Driver/Src/stm32l4xx_hal_cortex.o
                0x000000000800cd7c                HAL_NVIC_EnableIRQ
 .text.HAL_SYSTICK_Config
                0x000000000800cd94       0x34 ./Drivers/STM32L4xx_HAL_Driver/Src/stm32l4xx_hal_cortex.o
                0x000000000800cd94                HAL_SYSTICK_Config
 .text.HAL_SYSTICK_CLKSourceConfig
                0x000000000800cdc8       0x18 ./Drivers/STM32L4xx_HAL_Driver/Src/stm32l4xx_hal_cortex.o
                0x000000000800cdc8                HAL_SYSTICK_CLKSourceConfig
 .text.HAL_SYSTICK_IRQHandler
                0x000000000800cde0        0x8 ./Drivers/STM32L4xx_HAL_Driver/Src/stm32l4xx_hal_cortex.o
                0x000000000800cde0                HAL_SYSTICK_IRQHandler
 .text.HAL_CRC_Init
                0x000000000800cde8       0x7c ./Drivers/STM32L4xx_HAL_Driver/Src/stm32l4xx_hal_crc.o
                0x000000000800cde8                HAL_CRC_Init
 .text.HAL_CRCEx_Polynomial_Set
                0x000000000800ce64       0x68 ./Drivers/STM32L4xx_HAL_Driver/Src/stm32l4xx_hal_crc_ex.o
                0x000000000800ce64                HAL_CRCEx_Polynomial_Set
 .text.HAL_DMA_Init
                0x000000000800cecc       0xcc ./Drivers/STM32L4xx_HAL_Driver/Src/stm32l4xx_hal_dma.o
                0x000000000800cecc                HAL_DMA_Init
 .text.HAL_DMA_Start_IT
                0x000000000800cf98       0x80 ./Drivers/STM32L4xx_HAL_Driver/Src/stm32l4xx_hal_dma.o
                0x000000000800cf98                HAL_DMA_Start_IT
 .text.HAL_DMA_Abort_IT
                0x000000000800d018       0x48 ./Drivers/STM32L4xx_HAL_Driver/Src/stm32l4xx_hal_dma.o
                0x000000000800d018                HAL_DMA_Abort_IT
 .text.HAL_DMA_IRQHandler
                0x000000000800d060       0x98 ./Drivers/STM32L4xx_HAL_Driver/Src/stm32l4xx_hal_dma.o
                0x000000000800d060                HAL_DMA_IRQHandler
 .text.HAL_GPIO_Init
                0x000000000800d0f8      0x1b0 ./Drivers/STM32L4xx_HAL_Driver/Src/stm32l4xx_hal_gpio.o
                0x000000000800d0f8                HAL_GPIO_Init
 .text.HAL_PWREx_GetVoltageRange
                0x000000000800d2a8       0x10 ./Drivers/STM32L4xx_HAL_Driver/Src/stm32l4xx_hal_pwr_ex.o
                0x000000000800d2a8                HAL_PWREx_GetVoltageRange
 .text.HAL_PWREx_ControlVoltageScaling
                0x000000000800d2b8       0x78 ./Drivers/STM32L4xx_HAL_Driver/Src/stm32l4xx_hal_pwr_ex.o
                0x000000000800d2b8                HAL_PWREx_ControlVoltageScaling
 .text.HAL_RCC_GetSysClockFreq
                0x000000000800d330       0xfc ./Drivers/STM32L4xx_HAL_Driver/Src/stm32l4xx_hal_rcc.o
                0x000000000800d330                HAL_RCC_GetSysClockFreq
 .text.HAL_RCC_OscConfig
                0x000000000800d42c      0x644 ./Drivers/STM32L4xx_HAL_Driver/Src/stm32l4xx_hal_rcc.o
                0x000000000800d42c                HAL_RCC_OscConfig
 .text.HAL_RCC_ClockConfig
                0x000000000800da70      0x170 ./Drivers/STM32L4xx_HAL_Driver/Src/stm32l4xx_hal_rcc.o
                0x000000000800da70                HAL_RCC_ClockConfig
 .text.HAL_RCC_GetHCLKFreq
                0x000000000800dbe0        0xc ./Drivers/STM32L4xx_HAL_Driver/Src/stm32l4xx_hal_rcc.o
                0x000000000800dbe0                HAL_RCC_GetHCLKFreq
 .text.HAL_RCC_GetPCLK1Freq
                0x000000000800dbec       0x20 ./Drivers/STM32L4xx_HAL_Driver/Src/stm32l4xx_hal_rcc.o
                0x000000000800dbec                HAL_RCC_GetPCLK1Freq
 .text.HAL_RCC_GetPCLK2Freq
                0x000000000800dc0c       0x20 ./Drivers/STM32L4xx_HAL_Driver/Src/stm32l4xx_hal_rcc.o
                0x000000000800dc0c                HAL_RCC_GetPCLK2Freq
 .text.RCCEx_PLLSAI1_Config
                0x000000000800dc2c      0x120 ./Drivers/STM32L4xx_HAL_Driver/Src/stm32l4xx_hal_rcc_ex.o
 .text.HAL_RCCEx_PeriphCLKConfig
                0x000000000800dd4c      0x2b4 ./Drivers/STM32L4xx_HAL_Driver/Src/stm32l4xx_hal_rcc_ex.o
                0x000000000800dd4c                HAL_RCCEx_PeriphCLKConfig
 .text.HAL_UART_Transmit_DMA
                0x000000000800e000       0x7c ./Drivers/STM32L4xx_HAL_Driver/Src/stm32l4xx_hal_uart.o
                0x000000000800e000                HAL_UART_Transmit_DMA
 .text.HAL_UART_Receive_DMA
                0x000000000800e07c       0x84 ./Drivers/STM32L4xx_HAL_Driver/Src/stm32l4xx_hal_uart.o
                0x000000000800e07c                HAL_UART_Receive_DMA
 .text.UART_DMATransmitCplt
                0x000000000800e100       0x2c ./Drivers/STM32L4xx_HAL_Driver/Src/stm32l4xx_hal_uart.o
 .text.HAL_UART_TxHalfCpltCallback
                0x000000000800e12c        0x4 ./Drivers/STM32L4xx_HAL_Driver/Src/stm32l4xx_hal_uart.o
                0x000000000800e12c                HAL_UART_TxHalfCpltCallback
 .text.UART_DMATxHalfCplt
                0x000000000800e130        0xc ./Drivers/STM32L4xx_HAL_Driver/Src/stm32l4xx_hal_uart.o
 .text.HAL_UART_RxCpltCallback
                0x000000000800e13c        0x4 ./Drivers/STM32L4xx_HAL_Driver/Src/stm32l4xx_hal_uart.o
                0x000000000800e13c                HAL_UART_RxCpltCallback
 .text.UART_DMAReceiveCplt
                0x000000000800e140       0x38 ./Drivers/STM32L4xx_HAL_Driver/Src/stm32l4xx_hal_uart.o
 .text.HAL_UART_RxHalfCpltCallback
                0x000000000800e178        0x4 ./Drivers/STM32L4xx_HAL_Driver/Src/stm32l4xx_hal_uart.o
                0x000000000800e178                HAL_UART_RxHalfCpltCallback
 .text.UART_DMARxHalfCplt
                0x000000000800e17c        0xc ./Drivers/STM32L4xx_HAL_Driver/Src/stm32l4xx_hal_uart.o
 .text.UART_DMAError
                0x000000000800e188       0x68 ./Drivers/STM32L4xx_HAL_Driver/Src/stm32l4xx_hal_uart.o
 .text.HAL_UART_IRQHandler
                0x000000000800e1f0      0x164 ./Drivers/STM32L4xx_HAL_Driver/Src/stm32l4xx_hal_uart.o
                0x000000000800e1f0                HAL_UART_IRQHandler
 .text.UART_DMAAbortOnError
                0x000000000800e354       0x18 ./Drivers/STM32L4xx_HAL_Driver/Src/stm32l4xx_hal_uart.o
 .text.UART_AdvFeatureConfig
                0x000000000800e36c       0xb0 ./Drivers/STM32L4xx_HAL_Driver/Src/stm32l4xx_hal_uart.o
                0x000000000800e36c                UART_AdvFeatureConfig
 .text.HAL_UART_Init
                0x000000000800e41c      0x39c ./Drivers/STM32L4xx_HAL_Driver/Src/stm32l4xx_hal_uart.o
                0x000000000800e41c                HAL_UART_Init
 .text.HAL_UARTEx_WakeupCallback
                0x000000000800e7b8        0x4 ./Drivers/STM32L4xx_HAL_Driver/Src/stm32l4xx_hal_uart_ex.o
                0x000000000800e7b8                HAL_UARTEx_WakeupCallback
 .text.LL_GPIO_Init
                0x000000000800e7bc      0x164 ./Drivers/STM32L4xx_HAL_Driver/Src/stm32l4xx_ll_gpio.o
                0x000000000800e7bc                LL_GPIO_Init
 .text.Reset_Handler
                0x000000000800e920       0x50 ./startup_stm32l432xx.o
                0x000000000800e920                Reset_Handler
 .text.Default_Handler
                0x000000000800e970        0x2 ./startup_stm32l432xx.o
                0x000000000800e970                RTC_Alarm_IRQHandler
                0x000000000800e970                EXTI2_IRQHandler
                0x000000000800e970                DebugMon_Handler
                0x000000000800e970                TIM1_CC_IRQHandler
                0x000000000800e970                TSC_IRQHandler
                0x000000000800e970                HardFault_Handler
                0x000000000800e970                TAMP_STAMP_IRQHandler
                0x000000000800e970                PendSV_Handler
                0x000000000800e970                NMI_Handler
                0x000000000800e970                EXTI3_IRQHandler
                0x000000000800e970                LPTIM2_IRQHandler
                0x000000000800e970                I2C3_ER_IRQHandler
                0x000000000800e970                EXTI0_IRQHandler
                0x000000000800e970                CAN1_RX0_IRQHandler
                0x000000000800e970                FPU_IRQHandler
                0x000000000800e970                TIM1_UP_TIM16_IRQHandler
                0x000000000800e970                UsageFault_Handler
                0x000000000800e970                SPI1_IRQHandler
                0x000000000800e970                TIM6_DAC_IRQHandler
                0x000000000800e970                DMA2_Channel2_IRQHandler
                0x000000000800e970                ADC1_IRQHandler
                0x000000000800e970                CAN1_RX1_IRQHandler
                0x000000000800e970                DMA2_Channel1_IRQHandler
                0x000000000800e970                QUADSPI_IRQHandler
                0x000000000800e970                I2C1_EV_IRQHandler
                0x000000000800e970                DMA2_Channel4_IRQHandler
                0x000000000800e970                RCC_IRQHandler
                0x000000000800e970                TIM1_TRG_COM_IRQHandler
                0x000000000800e970                DMA1_Channel1_IRQHandler
                0x000000000800e970                Default_Handler
                0x000000000800e970                DMA2_Channel7_IRQHandler
                0x000000000800e970                EXTI15_10_IRQHandler
                0x000000000800e970                TIM7_IRQHandler
                0x000000000800e970                I2C3_EV_IRQHandler
                0x000000000800e970                USB_IRQHandler
                0x000000000800e970                EXTI9_5_IRQHandler
                0x000000000800e970                RTC_WKUP_IRQHandler
                0x000000000800e970                PVD_PVM_IRQHandler
                0x000000000800e970                MemManage_Handler
                0x000000000800e970                CAN1_TX_IRQHandler
                0x000000000800e970                SVC_Handler
                0x000000000800e970                DMA2_Channel5_IRQHandler
                0x000000000800e970                CRS_IRQHandler
                0x000000000800e970                EXTI4_IRQHandler
                0x000000000800e970                RNG_IRQHandler
                0x000000000800e970                DMA1_Channel3_IRQHandler
                0x000000000800e970                COMP_IRQHandler
                0x000000000800e970                WWDG_IRQHandler
                0x000000000800e970                LPUART1_IRQHandler
                0x000000000800e970                DMA2_Channel6_IRQHandler
                0x000000000800e970                TIM2_IRQHandler
                0x000000000800e970                EXTI1_IRQHandler
                0x000000000800e970                DMA1_Channel2_IRQHandler
                0x000000000800e970                CAN1_SCE_IRQHandler
                0x000000000800e970                FLASH_IRQHandler
                0x000000000800e970                BusFault_Handler
                0x000000000800e970                SPI3_IRQHandler
                0x000000000800e970                I2C1_ER_IRQHandler
                0x000000000800e970                SWPMI1_IRQHandler
                0x000000000800e970                LPTIM1_IRQHandler
                0x000000000800e970                SAI1_IRQHandler
                0x000000000800e970                DMA2_Channel3_IRQHandler
                0x000000000800e970                TIM1_BRK_TIM15_IRQHandler
 *fill*         0x000000000800e972        0x2 
 .text.abort    0x000000000800e974       0x10 /usr/bin/../lib/gcc/arm-none-eabi/6.3.1/../../../../arm-none-eabi/lib/thumb/v7e-m/fpv4-sp/hard/libg.a(lib_a-abort.o)
                0x000000000800e974                abort
 .text.atoi     0x000000000800e984        0x8 /usr/bin/../lib/gcc/arm-none-eabi/6.3.1/../../../../arm-none-eabi/lib/thumb/v7e-m/fpv4-sp/hard/libg.a(lib_a-atoi.o)
                0x000000000800e984                atoi
 .text.atol     0x000000000800e98c        0x8 /usr/bin/../lib/gcc/arm-none-eabi/6.3.1/../../../../arm-none-eabi/lib/thumb/v7e-m/fpv4-sp/hard/libg.a(lib_a-atol.o)
                0x000000000800e98c                atol
 .text.calloc   0x000000000800e994       0x10 /usr/bin/../lib/gcc/arm-none-eabi/6.3.1/../../../../arm-none-eabi/lib/thumb/v7e-m/fpv4-sp/hard/libg.a(lib_a-calloc.o)
                0x000000000800e994                calloc
 .text._calloc_r
                0x000000000800e9a4       0x60 /usr/bin/../lib/gcc/arm-none-eabi/6.3.1/../../../../arm-none-eabi/lib/thumb/v7e-m/fpv4-sp/hard/libg.a(lib_a-callocr.o)
                0x000000000800e9a4                _calloc_r
 .text.__libc_init_array
                0x000000000800ea04       0x50 /usr/bin/../lib/gcc/arm-none-eabi/6.3.1/../../../../arm-none-eabi/lib/thumb/v7e-m/fpv4-sp/hard/libg.a(lib_a-init.o)
                0x000000000800ea04                __libc_init_array
 .text.malloc   0x000000000800ea54       0x10 /usr/bin/../lib/gcc/arm-none-eabi/6.3.1/../../../../arm-none-eabi/lib/thumb/v7e-m/fpv4-sp/hard/libg.a(lib_a-malloc.o)
                0x000000000800ea54                malloc
 .text.free     0x000000000800ea64       0x10 /usr/bin/../lib/gcc/arm-none-eabi/6.3.1/../../../../arm-none-eabi/lib/thumb/v7e-m/fpv4-sp/hard/libg.a(lib_a-malloc.o)
                0x000000000800ea64                free
 .text._malloc_r
                0x000000000800ea74      0x560 /usr/bin/../lib/gcc/arm-none-eabi/6.3.1/../../../../arm-none-eabi/lib/thumb/v7e-m/fpv4-sp/hard/libg.a(lib_a-mallocr.o)
                0x000000000800ea74                _malloc_r
 .text.memset   0x000000000800efd4       0x9c /usr/bin/../lib/gcc/arm-none-eabi/6.3.1/../../../../arm-none-eabi/lib/thumb/v7e-m/fpv4-sp/hard/libg.a(lib_a-memset.o)
                0x000000000800efd4                memset
 .text.__malloc_lock
                0x000000000800f070        0xc /usr/bin/../lib/gcc/arm-none-eabi/6.3.1/../../../../arm-none-eabi/lib/thumb/v7e-m/fpv4-sp/hard/libg.a(lib_a-mlock.o)
                0x000000000800f070                __malloc_lock
 .text.__malloc_unlock
                0x000000000800f07c        0xc /usr/bin/../lib/gcc/arm-none-eabi/6.3.1/../../../../arm-none-eabi/lib/thumb/v7e-m/fpv4-sp/hard/libg.a(lib_a-mlock.o)
                0x000000000800f07c                __malloc_unlock
 .text._sbrk_r  0x000000000800f088       0x24 /usr/bin/../lib/gcc/arm-none-eabi/6.3.1/../../../../arm-none-eabi/lib/thumb/v7e-m/fpv4-sp/hard/libg.a(lib_a-sbrkr.o)
                0x000000000800f088                _sbrk_r
 .text._raise_r
                0x000000000800f0ac       0x60 /usr/bin/../lib/gcc/arm-none-eabi/6.3.1/../../../../arm-none-eabi/lib/thumb/v7e-m/fpv4-sp/hard/libg.a(lib_a-signal.o)
                0x000000000800f0ac                _raise_r
 .text.raise    0x000000000800f10c       0x10 /usr/bin/../lib/gcc/arm-none-eabi/6.3.1/../../../../arm-none-eabi/lib/thumb/v7e-m/fpv4-sp/hard/libg.a(lib_a-signal.o)
                0x000000000800f10c                raise
 .text._kill_r  0x000000000800f11c       0x28 /usr/bin/../lib/gcc/arm-none-eabi/6.3.1/../../../../arm-none-eabi/lib/thumb/v7e-m/fpv4-sp/hard/libg.a(lib_a-signalr.o)
                0x000000000800f11c                _kill_r
 .text._getpid_r
                0x000000000800f144        0x4 /usr/bin/../lib/gcc/arm-none-eabi/6.3.1/../../../../arm-none-eabi/lib/thumb/v7e-m/fpv4-sp/hard/libg.a(lib_a-signalr.o)
                0x000000000800f144                _getpid_r
 .text.siprintf
                0x000000000800f148       0x4c /usr/bin/../lib/gcc/arm-none-eabi/6.3.1/../../../../arm-none-eabi/lib/thumb/v7e-m/fpv4-sp/hard/libg.a(lib_a-siprintf.o)
                0x000000000800f148                siprintf
 .text.siscanf  0x000000000800f194       0x58 /usr/bin/../lib/gcc/arm-none-eabi/6.3.1/../../../../arm-none-eabi/lib/thumb/v7e-m/fpv4-sp/hard/libg.a(lib_a-siscanf.o)
                0x000000000800f194                siscanf
 .text.sniprintf
                0x000000000800f1ec       0x98 /usr/bin/../lib/gcc/arm-none-eabi/6.3.1/../../../../arm-none-eabi/lib/thumb/v7e-m/fpv4-sp/hard/libg.a(lib_a-sniprintf.o)
                0x000000000800f1ec                sniprintf
 .text.__seofread
                0x000000000800f284        0x4 /usr/bin/../lib/gcc/arm-none-eabi/6.3.1/../../../../arm-none-eabi/lib/thumb/v7e-m/fpv4-sp/hard/libg.a(lib_a-stdio.o)
                0x000000000800f284                __seofread
 .text.strncasecmp
                0x000000000800f288       0x60 /usr/bin/../lib/gcc/arm-none-eabi/6.3.1/../../../../arm-none-eabi/lib/thumb/v7e-m/fpv4-sp/hard/libg.a(lib_a-strncasecmp.o)
                0x000000000800f288                strncasecmp
 .text.strncmp  0x000000000800f2e8       0xa4 /usr/bin/../lib/gcc/arm-none-eabi/6.3.1/../../../../arm-none-eabi/lib/thumb/v7e-m/fpv4-sp/hard/libg.a(lib_a-strncmp.o)
                0x000000000800f2e8                strncmp
 .text.strncpy  0x000000000800f38c       0x64 /usr/bin/../lib/gcc/arm-none-eabi/6.3.1/../../../../arm-none-eabi/lib/thumb/v7e-m/fpv4-sp/hard/libg.a(lib_a-strncpy.o)
                0x000000000800f38c                strncpy
 .text.strtok   0x000000000800f3f0       0x10 /usr/bin/../lib/gcc/arm-none-eabi/6.3.1/../../../../arm-none-eabi/lib/thumb/v7e-m/fpv4-sp/hard/libg.a(lib_a-strtok.o)
                0x000000000800f3f0                strtok
 .text.__strtok_r
                0x000000000800f400       0x64 /usr/bin/../lib/gcc/arm-none-eabi/6.3.1/../../../../arm-none-eabi/lib/thumb/v7e-m/fpv4-sp/hard/libg.a(lib_a-strtok_r.o)
                0x000000000800f400                __strtok_r
 .text._strtol_l.isra.0
                0x000000000800f464      0x128 /usr/bin/../lib/gcc/arm-none-eabi/6.3.1/../../../../arm-none-eabi/lib/thumb/v7e-m/fpv4-sp/hard/libg.a(lib_a-strtol.o)
 .text._strtol_r
                0x000000000800f58c       0x24 /usr/bin/../lib/gcc/arm-none-eabi/6.3.1/../../../../arm-none-eabi/lib/thumb/v7e-m/fpv4-sp/hard/libg.a(lib_a-strtol.o)
                0x000000000800f58c                _strtol_r
 .text.strtol   0x000000000800f5b0       0x2c /usr/bin/../lib/gcc/arm-none-eabi/6.3.1/../../../../arm-none-eabi/lib/thumb/v7e-m/fpv4-sp/hard/libg.a(lib_a-strtol.o)
                0x000000000800f5b0                strtol
 .text._strtoul_l.isra.0
                0x000000000800f5dc      0x148 /usr/bin/../lib/gcc/arm-none-eabi/6.3.1/../../../../arm-none-eabi/lib/thumb/v7e-m/fpv4-sp/hard/libg.a(lib_a-strtoul.o)
 .text._strtoul_r
                0x000000000800f724       0x24 /usr/bin/../lib/gcc/arm-none-eabi/6.3.1/../../../../arm-none-eabi/lib/thumb/v7e-m/fpv4-sp/hard/libg.a(lib_a-strtoul.o)
                0x000000000800f724                _strtoul_r
 .text.strtoul  0x000000000800f748       0x2c /usr/bin/../lib/gcc/arm-none-eabi/6.3.1/../../../../arm-none-eabi/lib/thumb/v7e-m/fpv4-sp/hard/libg.a(lib_a-strtoul.o)
                0x000000000800f748                strtoul
 .text.__ssprint_r
                0x000000000800f774       0xfc /usr/bin/../lib/gcc/arm-none-eabi/6.3.1/../../../../arm-none-eabi/lib/thumb/v7e-m/fpv4-sp/hard/libg.a(lib_a-svfiprintf.o)
                0x000000000800f774                __ssprint_r
 .text._svfiprintf_r
                0x000000000800f870      0xa54 /usr/bin/../lib/gcc/arm-none-eabi/6.3.1/../../../../arm-none-eabi/lib/thumb/v7e-m/fpv4-sp/hard/libg.a(lib_a-svfiprintf.o)
                0x000000000800f870                _svfiprintf_r
 .text._sungetc_r
                0x00000000080102c4       0x80 /usr/bin/../lib/gcc/arm-none-eabi/6.3.1/../../../../arm-none-eabi/lib/thumb/v7e-m/fpv4-sp/hard/libg.a(lib_a-svfiscanf.o)
                0x00000000080102c4                _sungetc_r
 .text.__ssrefill_r
                0x0000000008010344       0x3c /usr/bin/../lib/gcc/arm-none-eabi/6.3.1/../../../../arm-none-eabi/lib/thumb/v7e-m/fpv4-sp/hard/libg.a(lib_a-svfiscanf.o)
                0x0000000008010344                __ssrefill_r
 .text._sfread_r
                0x0000000008010380       0x80 /usr/bin/../lib/gcc/arm-none-eabi/6.3.1/../../../../arm-none-eabi/lib/thumb/v7e-m/fpv4-sp/hard/libg.a(lib_a-svfiscanf.o)
                0x0000000008010380                _sfread_r
 .text.__ssvfiscanf_r
                0x0000000008010400      0x9a0 /usr/bin/../lib/gcc/arm-none-eabi/6.3.1/../../../../arm-none-eabi/lib/thumb/v7e-m/fpv4-sp/hard/libg.a(lib_a-svfiscanf.o)
                0x0000000008010400                __ssvfiscanf_r
 .text.__submore
                0x0000000008010da0       0x78 /usr/bin/../lib/gcc/arm-none-eabi/6.3.1/../../../../arm-none-eabi/lib/thumb/v7e-m/fpv4-sp/hard/libg.a(lib_a-ungetc.o)
                0x0000000008010da0                __submore
 .text._vasiprintf_r
                0x0000000008010e18       0x38 /usr/bin/../lib/gcc/arm-none-eabi/6.3.1/../../../../arm-none-eabi/lib/thumb/v7e-m/fpv4-sp/hard/libg.a(lib_a-vasiprintf.o)
                0x0000000008010e18                _vasiprintf_r
 .text.vasiprintf
                0x0000000008010e50       0x18 /usr/bin/../lib/gcc/arm-none-eabi/6.3.1/../../../../arm-none-eabi/lib/thumb/v7e-m/fpv4-sp/hard/libg.a(lib_a-vasiprintf.o)
                0x0000000008010e50                vasiprintf
 .text.startup.register_fini
                0x0000000008010e68       0x14 /usr/bin/../lib/gcc/arm-none-eabi/6.3.1/../../../../arm-none-eabi/lib/thumb/v7e-m/fpv4-sp/hard/libg.a(lib_a-__call_atexit.o)
 .text.atexit   0x0000000008010e7c        0xc /usr/bin/../lib/gcc/arm-none-eabi/6.3.1/../../../../arm-none-eabi/lib/thumb/v7e-m/fpv4-sp/hard/libg.a(lib_a-atexit.o)
                0x0000000008010e7c                atexit
 .text.__libc_fini_array
                0x0000000008010e88       0x34 /usr/bin/../lib/gcc/arm-none-eabi/6.3.1/../../../../arm-none-eabi/lib/thumb/v7e-m/fpv4-sp/hard/libg.a(lib_a-fini.o)
                0x0000000008010e88                __libc_fini_array
 .text._malloc_trim_r
                0x0000000008010ebc       0xa0 /usr/bin/../lib/gcc/arm-none-eabi/6.3.1/../../../../arm-none-eabi/lib/thumb/v7e-m/fpv4-sp/hard/libg.a(lib_a-freer.o)
                0x0000000008010ebc                _malloc_trim_r
 .text._free_r  0x0000000008010f5c      0x1cc /usr/bin/../lib/gcc/arm-none-eabi/6.3.1/../../../../arm-none-eabi/lib/thumb/v7e-m/fpv4-sp/hard/libg.a(lib_a-freer.o)
                0x0000000008010f5c                _free_r
 .text.iswspace
                0x0000000008011128       0x1c /usr/bin/../lib/gcc/arm-none-eabi/6.3.1/../../../../arm-none-eabi/lib/thumb/v7e-m/fpv4-sp/hard/libg.a(lib_a-iswspace.o)
                0x0000000008011128                iswspace
 .text.__locale_mb_cur_max
                0x0000000008011144       0x1c /usr/bin/../lib/gcc/arm-none-eabi/6.3.1/../../../../arm-none-eabi/lib/thumb/v7e-m/fpv4-sp/hard/libg.a(lib_a-locale.o)
                0x0000000008011144                __locale_mb_cur_max
 .text.__locale_ctype_ptr_l
                0x0000000008011160        0x8 /usr/bin/../lib/gcc/arm-none-eabi/6.3.1/../../../../arm-none-eabi/lib/thumb/v7e-m/fpv4-sp/hard/libg.a(lib_a-locale.o)
                0x0000000008011160                __locale_ctype_ptr_l
 .text.__locale_ctype_ptr
                0x0000000008011168       0x1c /usr/bin/../lib/gcc/arm-none-eabi/6.3.1/../../../../arm-none-eabi/lib/thumb/v7e-m/fpv4-sp/hard/libg.a(lib_a-locale.o)
                0x0000000008011168                __locale_ctype_ptr
 .text.__retarget_lock_acquire_recursive
                0x0000000008011184        0x4 /usr/bin/../lib/gcc/arm-none-eabi/6.3.1/../../../../arm-none-eabi/lib/thumb/v7e-m/fpv4-sp/hard/libg.a(lib_a-lock.o)
                0x0000000008011184                __retarget_lock_acquire_recursive
 .text.__retarget_lock_release_recursive
                0x0000000008011188        0x4 /usr/bin/../lib/gcc/arm-none-eabi/6.3.1/../../../../arm-none-eabi/lib/thumb/v7e-m/fpv4-sp/hard/libg.a(lib_a-lock.o)
                0x0000000008011188                __retarget_lock_release_recursive
 .text._mbrtowc_r
                0x000000000801118c       0x5c /usr/bin/../lib/gcc/arm-none-eabi/6.3.1/../../../../arm-none-eabi/lib/thumb/v7e-m/fpv4-sp/hard/libg.a(lib_a-mbrtowc.o)
                0x000000000801118c                _mbrtowc_r
 .text.__ascii_mbtowc
                0x00000000080111e8       0x2c /usr/bin/../lib/gcc/arm-none-eabi/6.3.1/../../../../arm-none-eabi/lib/thumb/v7e-m/fpv4-sp/hard/libg.a(lib_a-mbtowc_r.o)
                0x00000000080111e8                __ascii_mbtowc
 .text.memmove  0x0000000008011214       0xc8 /usr/bin/../lib/gcc/arm-none-eabi/6.3.1/../../../../arm-none-eabi/lib/thumb/v7e-m/fpv4-sp/hard/libg.a(lib_a-memmove.o)
                0x0000000008011214                memmove
 .text._realloc_r
                0x00000000080112dc      0x34c /usr/bin/../lib/gcc/arm-none-eabi/6.3.1/../../../../arm-none-eabi/lib/thumb/v7e-m/fpv4-sp/hard/libg.a(lib_a-reallocr.o)
                0x00000000080112dc                _realloc_r
 .text.__sccl   0x0000000008011628       0x74 /usr/bin/../lib/gcc/arm-none-eabi/6.3.1/../../../../arm-none-eabi/lib/thumb/v7e-m/fpv4-sp/hard/libg.a(lib_a-sccl.o)
                0x0000000008011628                __sccl
 .text._strtoll_l.isra.0
                0x000000000801169c      0x19c /usr/bin/../lib/gcc/arm-none-eabi/6.3.1/../../../../arm-none-eabi/lib/thumb/v7e-m/fpv4-sp/hard/libg.a(lib_a-strtoll.o)
 .text._strtoll_r
                0x0000000008011838       0x24 /usr/bin/../lib/gcc/arm-none-eabi/6.3.1/../../../../arm-none-eabi/lib/thumb/v7e-m/fpv4-sp/hard/libg.a(lib_a-strtoll.o)
                0x0000000008011838                _strtoll_r
 .text._strtoull_l.isra.0
                0x000000000801185c      0x1bc /usr/bin/../lib/gcc/arm-none-eabi/6.3.1/../../../../arm-none-eabi/lib/thumb/v7e-m/fpv4-sp/hard/libg.a(lib_a-strtoull.o)
 .text._strtoull_r
                0x0000000008011a18       0x24 /usr/bin/../lib/gcc/arm-none-eabi/6.3.1/../../../../arm-none-eabi/lib/thumb/v7e-m/fpv4-sp/hard/libg.a(lib_a-strtoull.o)
                0x0000000008011a18                _strtoull_r
 .text.__ascii_wctomb
                0x0000000008011a3c       0x1c /usr/bin/../lib/gcc/arm-none-eabi/6.3.1/../../../../arm-none-eabi/lib/thumb/v7e-m/fpv4-sp/hard/libg.a(lib_a-wctomb_r.o)
                0x0000000008011a3c                __ascii_wctomb
 .text.__register_exitproc
                0x0000000008011a58       0xc4 /usr/bin/../lib/gcc/arm-none-eabi/6.3.1/../../../../arm-none-eabi/lib/thumb/v7e-m/fpv4-sp/hard/libg.a(lib_a-__atexit.o)
                0x0000000008011a58                __register_exitproc
 *(.glue_7)
 .glue_7        0x0000000008011b1c        0x0 linker stubs
 *(.glue_7t)
 .glue_7t       0x0000000008011b1c        0x0 linker stubs
 *(.eh_frame)
 .eh_frame      0x0000000008011b1c        0x0 /usr/bin/../lib/gcc/arm-none-eabi/6.3.1/thumb/v7e-m/fpv4-sp/hard/crtbegin.o
 *(.init)
 .init          0x0000000008011b1c        0x4 /usr/bin/../lib/gcc/arm-none-eabi/6.3.1/thumb/v7e-m/fpv4-sp/hard/crti.o
                0x0000000008011b1c                _init
 .init          0x0000000008011b20        0x8 /usr/bin/../lib/gcc/arm-none-eabi/6.3.1/thumb/v7e-m/fpv4-sp/hard/crtn.o
 *(.fini)
 .fini          0x0000000008011b28        0x4 /usr/bin/../lib/gcc/arm-none-eabi/6.3.1/thumb/v7e-m/fpv4-sp/hard/crti.o
                0x0000000008011b28                _fini
 .fini          0x0000000008011b2c        0x8 /usr/bin/../lib/gcc/arm-none-eabi/6.3.1/thumb/v7e-m/fpv4-sp/hard/crtn.o
                0x0000000008011b38                . = ALIGN (0x8)
 *fill*         0x0000000008011b34        0x4 
                0x0000000008011b38                _etext = .

.vfp11_veneer   0x0000000008011b38        0x0
 .vfp11_veneer  0x0000000008011b38        0x0 linker stubs

.v4_bx          0x0000000008011b38        0x0
 .v4_bx         0x0000000008011b38        0x0 linker stubs

.iplt           0x0000000008011b38        0x0
 .iplt          0x0000000008011b38        0x0 /usr/bin/../lib/gcc/arm-none-eabi/6.3.1/thumb/v7e-m/fpv4-sp/hard/crtbegin.o

.rodata         0x0000000008011b38     0x3b78
                0x0000000008011b38                . = ALIGN (0x8)
 *(.rodata)
 .rodata        0x0000000008011b38       0x44 ./Src/blueProbe/target/cortexm.o
 .rodata        0x0000000008011b7c       0x24 ./Src/blueProbe/target/stm32l4.o
 *(.rodata*)
 .rodata.pidr_pn_bits
                0x0000000008011ba0       0xb0 ./Src/blueProbe/target/adiv5.o
 .rodata.adiv5_jtagdp_low_access.str1.4
                0x0000000008011c50       0x28 ./Src/blueProbe/target/adiv5_jtagdp.o
 .rodata.adiv5_swdp_low_access.str1.4
                0x0000000008011c78       0x3a ./Src/blueProbe/target/adiv5_swdp.o
 *fill*         0x0000000008011cb2        0x2 
 .rodata.cortexa_driver_str
                0x0000000008011cb4        0xd ./Src/blueProbe/target/cortexa.o
 *fill*         0x0000000008011cc1        0x3 
 .rodata.cortexa_halt_request.str1.4
                0x0000000008011cc4       0x2e ./Src/blueProbe/target/cortexa.o
 *fill*         0x0000000008011cf2        0x2 
 .rodata.tdesc_cortex_a
                0x0000000008011cf4      0x648 ./Src/blueProbe/target/cortexa.o
 .rodata.CSWTCH.30
                0x000000000801233c       0x10 ./Src/blueProbe/target/cortexm.o
 .rodata.cortexm_cmd_list
                0x000000000801234c       0x18 ./Src/blueProbe/target/cortexm.o
                0x000000000801234c                cortexm_cmd_list
 .rodata.cortexm_driver_str
                0x0000000008012364        0xd ./Src/blueProbe/target/cortexm.o
 *fill*         0x0000000008012371        0x3 
 .rodata.cortexm_halt_poll.str1.4
                0x0000000008012374        0x4 ./Src/blueProbe/target/cortexm.o
 .rodata.cortexm_halt_request.str1.4
                0x0000000008012378       0x2e ./Src/blueProbe/target/cortexm.o
 .rodata.cortexm_run_stub.str1.4
                0x0000000008012378       0x14 ./Src/blueProbe/target/cortexm.o
 .rodata.cortexm_vector_catch.str1.4
                0x000000000801238c       0x6c ./Src/blueProbe/target/cortexm.o
                                         0x6e (size before relaxing)
 .rodata.regnum_cortex_m
                0x00000000080123f8       0x50 ./Src/blueProbe/target/cortexm.o
 .rodata.regnum_cortex_mf
                0x0000000008012448       0x84 ./Src/blueProbe/target/cortexm.o
 .rodata.str1.4
                0x00000000080124cc       0x58 ./Src/blueProbe/target/cortexm.o
 .rodata.tdesc_cortex_m
                0x0000000008012524      0x3d0 ./Src/blueProbe/target/cortexm.o
 .rodata.tdesc_cortex_mf
                0x00000000080128f4      0x70c ./Src/blueProbe/target/cortexm.o
 .rodata.efm32_cmd_erase_all.str1.4
                0x0000000008013000       0x13 ./Src/blueProbe/target/efm32.o
 *fill*         0x0000000008013013        0x1 
 .rodata.efm32_cmd_list
                0x0000000008013014       0x24 ./Src/blueProbe/target/efm32.o
                0x0000000008013014                efm32_cmd_list
 .rodata.efm32_cmd_serial.str1.4
                0x0000000008013038       0x1a ./Src/blueProbe/target/efm32.o
 *fill*         0x0000000008013052        0x2 
 .rodata.efm32_flash_write_stub
                0x0000000008013054       0x60 ./Src/blueProbe/target/efm32.o
 .rodata.efm32_probe.str1.4
                0x00000000080130b4       0xe6 ./Src/blueProbe/target/efm32.o
 *fill*         0x000000000801319a        0x2 
 .rodata.str1.4
                0x000000000801319c       0x45 ./Src/blueProbe/target/efm32.o
 *fill*         0x00000000080131e1        0x3 
 .rodata.jtag_scan.str1.4
                0x00000000080131e4      0x209 ./Src/blueProbe/target/jtag_scan.o
 *fill*         0x00000000080133ed        0x3 
 .rodata.ones   0x00000000080133f0        0x9 ./Src/blueProbe/target/jtag_scan.o
 *fill*         0x00000000080133f9        0x3 
 .rodata.kinetis_cmd_list
                0x00000000080133fc       0x18 ./Src/blueProbe/target/kinetis.o
                0x00000000080133fc                kinetis_cmd_list
 .rodata.kinetis_cmd_unsafe.str1.4
                0x0000000008013414       0x39 ./Src/blueProbe/target/kinetis.o
 *fill*         0x000000000801344d        0x3 
 .rodata.kinetis_mdm_cmd_erase_mass.str1.4
                0x0000000008013450       0xbd ./Src/blueProbe/target/kinetis.o
 *fill*         0x000000000801350d        0x3 
 .rodata.kinetis_mdm_cmd_list
                0x0000000008013510       0x18 ./Src/blueProbe/target/kinetis.o
                0x0000000008013510                kinetis_mdm_cmd_list
 .rodata.kinetis_mdm_probe.str1.4
                0x0000000008013528       0x1a ./Src/blueProbe/target/kinetis.o
 *fill*         0x0000000008013542        0x2 
 .rodata.kinetis_probe.str1.4
                0x0000000008013544       0x35 ./Src/blueProbe/target/kinetis.o
 *fill*         0x0000000008013579        0x3 
 .rodata.str1.4
                0x000000000801357c       0x39 ./Src/blueProbe/target/kinetis.o
                                         0x61 (size before relaxing)
 *fill*         0x00000000080135b5        0x3 
 .rodata.lmi_driver_str
                0x00000000080135b8       0x12 ./Src/blueProbe/target/lmi.o
 *fill*         0x00000000080135ca        0x2 
 .rodata.lmi_flash_write_stub
                0x00000000080135cc       0x40 ./Src/blueProbe/target/lmi.o
 .rodata.lpc11xx_probe.str1.4
                0x000000000801360c       0x1f ./Src/blueProbe/target/lpc11xx.o
 *fill*         0x000000000801362b        0x1 
 .rodata.lpc15xx_probe.str1.4
                0x000000000801362c        0x8 ./Src/blueProbe/target/lpc15xx.o
 .rodata.lpc43xx_cmd_erase.str1.4
                0x0000000008013634        0xb ./Src/blueProbe/target/lpc43xx.o
 *fill*         0x000000000801363f        0x1 
 .rodata.lpc43xx_cmd_list
                0x0000000008013640       0x30 ./Src/blueProbe/target/lpc43xx.o
                0x0000000008013640                lpc43xx_cmd_list
 .rodata.lpc43xx_cmd_mkboot.str1.4
                0x0000000008013670       0x76 ./Src/blueProbe/target/lpc43xx.o
 *fill*         0x00000000080136e6        0x2 
 .rodata.lpc43xx_probe.str1.4
                0x00000000080136e8       0x42 ./Src/blueProbe/target/lpc43xx.o
 *fill*         0x000000000801372a        0x2 
 .rodata.reset_val.12804
                0x000000000801372c        0x4 ./Src/blueProbe/target/lpc43xx.o
 .rodata.str1.4
                0x0000000008013730       0x31 ./Src/blueProbe/target/lpc43xx.o
                                         0x61 (size before relaxing)
 *fill*         0x0000000008013761        0x3 
 .rodata.nrf51_cmd_erase_all.str1.4
                0x0000000008013764        0x9 ./Src/blueProbe/target/nrf51.o
 *fill*         0x000000000801376d        0x3 
 .rodata.nrf51_cmd_list
                0x0000000008013770       0x24 ./Src/blueProbe/target/nrf51.o
                0x0000000008013770                nrf51_cmd_list
 .rodata.nrf51_cmd_read_deviceaddr.str1.4
                0x0000000008013794       0x4f ./Src/blueProbe/target/nrf51.o
 *fill*         0x00000000080137e3        0x1 
 .rodata.nrf51_cmd_read_deviceid.str1.4
                0x00000000080137e4       0x17 ./Src/blueProbe/target/nrf51.o
 *fill*         0x00000000080137fb        0x1 
 .rodata.nrf51_cmd_read_fwid.str1.4
                0x00000000080137fc       0x15 ./Src/blueProbe/target/nrf51.o
 *fill*         0x0000000008013811        0x3 
 .rodata.nrf51_cmd_read_help.str1.4
                0x0000000008013814       0x23 ./Src/blueProbe/target/nrf51.o
 *fill*         0x0000000008013837        0x1 
 .rodata.nrf51_cmd_read_hwid.str1.4
                0x0000000008013838       0x15 ./Src/blueProbe/target/nrf51.o
 *fill*         0x000000000801384d        0x3 
 .rodata.nrf51_flash_write_stub
                0x0000000008013850       0x24 ./Src/blueProbe/target/nrf51.o
 .rodata.nrf51_probe.str1.4
                0x0000000008013874       0x2e ./Src/blueProbe/target/nrf51.o
 *fill*         0x00000000080138a2        0x2 
 .rodata.nrf51_read_cmd_list
                0x00000000080138a4       0x48 ./Src/blueProbe/target/nrf51.o
                0x00000000080138a4                nrf51_read_cmd_list
 .rodata.str1.4
                0x00000000080138ec       0xd3 ./Src/blueProbe/target/nrf51.o
                                         0xfb (size before relaxing)
 *fill*         0x00000000080139bf        0x1 
 .rodata.sam3x_cmd_gpnvm_get.str1.4
                0x00000000080139c0       0x27 ./Src/blueProbe/target/sam3x.o
 *fill*         0x00000000080139e7        0x1 
 .rodata.sam3x_cmd_gpnvm_set.str1.4
                0x00000000080139e8       0x26 ./Src/blueProbe/target/sam3x.o
 *fill*         0x0000000008013a0e        0x2 
 .rodata.sam3x_cmd_list
                0x0000000008013a10       0x24 ./Src/blueProbe/target/sam3x.o
                0x0000000008013a10                sam3x_cmd_list
 .rodata.sam3x_probe.str1.4
                0x0000000008013a34       0x3a ./Src/blueProbe/target/sam3x.o
 *fill*         0x0000000008013a6e        0x2 
 .rodata.str1.4
                0x0000000008013a70       0x36 ./Src/blueProbe/target/sam3x.o
 *fill*         0x0000000008013aa6        0x2 
 .rodata.__nvp_size
                0x0000000008013aa8       0x40 ./Src/blueProbe/target/sam4l.o
 .rodata.__ram_size
                0x0000000008013ae8       0x40 ./Src/blueProbe/target/sam4l.o
 .rodata.sam4l_probe.str1.4
                0x0000000008013b28        0xc ./Src/blueProbe/target/sam4l.o
 .rodata.samd_cmd_erase_all.str1.4
                0x0000000008013b34       0x3b ./Src/blueProbe/target/samd.o
                                         0x4f (size before relaxing)
 *fill*         0x0000000008013b6f        0x1 
 .rodata.samd_cmd_list
                0x0000000008013b70       0x60 ./Src/blueProbe/target/samd.o
                0x0000000008013b70                samd_cmd_list
 .rodata.samd_cmd_mbist.str1.4
                0x0000000008013bd0       0x4f ./Src/blueProbe/target/samd.o
 *fill*         0x0000000008013c1f        0x1 
 .rodata.samd_cmd_read_userrow.str1.4
                0x0000000008013c20       0x16 ./Src/blueProbe/target/samd.o
 *fill*         0x0000000008013c36        0x2 
 .rodata.samd_cmd_serial.str1.4
                0x0000000008013c38       0x19 ./Src/blueProbe/target/samd.o
                                         0x1e (size before relaxing)
 *fill*         0x0000000008013c51        0x3 
 .rodata.samd_cmd_ssb.str1.4
                0x0000000008013c54       0x52 ./Src/blueProbe/target/samd.o
 *fill*         0x0000000008013ca6        0x2 
 .rodata.samd_probe.str1.4
                0x0000000008013ca8       0x4d ./Src/blueProbe/target/samd.o
 *fill*         0x0000000008013cf5        0x3 
 .rodata.str1.4
                0x0000000008013cf8       0xe6 ./Src/blueProbe/target/samd.o
                                        0x116 (size before relaxing)
 *fill*         0x0000000008013dde        0x2 
 .rodata.stm32f1_cmd_list
                0x0000000008013de0       0x24 ./Src/blueProbe/target/stm32f1.o
                0x0000000008013de0                stm32f1_cmd_list
 .rodata.stm32f1_cmd_option.str1.4
                0x0000000008013e04       0xb8 ./Src/blueProbe/target/stm32f1.o
 .rodata.stm32f1_flash_write_stub
                0x0000000008013ebc       0x30 ./Src/blueProbe/target/stm32f1.o
 .rodata.stm32f1_probe.str1.4
                0x0000000008013eec       0xa0 ./Src/blueProbe/target/stm32f1.o
 .rodata.str1.4
                0x0000000008013f8c       0x20 ./Src/blueProbe/target/stm32f1.o
                                         0x48 (size before relaxing)
 .rodata.stm32f4_cmd_erase_mass.str1.4
                0x0000000008013fac       0x39 ./Src/blueProbe/target/stm32f4.o
                                         0x3d (size before relaxing)
 *fill*         0x0000000008013fe5        0x3 
 .rodata.stm32f4_cmd_list
                0x0000000008013fe8       0x30 ./Src/blueProbe/target/stm32f4.o
                0x0000000008013fe8                stm32f4_cmd_list
 .rodata.stm32f4_cmd_option.str1.4
                0x0000000008014018       0x7e ./Src/blueProbe/target/stm32f4.o
                                         0xa6 (size before relaxing)
 *fill*         0x0000000008014096        0x2 
 .rodata.stm32f4_cmd_psize.str1.4
                0x0000000008014098       0x3f ./Src/blueProbe/target/stm32f4.o
                                         0x47 (size before relaxing)
 *fill*         0x00000000080140d7        0x1 
 .rodata.stm32f4_flash_write_x32_stub
                0x00000000080140d8       0x38 ./Src/blueProbe/target/stm32f4.o
 .rodata.stm32f4_flash_write_x8_stub
                0x0000000008014110       0x34 ./Src/blueProbe/target/stm32f4.o
 .rodata.stm32f4_probe.str1.4
                0x0000000008014144       0x96 ./Src/blueProbe/target/stm32f4.o
 *fill*         0x00000000080141da        0x2 
 .rodata.str1.4
                0x00000000080141dc       0x3d ./Src/blueProbe/target/stm32f4.o
                                         0x85 (size before relaxing)
 *fill*         0x0000000008014219        0x3 
 .rodata.stm32l0_probe.str1.4
                0x000000000801421c       0x15 ./Src/blueProbe/target/stm32l0.o
 *fill*         0x0000000008014231        0x3 
 .rodata.stm32lx_cmd_eeprom.str1.4
                0x0000000008014234      0x191 ./Src/blueProbe/target/stm32l0.o
                                        0x199 (size before relaxing)
 *fill*         0x00000000080143c5        0x3 
 .rodata.stm32lx_cmd_list
                0x00000000080143c8       0x24 ./Src/blueProbe/target/stm32l0.o
 .rodata.stm32lx_cmd_option.str1.4
                0x00000000080143ec      0x283 ./Src/blueProbe/target/stm32l0.o
                                        0x28b (size before relaxing)
 *fill*         0x000000000801466f        0x1 
 .rodata.str1.4
                0x0000000008014670       0x2b ./Src/blueProbe/target/stm32l0.o
                                         0x4b (size before relaxing)
 *fill*         0x000000000801469b        0x1 
 .rodata.i2offset
                0x000000000801469c        0x9 ./Src/blueProbe/target/stm32l4.o
 .rodata.stm32l4_cmd_erase.str1.4
                0x00000000080146a5       0x3d ./Src/blueProbe/target/stm32l4.o
 *fill*         0x00000000080146a5        0x3 
 .rodata.stm32l4_cmd_list
                0x00000000080146a8       0x3c ./Src/blueProbe/target/stm32l4.o
                0x00000000080146a8                stm32l4_cmd_list
 .rodata.stm32l4_cmd_option.str1.4
                0x00000000080146e4       0x80 ./Src/blueProbe/target/stm32l4.o
                                         0xb0 (size before relaxing)
 .rodata.stm32l4_driver_str
                0x0000000008014764        0xa ./Src/blueProbe/target/stm32l4.o
 *fill*         0x000000000801476e        0x2 
 .rodata.stm32l4_flash_write_stub
                0x0000000008014770       0x64 ./Src/blueProbe/target/stm32l4.o
 .rodata.stm32l4_probe.str1.4
                0x00000000080147d4       0x1c ./Src/blueProbe/target/stm32l4.o
 .rodata.str1.4
                0x00000000080147f0       0x58 ./Src/blueProbe/target/stm32l4.o
                                         0xa0 (size before relaxing)
 .rodata.target_mem_map.str1.4
                0x0000000008014848       0xc2 ./Src/blueProbe/target/target.o
 .rodata.target_tdesc.str1.4
                0x000000000801490a       0xc2 ./Src/blueProbe/target/target.o