Archive member included to satisfy reference by file (symbol)

/usr/bin/../lib/gcc/arm-none-eabi/6.3.1/thumb/v7e-m/fpv4-sp/hard/libgcc.a(_aeabi_uldivmod.o)
                              ./Drivers/STM32L4xx_HAL_Driver/Src/stm32l4xx_hal_uart.o (__aeabi_uldivmod)
/usr/bin/../lib/gcc/arm-none-eabi/6.3.1/thumb/v7e-m/fpv4-sp/hard/libgcc.a(_udivmoddi4.o)
                              /usr/bin/../lib/gcc/arm-none-eabi/6.3.1/thumb/v7e-m/fpv4-sp/hard/libgcc.a(_aeabi_uldivmod.o) (__udivmoddi4)
/usr/bin/../lib/gcc/arm-none-eabi/6.3.1/thumb/v7e-m/fpv4-sp/hard/libgcc.a(_dvmd_tls.o)
                              /usr/bin/../lib/gcc/arm-none-eabi/6.3.1/thumb/v7e-m/fpv4-sp/hard/libgcc.a(_aeabi_uldivmod.o) (__aeabi_ldiv0)
/usr/bin/../lib/gcc/arm-none-eabi/6.3.1/../../../../arm-none-eabi/lib/thumb/v7e-m/fpv4-sp/hard/libg.a(lib_a-abort.o)
                              ./Src/blueProbe/exception.o (abort)
/usr/bin/../lib/gcc/arm-none-eabi/6.3.1/../../../../arm-none-eabi/lib/thumb/v7e-m/fpv4-sp/hard/libg.a(lib_a-atoi.o)
                              ./Src/blueProbe/command.o (atoi)
/usr/bin/../lib/gcc/arm-none-eabi/6.3.1/../../../../arm-none-eabi/lib/thumb/v7e-m/fpv4-sp/hard/libg.a(lib_a-atol.o)
                              ./Src/blueProbe/target/sam3x.o (atol)
/usr/bin/../lib/gcc/arm-none-eabi/6.3.1/../../../../arm-none-eabi/lib/thumb/v7e-m/fpv4-sp/hard/libg.a(lib_a-calloc.o)
                              ./Src/blueProbe/target/adiv5_jtagdp.o (calloc)
/usr/bin/../lib/gcc/arm-none-eabi/6.3.1/../../../../arm-none-eabi/lib/thumb/v7e-m/fpv4-sp/hard/libg.a(lib_a-callocr.o)
                              /usr/bin/../lib/gcc/arm-none-eabi/6.3.1/../../../../arm-none-eabi/lib/thumb/v7e-m/fpv4-sp/hard/libg.a(lib_a-calloc.o) (_calloc_r)
/usr/bin/../lib/gcc/arm-none-eabi/6.3.1/../../../../arm-none-eabi/lib/thumb/v7e-m/fpv4-sp/hard/libg.a(lib_a-exit.o)
                              /usr/bin/../lib/gcc/arm-none-eabi/6.3.1/../../../../arm-none-eabi/lib/thumb/v7e-m/fpv4-sp/hard/crt0.o (exit)
/usr/bin/../lib/gcc/arm-none-eabi/6.3.1/../../../../arm-none-eabi/lib/thumb/v7e-m/fpv4-sp/hard/libg.a(lib_a-impure.o)
                              /usr/bin/../lib/gcc/arm-none-eabi/6.3.1/../../../../arm-none-eabi/lib/thumb/v7e-m/fpv4-sp/hard/libg.a(lib_a-exit.o) (_global_impure_ptr)
/usr/bin/../lib/gcc/arm-none-eabi/6.3.1/../../../../arm-none-eabi/lib/thumb/v7e-m/fpv4-sp/hard/libg.a(lib_a-init.o)
                              /usr/bin/../lib/gcc/arm-none-eabi/6.3.1/../../../../arm-none-eabi/lib/thumb/v7e-m/fpv4-sp/hard/crt0.o (__libc_init_array)
/usr/bin/../lib/gcc/arm-none-eabi/6.3.1/../../../../arm-none-eabi/lib/thumb/v7e-m/fpv4-sp/hard/libg.a(lib_a-malloc.o)
                              ./Src/blueProbe/target/adiv5.o (malloc)
/usr/bin/../lib/gcc/arm-none-eabi/6.3.1/../../../../arm-none-eabi/lib/thumb/v7e-m/fpv4-sp/hard/libg.a(lib_a-mallocr.o)
                              /usr/bin/../lib/gcc/arm-none-eabi/6.3.1/../../../../arm-none-eabi/lib/thumb/v7e-m/fpv4-sp/hard/libg.a(lib_a-callocr.o) (_malloc_r)
/usr/bin/../lib/gcc/arm-none-eabi/6.3.1/../../../../arm-none-eabi/lib/thumb/v7e-m/fpv4-sp/hard/libg.a(lib_a-memcpy.o)
                              ./Src/blueProbe/target/cortexa.o (memcpy)
/usr/bin/../lib/gcc/arm-none-eabi/6.3.1/../../../../arm-none-eabi/lib/thumb/v7e-m/fpv4-sp/hard/libg.a(lib_a-memset.o)
                              /usr/bin/../lib/gcc/arm-none-eabi/6.3.1/../../../../arm-none-eabi/lib/thumb/v7e-m/fpv4-sp/hard/crt0.o (memset)
/usr/bin/../lib/gcc/arm-none-eabi/6.3.1/../../../../arm-none-eabi/lib/thumb/v7e-m/fpv4-sp/hard/libg.a(lib_a-mlock.o)
                              /usr/bin/../lib/gcc/arm-none-eabi/6.3.1/../../../../arm-none-eabi/lib/thumb/v7e-m/fpv4-sp/hard/libg.a(lib_a-mallocr.o) (__malloc_lock)
/usr/bin/../lib/gcc/arm-none-eabi/6.3.1/../../../../arm-none-eabi/lib/thumb/v7e-m/fpv4-sp/hard/libg.a(lib_a-reent.o)
                              ./Src/syscalls.o (errno)
/usr/bin/../lib/gcc/arm-none-eabi/6.3.1/../../../../arm-none-eabi/lib/thumb/v7e-m/fpv4-sp/hard/libg.a(lib_a-sbrkr.o)
                              /usr/bin/../lib/gcc/arm-none-eabi/6.3.1/../../../../arm-none-eabi/lib/thumb/v7e-m/fpv4-sp/hard/libg.a(lib_a-mallocr.o) (_sbrk_r)
/usr/bin/../lib/gcc/arm-none-eabi/6.3.1/../../../../arm-none-eabi/lib/thumb/v7e-m/fpv4-sp/hard/libg.a(lib_a-setjmp.o)
                              ./Src/blueProbe/target/adiv5.o (setjmp)
/usr/bin/../lib/gcc/arm-none-eabi/6.3.1/../../../../arm-none-eabi/lib/thumb/v7e-m/fpv4-sp/hard/libg.a(lib_a-signal.o)
                              /usr/bin/../lib/gcc/arm-none-eabi/6.3.1/../../../../arm-none-eabi/lib/thumb/v7e-m/fpv4-sp/hard/libg.a(lib_a-abort.o) (raise)
/usr/bin/../lib/gcc/arm-none-eabi/6.3.1/../../../../arm-none-eabi/lib/thumb/v7e-m/fpv4-sp/hard/libg.a(lib_a-signalr.o)
                              /usr/bin/../lib/gcc/arm-none-eabi/6.3.1/../../../../arm-none-eabi/lib/thumb/v7e-m/fpv4-sp/hard/libg.a(lib_a-signal.o) (_kill_r)
[...]
Memory Configuration

Name             Origin             Length             Attributes
FLASH            0x0000000008000000 0x0000000000040000 xr
RAM              0x0000000020000000 0x000000000000c000 xrw
SRAM2            0x0000000010000000 0x0000000000004000 rw
*default*        0x0000000000000000 0xffffffffffffffff

Linker script and memory map

LOAD /usr/bin/../lib/gcc/arm-none-eabi/6.3.1/thumb/v7e-m/fpv4-sp/hard/crti.o
LOAD /usr/bin/../lib/gcc/arm-none-eabi/6.3.1/thumb/v7e-m/fpv4-sp/hard/crtbegin.o
LOAD /usr/bin/../lib/gcc/arm-none-eabi/6.3.1/../../../../arm-none-eabi/lib/thumb/v7e-m/fpv4-sp/hard/crt0.o
LOAD ./Src/libnrf24l01/nrf24l01.o
LOAD ./Src/libnrf24l01/nrf24l01_hw_stm32.o
LOAD ./Src/libnrf24l01/nrf24l01_regs.o
LOAD ./Src/blueProbe/target/flashstub/efm32.o
LOAD ./Src/blueProbe/target/flashstub/nrf51.o
LOAD ./Src/blueProbe/target/flashstub/stm32f1.o
LOAD ./Src/blueProbe/target/flashstub/stm32f4_x32.o
LOAD ./Src/blueProbe/target/flashstub/stm32f4_x8.o
LOAD ./Src/blueProbe/target/flashstub/stm32l4.o
LOAD ./Src/blueProbe/target/adiv5.o
LOAD ./Src/blueProbe/target/adiv5_jtagdp.o
LOAD ./Src/blueProbe/target/adiv5_swdp.o
LOAD ./Src/blueProbe/target/cortexa.o
LOAD ./Src/blueProbe/target/cortexm.o
LOAD ./Src/blueProbe/target/efm32.o
LOAD ./Src/blueProbe/target/jtag_scan.o
LOAD ./Src/blueProbe/target/jtagtap_generic.o
LOAD ./Src/blueProbe/target/kinetis.o
LOAD ./Src/blueProbe/target/lmi.o
LOAD ./Src/blueProbe/target/lpc11xx.o
LOAD ./Src/blueProbe/target/lpc15xx.o
LOAD ./Src/blueProbe/target/lpc43xx.o
LOAD ./Src/blueProbe/target/lpc_common.o
LOAD ./Src/blueProbe/target/nrf51.o
LOAD ./Src/blueProbe/target/sam3x.o
LOAD ./Src/blueProbe/target/sam4l.o
LOAD ./Src/blueProbe/target/samd.o
LOAD ./Src/blueProbe/target/stm32f1.o
LOAD ./Src/blueProbe/target/stm32f4.o
LOAD ./Src/blueProbe/target/stm32l0.o
LOAD ./Src/blueProbe/target/stm32l4.o
LOAD ./Src/blueProbe/target/swdptap_generic.o
LOAD ./Src/blueProbe/target/target.o
LOAD ./Src/blueProbe/platforms/stm32/gdb_if.o
LOAD ./Src/blueProbe/platforms/stm32/jtagtap.o
LOAD ./Src/blueProbe/platforms/stm32/serialno.o
LOAD ./Src/blueProbe/platforms/stm32/timing_stm32.o
LOAD ./Src/blueProbe/platforms/stm32/traceswo.o
LOAD ./Src/blueProbe/platforms/native/platform.o
LOAD ./Src/blueProbe/platforms/common/swdptap.o
LOAD ./Src/blueProbe/platforms/common/timing.o
LOAD ./Src/blueProbe/command.o
LOAD ./Src/blueProbe/crc32.o
LOAD ./Src/blueProbe/exception.o
LOAD ./Src/blueProbe/gdb_hostio.o
LOAD ./Src/blueProbe/gdb_main.o
LOAD ./Src/blueProbe/gdb_packet.o
LOAD ./Src/blueProbe/hex_utils.o
LOAD ./Src/blueProbe/morse.o
LOAD ./Src/adc.o
LOAD ./Src/crc.o
LOAD ./Src/dma.o
LOAD ./Src/gpio.o
LOAD ./Src/main.o
LOAD ./Src/stm32l4xx_hal_msp.o
LOAD ./Src/stm32l4xx_it.o
LOAD ./Src/syscalls.o
LOAD ./Src/system_stm32l4xx.o
LOAD ./Src/usart.o
LOAD ./Drivers/STM32L4xx_HAL_Driver/Src/stm32l4xx_hal.o
LOAD ./Drivers/STM32L4xx_HAL_Driver/Src/stm32l4xx_hal_adc.o
LOAD ./Drivers/STM32L4xx_HAL_Driver/Src/stm32l4xx_hal_adc_ex.o
LOAD ./Drivers/STM32L4xx_HAL_Driver/Src/stm32l4xx_hal_cortex.o
LOAD ./Drivers/STM32L4xx_HAL_Driver/Src/stm32l4xx_hal_crc.o
LOAD ./Drivers/STM32L4xx_HAL_Driver/Src/stm32l4xx_hal_crc_ex.o
LOAD ./Drivers/STM32L4xx_HAL_Driver/Src/stm32l4xx_hal_dma.o
LOAD ./Drivers/STM32L4xx_HAL_Driver/Src/stm32l4xx_hal_dma_ex.o
LOAD ./Drivers/STM32L4xx_HAL_Driver/Src/stm32l4xx_hal_flash.o
LOAD ./Drivers/STM32L4xx_HAL_Driver/Src/stm32l4xx_hal_flash_ex.o
LOAD ./Drivers/STM32L4xx_HAL_Driver/Src/stm32l4xx_hal_flash_ramfunc.o
LOAD ./Drivers/STM32L4xx_HAL_Driver/Src/stm32l4xx_hal_gpio.o
LOAD ./Drivers/STM32L4xx_HAL_Driver/Src/stm32l4xx_hal_i2c.o
LOAD ./Drivers/STM32L4xx_HAL_Driver/Src/stm32l4xx_hal_i2c_ex.o
LOAD ./Drivers/STM32L4xx_HAL_Driver/Src/stm32l4xx_hal_pwr.o
LOAD ./Drivers/STM32L4xx_HAL_Driver/Src/stm32l4xx_hal_pwr_ex.o
LOAD ./Drivers/STM32L4xx_HAL_Driver/Src/stm32l4xx_hal_rcc.o
LOAD ./Drivers/STM32L4xx_HAL_Driver/Src/stm32l4xx_hal_rcc_ex.o
LOAD ./Drivers/STM32L4xx_HAL_Driver/Src/stm32l4xx_hal_tim.o
LOAD ./Drivers/STM32L4xx_HAL_Driver/Src/stm32l4xx_hal_tim_ex.o
LOAD ./Drivers/STM32L4xx_HAL_Driver/Src/stm32l4xx_hal_uart.o
LOAD ./Drivers/STM32L4xx_HAL_Driver/Src/stm32l4xx_hal_uart_ex.o
LOAD ./Drivers/STM32L4xx_HAL_Driver/Src/stm32l4xx_ll_exti.o
LOAD ./Drivers/STM32L4xx_HAL_Driver/Src/stm32l4xx_ll_gpio.o
LOAD ./Drivers/STM32L4xx_HAL_Driver/Src/stm32l4xx_ll_utils.o
LOAD ./startup_stm32l432xx.o
LOAD /usr/bin/../lib/gcc/arm-none-eabi/6.3.1/../../../../arm-none-eabi/lib/thumb/v7e-m/fpv4-sp/hard/libm.a
START GROUP
LOAD /usr/bin/../lib/gcc/arm-none-eabi/6.3.1/thumb/v7e-m/fpv4-sp/hard/libgcc.a
LOAD /usr/bin/../lib/gcc/arm-none-eabi/6.3.1/../../../../arm-none-eabi/lib/thumb/v7e-m/fpv4-sp/hard/libg.a
LOAD /usr/bin/../lib/gcc/arm-none-eabi/6.3.1/../../../../arm-none-eabi/lib/thumb/v7e-m/fpv4-sp/hard/libc.a
END GROUP
LOAD /usr/bin/../lib/gcc/arm-none-eabi/6.3.1/thumb/v7e-m/fpv4-sp/hard/crtend.o
LOAD /usr/bin/../lib/gcc/arm-none-eabi/6.3.1/thumb/v7e-m/fpv4-sp/hard/crtn.o
                0x000000002000c000                _estack = 0x2000c000
                0x0000000000000200                _Min_Heap_Size = 0x200
                0x0000000000000400                _Min_Stack_Size = 0x400

.isr_vector     0x0000000008000000      0x190
                0x0000000008000000                . = ALIGN (0x8)
 *(.isr_vector)
 .isr_vector    0x0000000008000000      0x18c ./startup_stm32l432xx.o
                0x0000000008000000                g_pfnVectors
                0x0000000008000190                . = ALIGN (0x8)
 *fill*         0x000000000800018c        0x4 

.text           0x00000000080001c0     0xec30
                0x00000000080001c0                . = ALIGN (0x8)
 *(.text)
 .text          0x00000000080001c0       0x6c /usr/bin/../lib/gcc/arm-none-eabi/6.3.1/thumb/v7e-m/fpv4-sp/hard/crtbegin.o
 .text          0x000000000800022c       0x30 /usr/bin/../lib/gcc/arm-none-eabi/6.3.1/thumb/v7e-m/fpv4-sp/hard/libgcc.a(_aeabi_uldivmod.o)
                0x000000000800022c                __aeabi_uldivmod
 .text          0x000000000800025c      0x2dc /usr/bin/../lib/gcc/arm-none-eabi/6.3.1/thumb/v7e-m/fpv4-sp/hard/libgcc.a(_udivmoddi4.o)
                0x000000000800025c                __udivmoddi4
 .text          0x0000000008000538        0x4 /usr/bin/../lib/gcc/arm-none-eabi/6.3.1/thumb/v7e-m/fpv4-sp/hard/libgcc.a(_dvmd_tls.o)
                0x0000000008000538                __aeabi_ldiv0
                0x0000000008000538                __aeabi_idiv0
 .text          0x000000000800053c      0x134 /usr/bin/../lib/gcc/arm-none-eabi/6.3.1/../../../../arm-none-eabi/lib/thumb/v7e-m/fpv4-sp/hard/libg.a(lib_a-memcpy.o)
                0x000000000800053c                memcpy
 .text          0x0000000008000670       0x1c /usr/bin/../lib/gcc/arm-none-eabi/6.3.1/../../../../arm-none-eabi/lib/thumb/v7e-m/fpv4-sp/hard/libg.a(lib_a-setjmp.o)
                0x0000000008000670                setjmp
                0x000000000800067c                longjmp
 *fill*         0x000000000800068c       0x14 
 .text          0x00000000080006a0      0x2dc /usr/bin/../lib/gcc/arm-none-eabi/6.3.1/../../../../arm-none-eabi/lib/thumb/v7e-m/fpv4-sp/hard/libg.a(lib_a-strcmp.o)
                0x00000000080006a8                strcmp
 *fill*         0x000000000800097c        0x4 
 .text          0x0000000008000980       0xdc /usr/bin/../lib/gcc/arm-none-eabi/6.3.1/../../../../arm-none-eabi/lib/thumb/v7e-m/fpv4-sp/hard/libg.a(lib_a-strlen.o)
                0x0000000008000980                strlen
 *fill*         0x0000000008000a5c        0x4 
 .text          0x0000000008000a60       0xa0 /usr/bin/../lib/gcc/arm-none-eabi/6.3.1/../../../../arm-none-eabi/lib/thumb/v7e-m/fpv4-sp/hard/libg.a(lib_a-memchr.o)
                0x0000000008000a60                memchr
 *(.text*)
 .text.adiv5_mem_read.constprop.1
                0x0000000008000b00      0x180 ./Src/blueProbe/target/adiv5.o
 .text.adiv5_component_probe
                0x0000000008000c80      0x11c ./Src/blueProbe/target/adiv5.o
 .text.adiv5_ap_ref
                0x0000000008000d9c        0x8 ./Src/blueProbe/target/adiv5.o
                0x0000000008000d9c                adiv5_ap_ref
 .text.adiv5_ap_unref
                0x0000000008000da4       0x30 ./Src/blueProbe/target/adiv5.o
                0x0000000008000da4                adiv5_ap_unref
 .text.adiv5_dp_write
                0x0000000008000dd4       0x14 ./Src/blueProbe/target/adiv5.o
                0x0000000008000dd4                adiv5_dp_write
 .text.adiv5_new_ap
                0x0000000008000de8       0xd4 ./Src/blueProbe/target/adiv5.o
                0x0000000008000de8                adiv5_new_ap
 .text.adiv5_dp_init
                0x0000000008000ebc      0x1c4 ./Src/blueProbe/target/adiv5.o
                0x0000000008000ebc                adiv5_dp_init
 .text.adiv5_mem_read
                0x0000000008001080      0x18c ./Src/blueProbe/target/adiv5.o
                0x0000000008001080                adiv5_mem_read
 .text.adiv5_mem_write
                0x000000000800120c      0x124 ./Src/blueProbe/target/adiv5.o
                0x000000000800120c                adiv5_mem_write
 .text.adiv5_ap_write
                0x0000000008001330       0x30 ./Src/blueProbe/target/adiv5.o
                0x0000000008001330                adiv5_ap_write
 .text.adiv5_ap_read
                0x0000000008001360       0x28 ./Src/blueProbe/target/adiv5.o
                0x0000000008001360                adiv5_ap_read
 .text.adiv5_jtagdp_abort
                0x0000000008001388       0x28 ./Src/blueProbe/target/adiv5_jtagdp.o
 .text.adiv5_jtagdp_low_access
                0x00000000080013b0       0x90 ./Src/blueProbe/target/adiv5_jtagdp.o
 .text.adiv5_jtagdp_error
                0x0000000008001440       0xd0 ./Src/blueProbe/target/adiv5_jtagdp.o
 .text.adiv5_jtagdp_read
                0x0000000008001510       0xe0 ./Src/blueProbe/target/adiv5_jtagdp.o
 .text.adiv5_jtag_dp_handler
                0x00000000080015f0       0x3c ./Src/blueProbe/target/adiv5_jtagdp.o
                0x00000000080015f0                adiv5_jtag_dp_handler
 .text.adiv5_swdp_abort
                0x000000000800162c        0x8 ./Src/blueProbe/target/adiv5_swdp.o
 .text.adiv5_swdp_low_access
                0x0000000008001634       0xe8 ./Src/blueProbe/target/adiv5_swdp.o
 .text.adiv5_swdp_read
                0x000000000800171c       0x30 ./Src/blueProbe/target/adiv5_swdp.o
 .text.adiv5_swdp_error
                0x000000000800174c      0x110 ./Src/blueProbe/target/adiv5_swdp.o
 .text.adiv5_swdp_scan
                0x000000000800185c      0x198 ./Src/blueProbe/target/adiv5_swdp.o
                0x000000000800185c                adiv5_swdp_scan
 .text.cortexa_check_error
                0x00000000080019f4       0x28 ./Src/blueProbe/target/cortexa.o
 .text.cortexa_regs_write
                0x0000000008001a1c        0xc ./Src/blueProbe/target/cortexa.o
 .text.cortexa_regs_read
                0x0000000008001a28       0x14 ./Src/blueProbe/target/cortexa.o
 .text.cortexa_halt_request
                0x0000000008001a3c       0x74 ./Src/blueProbe/target/cortexa.o
 .text.cortexa_breakwatch_clear
                0x0000000008001ab0       0x80 ./Src/blueProbe/target/cortexa.o
 .text.cortexa_regs_write_internal
                0x0000000008001b30      0x268 ./Src/blueProbe/target/cortexa.o
 .text.cortexa_detach
                0x0000000008001d98       0xfc ./Src/blueProbe/target/cortexa.o
 .text.cortexa_halt_resume
                0x0000000008001e94      0x1cc ./Src/blueProbe/target/cortexa.o
 .text.cortexa_attach
                0x0000000008002060       0xe0 ./Src/blueProbe/target/cortexa.o
 .text.cortexa_reset
                0x0000000008002140       0xd4 ./Src/blueProbe/target/cortexa.o
 .text.cortexa_slow_mem_read
                0x0000000008002214      0x234 ./Src/blueProbe/target/cortexa.o
 .text.cortexa_breakwatch_set
                0x0000000008002448      0x264 ./Src/blueProbe/target/cortexa.o
 .text.cortexa_halt_poll
                0x00000000080026ac      0x400 ./Src/blueProbe/target/cortexa.o
 .text.cortexa_slow_mem_write
                0x0000000008002aac      0x298 ./Src/blueProbe/target/cortexa.o
 .text.cortexa_probe
                0x0000000008002d44      0x120 ./Src/blueProbe/target/cortexa.o
                0x0000000008002d44                cortexa_probe
 .text.cortexm_check_error
                0x0000000008002e64       0x14 ./Src/blueProbe/target/cortexm.o
 .text.cortexm_vector_catch
                0x0000000008002e78      0x278 ./Src/blueProbe/target/cortexm.o
 .text.cortexm_breakwatch_clear
                0x00000000080030f0       0x4c ./Src/blueProbe/target/cortexm.o
 .text.cortexm_breakwatch_set
                0x000000000800313c      0x1b8 ./Src/blueProbe/target/cortexm.o
 .text.cortexm_detach
                0x00000000080032f4       0x60 ./Src/blueProbe/target/cortexm.o
                0x00000000080032f4                cortexm_detach
 .text.cortexm_halt_request
                0x0000000008003354       0x64 ./Src/blueProbe/target/cortexm.o
 .text.cortexm_halt_poll
                0x00000000080033b8      0x484 ./Src/blueProbe/target/cortexm.o
 .text.cortexm_reset
                0x000000000800383c       0x60 ./Src/blueProbe/target/cortexm.o
 .text.cortexm_regs_write
                0x000000000800389c       0xc4 ./Src/blueProbe/target/cortexm.o
 .text.cortexm_regs_read
                0x0000000008003960       0xb0 ./Src/blueProbe/target/cortexm.o
 .text.cortexm_mem_write
                0x0000000008003a10        0x8 ./Src/blueProbe/target/cortexm.o
 .text.cortexm_mem_read
                0x0000000008003a18        0x8 ./Src/blueProbe/target/cortexm.o
 .text.cortexm_priv_free
                0x0000000008003a20       0x14 ./Src/blueProbe/target/cortexm.o
 .text.cortexm_attach
                0x0000000008003a34      0x104 ./Src/blueProbe/target/cortexm.o
                0x0000000008003a34                cortexm_attach
 .text.cortexm_halt_resume
                0x0000000008003b38       0x98 ./Src/blueProbe/target/cortexm.o
                0x0000000008003b38                cortexm_halt_resume
 .text.cortexm_probe
                0x0000000008003bd0      0x13c ./Src/blueProbe/target/cortexm.o
                0x0000000008003bd0                cortexm_probe
 .text.cortexm_run_stub
                0x0000000008003d0c      0x130 ./Src/blueProbe/target/cortexm.o
                0x0000000008003d0c                cortexm_run_stub
 .text.jtag_scan
                0x0000000008003e3c      0x430 ./Src/blueProbe/target/jtag_scan.o
                0x0000000008003e3c                jtag_scan
 .text.jtag_dev_write_ir
                0x000000000800426c       0x78 ./Src/blueProbe/target/jtag_scan.o
                0x000000000800426c                jtag_dev_write_ir
 .text.jtag_dev_shift_dr
                0x00000000080042e4       0x5c ./Src/blueProbe/target/jtag_scan.o
                0x00000000080042e4                jtag_dev_shift_dr
 .text.jtagtap_tms_seq
                0x0000000008004340       0x20 ./Src/blueProbe/target/jtagtap_generic.o
                0x0000000008004340                jtagtap_tms_seq
 .text.jtagtap_tdi_tdo_seq
                0x0000000008004360       0x4c ./Src/blueProbe/target/jtagtap_generic.o
                0x0000000008004360                jtagtap_tdi_tdo_seq
 .text.jtagtap_tdi_seq
                0x00000000080043ac       0x30 ./Src/blueProbe/target/jtagtap_generic.o
                0x00000000080043ac                jtagtap_tdi_seq
 .text.nop_function
                0x00000000080043dc        0x4 ./Src/blueProbe/target/kinetis.o
                0x00000000080043dc                nop_function
 .text.mdm_halt_poll
                0x00000000080043e0        0x4 ./Src/blueProbe/target/kinetis.o
                0x00000000080043e0                mdm_halt_poll
 .text.kinetis_mdm_cmd_erase_mass
                0x00000000080043e4       0xb0 ./Src/blueProbe/target/kinetis.o
 .text.kinetis_mdm_probe
                0x0000000008004494       0x6c ./Src/blueProbe/target/kinetis.o
                0x0000000008004494                kinetis_mdm_probe
 .text.stm32f1_flash_write
                0x0000000008004500       0x4c ./Src/blueProbe/target/stm32f1.o
 .text.stm32f1_cmd_erase_mass
                0x000000000800454c       0x70 ./Src/blueProbe/target/stm32f1.o
 .text.stm32f1_flash_erase
                0x00000000080045bc       0xa4 ./Src/blueProbe/target/stm32f1.o
 .text.stm32f1_cmd_option
                0x0000000008004660      0x298 ./Src/blueProbe/target/stm32f1.o
 .text.stm32f1_probe
                0x00000000080048f8      0x250 ./Src/blueProbe/target/stm32f1.o
                0x00000000080048f8                stm32f1_probe
 .text.stm32f4_flash_write
                0x0000000008004b48       0x68 ./Src/blueProbe/target/stm32f4.o
 .text.stm32f4_cmd_psize
                0x0000000008004bb0       0x90 ./Src/blueProbe/target/stm32f4.o
 .text.stm32f4_cmd_erase_mass
                0x0000000008004c40       0xf4 ./Src/blueProbe/target/stm32f4.o
 .text.stm32f4_option_write
                0x0000000008004d34       0xf0 ./Src/blueProbe/target/stm32f4.o
 .text.stm32f4_flash_erase
                0x0000000008004e24       0xd4 ./Src/blueProbe/target/stm32f4.o
 .text.stm32f4_probe
                0x0000000008004ef8      0x898 ./Src/blueProbe/target/stm32f4.o
                0x0000000008004ef8                stm32f4_probe
 .text.optcr_mask
                0x0000000008005790       0xf4 ./Src/blueProbe/target/stm32f4.o
                0x0000000008005790                optcr_mask
 .text.stm32f4_cmd_option
                0x0000000008005884      0x31c ./Src/blueProbe/target/stm32f4.o
 .text.stm32lx_eeprom_write
                0x0000000008005ba0      0x10c ./Src/blueProbe/target/stm32l0.o
 .text.stm32lx_cmd_eeprom
                0x0000000008005cac      0x284 ./Src/blueProbe/target/stm32l0.o
 .text.stm32lx_nvm_prog_write
                0x0000000008005f30      0x118 ./Src/blueProbe/target/stm32l0.o
 .text.stm32lx_nvm_data_erase
                0x0000000008006048      0x130 ./Src/blueProbe/target/stm32l0.o
 .text.stm32lx_nvm_prog_erase
                0x0000000008006178      0x134 ./Src/blueProbe/target/stm32l0.o
 .text.stm32lx_nvm_data_write
                0x00000000080062ac      0x190 ./Src/blueProbe/target/stm32l0.o
 .text.stm32lx_cmd_option
                0x000000000800643c      0x468 ./Src/blueProbe/target/stm32l0.o
 .text.stm32l0_probe
                0x00000000080068a4      0x1f4 ./Src/blueProbe/target/stm32l0.o
                0x00000000080068a4                stm32l0_probe
 .text.stm32l4_flash_write
                0x0000000008006a98       0x4c ./Src/blueProbe/target/stm32l4.o
 .text.stm32l4_cmd_erase
                0x0000000008006ae4       0xd8 ./Src/blueProbe/target/stm32l4.o
 .text.stm32l4_cmd_erase_bank2
                0x0000000008006bbc        0x8 ./Src/blueProbe/target/stm32l4.o
 .text.stm32l4_cmd_erase_bank1
                0x0000000008006bc4        0x8 ./Src/blueProbe/target/stm32l4.o
 .text.stm32l4_cmd_erase_mass
                0x0000000008006bcc        0x8 ./Src/blueProbe/target/stm32l4.o
 .text.stm32l4_option_write
                0x0000000008006bd4      0x104 ./Src/blueProbe/target/stm32l4.o
 .text.stm32l4_cmd_option
                0x0000000008006cd8      0x144 ./Src/blueProbe/target/stm32l4.o
 .text.stm32l4_flash_erase
                0x0000000008006e1c       0xc8 ./Src/blueProbe/target/stm32l4.o
 .text.stm32l4_probe
                0x0000000008006ee4      0x1cc ./Src/blueProbe/target/stm32l4.o
                0x0000000008006ee4                stm32l4_probe
 .text.swdptap_seq_in
                0x00000000080070b0       0x24 ./Src/blueProbe/target/swdptap_generic.o
                0x00000000080070b0                swdptap_seq_in
 .text.swdptap_seq_in_parity
                0x00000000080070d4       0x3c ./Src/blueProbe/target/swdptap_generic.o
                0x00000000080070d4                swdptap_seq_in_parity
 .text.swdptap_seq_out
                0x0000000008007110       0x1c ./Src/blueProbe/target/swdptap_generic.o
                0x0000000008007110                swdptap_seq_out
 .text.swdptap_seq_out_parity
                0x000000000800712c       0x30 ./Src/blueProbe/target/swdptap_generic.o
                0x000000000800712c                swdptap_seq_out_parity
 .text.tc_printf.constprop.2
                0x000000000800715c       0x24 ./Src/blueProbe/target/target.o
 .text.tc_printf.constprop.3
                0x0000000008007180       0x24 ./Src/blueProbe/target/target.o
 .text.target_new
                0x00000000080071a4       0x28 ./Src/blueProbe/target/target.o
                0x00000000080071a4                target_new
 .text.target_foreach
                0x00000000080071cc       0x38 ./Src/blueProbe/target/target.o
                0x00000000080071cc                target_foreach
 .text.target_list_free
                0x0000000008007204       0xa0 ./Src/blueProbe/target/target.o
                0x0000000008007204                target_list_free
 .text.target_add_commands
                0x00000000080072a4       0x34 ./Src/blueProbe/target/target.o
                0x00000000080072a4                target_add_commands
 .text.target_attach_n
                0x00000000080072d8       0x48 ./Src/blueProbe/target/target.o
                0x00000000080072d8                target_attach_n
 .text.target_attach
                0x0000000008007320       0x24 ./Src/blueProbe/target/target.o
                0x0000000008007320                target_attach
 .text.target_add_ram
                0x0000000008007344       0x1c ./Src/blueProbe/target/target.o
                0x0000000008007344                target_add_ram
 .text.target_add_flash
                0x0000000008007360        0xc ./Src/blueProbe/target/target.o
                0x0000000008007360                target_add_flash
 .text.target_mem_map
                0x000000000800736c       0xb8 ./Src/blueProbe/target/target.o
                0x000000000800736c                target_mem_map
 .text.target_flash_erase
                0x0000000008007424       0x60 ./Src/blueProbe/target/target.o
                0x0000000008007424                target_flash_erase
 .text.target_flash_write
                0x0000000008007484       0xe4 ./Src/blueProbe/target/target.o
                0x0000000008007484                target_flash_write
 .text.target_flash_done
                0x0000000008007568       0x1c ./Src/blueProbe/target/target.o
                0x0000000008007568                target_flash_done
 .text.target_flash_write_buffered
                0x0000000008007584       0xa8 ./Src/blueProbe/target/target.o
                0x0000000008007584                target_flash_write_buffered
 .text.target_flash_done_buffered
                0x000000000800762c       0x30 ./Src/blueProbe/target/target.o
                0x000000000800762c                target_flash_done_buffered
 .text.target_detach
                0x000000000800765c       0x10 ./Src/blueProbe/target/target.o
                0x000000000800765c                target_detach
 .text.target_check_error
                0x000000000800766c        0x4 ./Src/blueProbe/target/target.o
                0x000000000800766c                target_check_error
 .text.target_attached
                0x0000000008007670        0x4 ./Src/blueProbe/target/target.o
                0x0000000008007670                target_attached
 .text.target_mem_read
                0x0000000008007674       0x10 ./Src/blueProbe/target/target.o
                0x0000000008007674                target_mem_read
 .text.target_mem_write
                0x0000000008007684       0x10 ./Src/blueProbe/target/target.o
                0x0000000008007684                target_mem_write
 .text.target_regs_read
                0x0000000008007694        0x4 ./Src/blueProbe/target/target.o
                0x0000000008007694                target_regs_read
 .text.target_regs_write
                0x0000000008007698        0x4 ./Src/blueProbe/target/target.o
                0x0000000008007698                target_regs_write
 .text.target_reset
                0x000000000800769c        0x4 ./Src/blueProbe/target/target.o
                0x000000000800769c                target_reset
 .text.target_halt_request
                0x00000000080076a0        0x4 ./Src/blueProbe/target/target.o
                0x00000000080076a0                target_halt_request
 .text.target_halt_poll
                0x00000000080076a4        0x4 ./Src/blueProbe/target/target.o
                0x00000000080076a4                target_halt_poll
 .text.target_halt_resume
                0x00000000080076a8        0x4 ./Src/blueProbe/target/target.o
                0x00000000080076a8                target_halt_resume
 .text.target_breakwatch_set
                0x00000000080076ac       0x5c ./Src/blueProbe/target/target.o
                0x00000000080076ac                target_breakwatch_set
 .text.target_breakwatch_clear
                0x0000000008007708       0x54 ./Src/blueProbe/target/target.o
                0x0000000008007708                target_breakwatch_clear
 .text.target_regs_size
                0x000000000800775c        0x4 ./Src/blueProbe/target/target.o
                0x000000000800775c                target_regs_size
 .text.target_tdesc
                0x0000000008007760       0x10 ./Src/blueProbe/target/target.o
                0x0000000008007760                target_tdesc
 .text.target_driver_name
                0x0000000008007770        0x4 ./Src/blueProbe/target/target.o
                0x0000000008007770                target_driver_name
 .text.target_mem_read32
                0x0000000008007774       0x18 ./Src/blueProbe/target/target.o
                0x0000000008007774                target_mem_read32
 .text.target_mem_write32
                0x000000000800778c       0x18 ./Src/blueProbe/target/target.o
                0x000000000800778c                target_mem_write32
 .text.target_mem_read16
                0x00000000080077a4       0x18 ./Src/blueProbe/target/target.o
                0x00000000080077a4                target_mem_read16
 .text.target_mem_write16
                0x00000000080077bc       0x18 ./Src/blueProbe/target/target.o
                0x00000000080077bc                target_mem_write16
 .text.target_mem_write8
                0x00000000080077d4       0x18 ./Src/blueProbe/target/target.o
                0x00000000080077d4                target_mem_write8
 .text.target_command_help
                0x00000000080077ec       0x48 ./Src/blueProbe/target/target.o
                0x00000000080077ec                target_command_help
 .text.target_command
                0x0000000008007834       0x5c ./Src/blueProbe/target/target.o
                0x0000000008007834                target_command
 .text.tc_printf
                0x0000000008007890       0x20 ./Src/blueProbe/target/target.o
                0x0000000008007890                tc_printf
 .text.tc_open  0x00000000080078b0       0x1c ./Src/blueProbe/target/target.o
                0x00000000080078b0                tc_open
 .text.tc_close
                0x00000000080078cc       0x14 ./Src/blueProbe/target/target.o
                0x00000000080078cc                tc_close
 .text.tc_read  0x00000000080078e0       0x18 ./Src/blueProbe/target/target.o
                0x00000000080078e0                tc_read
 .text.tc_write
                0x00000000080078f8       0x18 ./Src/blueProbe/target/target.o
                0x00000000080078f8                tc_write
 .text.tc_lseek
                0x0000000008007910       0x18 ./Src/blueProbe/target/target.o
                0x0000000008007910                tc_lseek
 .text.tc_rename
                0x0000000008007928       0x1c ./Src/blueProbe/target/target.o
                0x0000000008007928                tc_rename
 .text.tc_unlink
                0x0000000008007944       0x14 ./Src/blueProbe/target/target.o
                0x0000000008007944                tc_unlink
 .text.tc_isatty
                0x0000000008007958        0xc ./Src/blueProbe/target/target.o
                0x0000000008007958                tc_isatty
 .text.tc_system
                0x0000000008007964       0x10 ./Src/blueProbe/target/target.o
                0x0000000008007964                tc_system
 .text.gdb_if_init
                0x0000000008007974       0x34 ./Src/blueProbe/platforms/stm32/gdb_if.o
                0x0000000008007974                gdb_if_init
 .text.gdb_if_putchar
                0x00000000080079a8       0x50 ./Src/blueProbe/platforms/stm32/gdb_if.o
                0x00000000080079a8                gdb_if_putchar
 .text.gdb_if_getchar
                0x00000000080079f8       0x44 ./Src/blueProbe/platforms/stm32/gdb_if.o
                0x00000000080079f8                gdb_if_getchar
 .text.gdb_if_getchar_to
                0x0000000008007a3c       0x74 ./Src/blueProbe/platforms/stm32/gdb_if.o
                0x0000000008007a3c                gdb_if_getchar_to
 .text.HAL_UART_TxCpltCallback
                0x0000000008007ab0       0x18 ./Src/blueProbe/platforms/stm32/gdb_if.o
                0x0000000008007ab0                HAL_UART_TxCpltCallback
 .text.HAL_UART_ErrorCallback
                0x0000000008007ac8       0x20 ./Src/blueProbe/platforms/stm32/gdb_if.o
                0x0000000008007ac8                HAL_UART_ErrorCallback
 .text.jtagtap_init
                0x0000000008007ae8       0x6c ./Src/blueProbe/platforms/stm32/jtagtap.o
                0x0000000008007ae8                jtagtap_init
 .text.jtagtap_reset
                0x0000000008007b54        0x8 ./Src/blueProbe/platforms/stm32/jtagtap.o
                0x0000000008007b54                jtagtap_reset
 .text.jtagtap_next
                0x0000000008007b5c       0x38 ./Src/blueProbe/platforms/stm32/jtagtap.o
                0x0000000008007b5c                jtagtap_next
 .text.platform_delay
                0x0000000008007b94       0x1c ./Src/blueProbe/platforms/stm32/timing_stm32.o
                0x0000000008007b94                platform_delay
 .text.HAL_SYSTICK_Callback
                0x0000000008007bb0       0x38 ./Src/blueProbe/platforms/stm32/timing_stm32.o
                0x0000000008007bb0                HAL_SYSTICK_Callback
 .text.platform_time_ms
                0x0000000008007be8        0xc ./Src/blueProbe/platforms/stm32/timing_stm32.o
                0x0000000008007be8                platform_time_ms
 .text.traceswo_init
                0x0000000008007bf4        0x4 ./Src/blueProbe/platforms/stm32/traceswo.o
                0x0000000008007bf4                traceswo_init
 .text.platform_hwversion
                0x0000000008007bf8        0x4 ./Src/blueProbe/platforms/native/platform.o
                0x0000000008007bf8                platform_hwversion
 .text.platform_init
                0x0000000008007bfc       0x18 ./Src/blueProbe/platforms/native/platform.o
                0x0000000008007bfc                platform_init
 .text.platform_srst_set_val
                0x0000000008007c14       0x28 ./Src/blueProbe/platforms/native/platform.o
                0x0000000008007c14                platform_srst_set_val
 .text.platform_srst_get_val
                0x0000000008007c3c        0x4 ./Src/blueProbe/platforms/native/platform.o
                0x0000000008007c3c                platform_srst_get_val
 .text.platform_target_get_power
                0x0000000008007c40       0x14 ./Src/blueProbe/platforms/native/platform.o
                0x0000000008007c40                platform_target_get_power
 .text.platform_target_set_power
                0x0000000008007c54       0x14 ./Src/blueProbe/platforms/native/platform.o
                0x0000000008007c54                platform_target_set_power
 .text.platform_target_voltage
                0x0000000008007c68       0x68 ./Src/blueProbe/platforms/native/platform.o
                0x0000000008007c68                platform_target_voltage
 .text.swdptap_init
                0x0000000008007cd0        0x4 ./Src/blueProbe/platforms/common/swdptap.o
                0x0000000008007cd0                swdptap_init
 .text.swdptap_bit_in
                0x0000000008007cd4       0x50 ./Src/blueProbe/platforms/common/swdptap.o
                0x0000000008007cd4                swdptap_bit_in
 .text.swdptap_bit_out
                0x0000000008007d24       0xac ./Src/blueProbe/platforms/common/swdptap.o
                0x0000000008007d24                swdptap_bit_out
 .text.platform_timeout_set
                0x0000000008007dd0       0x10 ./Src/blueProbe/platforms/common/timing.o
                0x0000000008007dd0                platform_timeout_set
 .text.platform_timeout_is_expired
                0x0000000008007de0       0x14 ./Src/blueProbe/platforms/common/timing.o
                0x0000000008007de0                platform_timeout_is_expired
 .text.cmd_traceswo
                0x0000000008007df4        0xc ./Src/blueProbe/command.o
 .text.cmd_morse
                0x0000000008007e00       0x1c ./Src/blueProbe/command.o
 .text.cmd_hard_srst
                0x0000000008007e1c       0x18 ./Src/blueProbe/command.o
 .text.cmd_targets
                0x0000000008007e34       0x34 ./Src/blueProbe/command.o
 .text.display_target
                0x0000000008007e68       0x30 ./Src/blueProbe/command.o
 .text.cmd_help
                0x0000000008007e98       0x3c ./Src/blueProbe/command.o
 .text.cmd_version
                0x0000000008007ed4       0x2c ./Src/blueProbe/command.o
 .text.cmd_target_power
                0x0000000008007f00       0x50 ./Src/blueProbe/command.o
 .text.cmd_connect_srst
                0x0000000008007f50       0x4c ./Src/blueProbe/command.o
 .text.cmd_swdp_scan
                0x0000000008007f9c       0xe4 ./Src/blueProbe/command.o
 .text.cmd_jtag_scan
                0x0000000008008080      0x148 ./Src/blueProbe/command.o
 .text.command_process
                0x00000000080081c8       0xc8 ./Src/blueProbe/command.o
                0x00000000080081c8                command_process
 .text.generic_crc32
                0x0000000008008290       0x64 ./Src/blueProbe/crc32.o
                0x0000000008008290                generic_crc32
 .text.raise_exception
                0x00000000080082f4       0x30 ./Src/blueProbe/exception.o
                0x00000000080082f4                raise_exception
 .text.hostio_reply
                0x0000000008008324       0x5c ./Src/blueProbe/gdb_hostio.o
                0x0000000008008324                hostio_reply
 .text.hostio_open
                0x0000000008008380       0x24 ./Src/blueProbe/gdb_hostio.o
                0x0000000008008380                hostio_open
 .text.hostio_close
                0x00000000080083a4       0x1c ./Src/blueProbe/gdb_hostio.o
                0x00000000080083a4                hostio_close
 .text.hostio_read
                0x00000000080083c0       0x1c ./Src/blueProbe/gdb_hostio.o
                0x00000000080083c0                hostio_read
 .text.hostio_write
                0x00000000080083dc       0x1c ./Src/blueProbe/gdb_hostio.o
                0x00000000080083dc                hostio_write
 .text.hostio_lseek
                0x00000000080083f8       0x1c ./Src/blueProbe/gdb_hostio.o
                0x00000000080083f8                hostio_lseek
 .text.hostio_rename
                0x0000000008008414       0x24 ./Src/blueProbe/gdb_hostio.o
                0x0000000008008414                hostio_rename
 .text.hostio_unlink
                0x0000000008008438       0x1c ./Src/blueProbe/gdb_hostio.o
                0x0000000008008438                hostio_unlink
 .text.hostio_stat
                0x0000000008008454       0x1c ./Src/blueProbe/gdb_hostio.o
                0x0000000008008454                hostio_stat
 .text.hostio_fstat
                0x0000000008008470       0x1c ./Src/blueProbe/gdb_hostio.o
                0x0000000008008470                hostio_fstat
 .text.hostio_gettimeofday
                0x000000000800848c       0x1c ./Src/blueProbe/gdb_hostio.o
                0x000000000800848c                hostio_gettimeofday
 .text.hostio_isatty
                0x00000000080084a8       0x1c ./Src/blueProbe/gdb_hostio.o
                0x00000000080084a8                hostio_isatty
 .text.hostio_system
                0x00000000080084c4       0x1c ./Src/blueProbe/gdb_hostio.o
                0x00000000080084c4                hostio_system
 .text.gdb_target_destroy_callback
                0x00000000080084e0       0x24 ./Src/blueProbe/gdb_main.o
 .text.gdb_target_printf
                0x0000000008008504        0x8 ./Src/blueProbe/gdb_main.o
 .text.handle_q_string_reply
                0x000000000800850c       0x94 ./Src/blueProbe/gdb_main.o
 .text.handle_q_packet.constprop.1
                0x00000000080085a0      0x184 ./Src/blueProbe/gdb_main.o
 .text.gdb_main_loop
                0x0000000008008724      0x674 ./Src/blueProbe/gdb_main.o
                0x0000000008008724                gdb_main_loop
 .text.gdb_main
                0x0000000008008d98        0xc ./Src/blueProbe/gdb_main.o
                0x0000000008008d98                gdb_main
 .text.gdb_getpacket
                0x0000000008008da4       0xac ./Src/blueProbe/gdb_packet.o
                0x0000000008008da4                gdb_getpacket
 .text.gdb_putpacket
                0x0000000008008e50       0xac ./Src/blueProbe/gdb_packet.o
                0x0000000008008e50                gdb_putpacket
 .text.gdb_putpacket_f
                0x0000000008008efc       0x2c ./Src/blueProbe/gdb_packet.o
                0x0000000008008efc                gdb_putpacket_f
 .text.gdb_out  0x0000000008008f28       0x38 ./Src/blueProbe/gdb_packet.o
                0x0000000008008f28                gdb_out
 .text.gdb_voutf
                0x0000000008008f60       0x24 ./Src/blueProbe/gdb_packet.o
                0x0000000008008f60                gdb_voutf
 .text.gdb_outf
                0x0000000008008f84       0x30 ./Src/blueProbe/gdb_packet.o
                0x0000000008008f84                gdb_outf
 .text.hexify   0x0000000008008fb4       0x40 ./Src/blueProbe/hex_utils.o
                0x0000000008008fb4                hexify
 .text.unhexify
                0x0000000008008ff4       0x60 ./Src/blueProbe/hex_utils.o
                0x0000000008008ff4                unhexify
 .text.morse    0x0000000008009054       0x20 ./Src/blueProbe/morse.o
                0x0000000008009054                morse
 .text.morse_update
                0x0000000008009074       0x90 ./Src/blueProbe/morse.o
                0x0000000008009074                morse_update
 .text.MX_ADC1_Init
                0x0000000008009104       0x78 ./Src/adc.o
                0x0000000008009104                MX_ADC1_Init
 .text.HAL_ADC_MspInit
                0x000000000800917c       0x48 ./Src/adc.o
                0x000000000800917c                HAL_ADC_MspInit
 .text.MX_CRC_Init
                0x00000000080091c4       0x38 ./Src/crc.o
                0x00000000080091c4                MX_CRC_Init
 .text.HAL_CRC_MspInit
                0x00000000080091fc       0x2c ./Src/crc.o
                0x00000000080091fc                HAL_CRC_MspInit
 .text.MX_DMA_Init
                0x0000000008009228       0x64 ./Src/dma.o
                0x0000000008009228                MX_DMA_Init
 .text.MX_GPIO_Init
                0x000000000800928c      0x138 ./Src/gpio.o
                0x000000000800928c                MX_GPIO_Init
 .text.SystemClock_Config
                0x00000000080093c4       0xa4 ./Src/main.o
                0x00000000080093c4                SystemClock_Config
 .text.startup.main
                0x0000000008009468       0x84 ./Src/main.o
                0x0000000008009468                main
 .text._Error_Handler
                0x00000000080094ec        0x4 ./Src/main.o
                0x00000000080094ec                _Error_Handler
 .text.HAL_MspInit
                0x00000000080094f0       0x90 ./Src/stm32l4xx_hal_msp.o
                0x00000000080094f0                HAL_MspInit
 .text.SysTick_Handler
                0x0000000008009580       0x10 ./Src/stm32l4xx_it.o
                0x0000000008009580                SysTick_Handler
 .text.DMA1_Channel4_IRQHandler
                0x0000000008009590        0xc ./Src/stm32l4xx_it.o
                0x0000000008009590                DMA1_Channel4_IRQHandler
 .text.DMA1_Channel5_IRQHandler
                0x000000000800959c        0xc ./Src/stm32l4xx_it.o
                0x000000000800959c                DMA1_Channel5_IRQHandler
 .text.DMA1_Channel6_IRQHandler
                0x00000000080095a8        0xc ./Src/stm32l4xx_it.o
                0x00000000080095a8                DMA1_Channel6_IRQHandler
 .text.DMA1_Channel7_IRQHandler
                0x00000000080095b4        0xc ./Src/stm32l4xx_it.o
                0x00000000080095b4                DMA1_Channel7_IRQHandler
 .text.USART1_IRQHandler
                0x00000000080095c0        0xc ./Src/stm32l4xx_it.o
                0x00000000080095c0                USART1_IRQHandler
 .text.USART2_IRQHandler
                0x00000000080095cc        0xc ./Src/stm32l4xx_it.o
                0x00000000080095cc                USART2_IRQHandler
 .text._getpid  0x00000000080095d8        0x4 ./Src/syscalls.o
                0x00000000080095d8                _getpid
 .text._kill    0x00000000080095dc       0x10 ./Src/syscalls.o
                0x00000000080095dc                _kill
 .text._exit    0x00000000080095ec        0xc ./Src/syscalls.o
                0x00000000080095ec                _exit
 .text._sbrk    0x00000000080095f8       0x34 ./Src/syscalls.o
                0x00000000080095f8                _sbrk
 .text.SystemInit
                0x000000000800962c       0x50 ./Src/system_stm32l4xx.o
                0x000000000800962c                SystemInit
 .text.MX_USART1_UART_Init
                0x000000000800967c       0x48 ./Src/usart.o
                0x000000000800967c                MX_USART1_UART_Init
 .text.MX_USART2_UART_Init
                0x00000000080096c4       0x44 ./Src/usart.o
                0x00000000080096c4                MX_USART2_UART_Init
 .text.HAL_UART_MspInit
                0x0000000008009708      0x200 ./Src/usart.o
                0x0000000008009708                HAL_UART_MspInit
 .text.HAL_InitTick
                0x0000000008009908       0x2c ./Drivers/STM32L4xx_HAL_Driver/Src/stm32l4xx_hal.o
                0x0000000008009908                HAL_InitTick
 .text.HAL_Init
                0x0000000008009934       0x18 ./Drivers/STM32L4xx_HAL_Driver/Src/stm32l4xx_hal.o
                0x0000000008009934                HAL_Init
 .text.HAL_IncTick
                0x000000000800994c       0x10 ./Drivers/STM32L4xx_HAL_Driver/Src/stm32l4xx_hal.o
                0x000000000800994c                HAL_IncTick
 .text.HAL_GetTick
                0x000000000800995c        0xc ./Drivers/STM32L4xx_HAL_Driver/Src/stm32l4xx_hal.o
                0x000000000800995c                HAL_GetTick
 .text.HAL_ADC_Init
                0x0000000008009968      0x1a0 ./Drivers/STM32L4xx_HAL_Driver/Src/stm32l4xx_hal_adc.o
                0x0000000008009968                HAL_ADC_Init
 .text.HAL_ADC_Start
                0x0000000008009b08       0xd0 ./Drivers/STM32L4xx_HAL_Driver/Src/stm32l4xx_hal_adc.o
                0x0000000008009b08                HAL_ADC_Start
 .text.HAL_ADC_PollForConversion
                0x0000000008009bd8       0xa8 ./Drivers/STM32L4xx_HAL_Driver/Src/stm32l4xx_hal_adc.o
                0x0000000008009bd8                HAL_ADC_PollForConversion
 .text.HAL_ADC_GetValue
                0x0000000008009c80        0x8 ./Drivers/STM32L4xx_HAL_Driver/Src/stm32l4xx_hal_adc.o
                0x0000000008009c80                HAL_ADC_GetValue
 .text.HAL_ADC_ConfigChannel
                0x0000000008009c88      0x324 ./Drivers/STM32L4xx_HAL_Driver/Src/stm32l4xx_hal_adc.o
                0x0000000008009c88                HAL_ADC_ConfigChannel
 .text.HAL_NVIC_SetPriorityGrouping
                0x0000000008009fac       0x24 ./Drivers/STM32L4xx_HAL_Driver/Src/stm32l4xx_hal_cortex.o
                0x0000000008009fac                HAL_NVIC_SetPriorityGrouping
 .text.HAL_NVIC_SetPriority
                0x0000000008009fd0       0x6c ./Drivers/STM32L4xx_HAL_Driver/Src/stm32l4xx_hal_cortex.o
                0x0000000008009fd0                HAL_NVIC_SetPriority
 .text.HAL_NVIC_EnableIRQ
                0x000000000800a03c       0x18 ./Drivers/STM32L4xx_HAL_Driver/Src/stm32l4xx_hal_cortex.o
                0x000000000800a03c                HAL_NVIC_EnableIRQ
 .text.HAL_SYSTICK_Config
                0x000000000800a054       0x34 ./Drivers/STM32L4xx_HAL_Driver/Src/stm32l4xx_hal_cortex.o
                0x000000000800a054                HAL_SYSTICK_Config
 .text.HAL_SYSTICK_CLKSourceConfig
                0x000000000800a088       0x18 ./Drivers/STM32L4xx_HAL_Driver/Src/stm32l4xx_hal_cortex.o
                0x000000000800a088                HAL_SYSTICK_CLKSourceConfig
 .text.HAL_SYSTICK_IRQHandler
                0x000000000800a0a0        0x8 ./Drivers/STM32L4xx_HAL_Driver/Src/stm32l4xx_hal_cortex.o
                0x000000000800a0a0                HAL_SYSTICK_IRQHandler
 .text.HAL_CRC_Init
                0x000000000800a0a8       0x7c ./Drivers/STM32L4xx_HAL_Driver/Src/stm32l4xx_hal_crc.o
                0x000000000800a0a8                HAL_CRC_Init
 .text.HAL_CRCEx_Polynomial_Set
                0x000000000800a124       0x68 ./Drivers/STM32L4xx_HAL_Driver/Src/stm32l4xx_hal_crc_ex.o
                0x000000000800a124                HAL_CRCEx_Polynomial_Set
 .text.HAL_DMA_Init
                0x000000000800a18c       0xcc ./Drivers/STM32L4xx_HAL_Driver/Src/stm32l4xx_hal_dma.o
                0x000000000800a18c                HAL_DMA_Init
 .text.HAL_DMA_Start_IT
                0x000000000800a258       0x80 ./Drivers/STM32L4xx_HAL_Driver/Src/stm32l4xx_hal_dma.o
                0x000000000800a258                HAL_DMA_Start_IT
 .text.HAL_DMA_Abort_IT
                0x000000000800a2d8       0x48 ./Drivers/STM32L4xx_HAL_Driver/Src/stm32l4xx_hal_dma.o
                0x000000000800a2d8                HAL_DMA_Abort_IT
 .text.HAL_DMA_IRQHandler
                0x000000000800a320       0x98 ./Drivers/STM32L4xx_HAL_Driver/Src/stm32l4xx_hal_dma.o
                0x000000000800a320                HAL_DMA_IRQHandler
 .text.HAL_GPIO_Init
                0x000000000800a3b8      0x1b0 ./Drivers/STM32L4xx_HAL_Driver/Src/stm32l4xx_hal_gpio.o
                0x000000000800a3b8                HAL_GPIO_Init
 .text.HAL_PWREx_GetVoltageRange
                0x000000000800a568       0x10 ./Drivers/STM32L4xx_HAL_Driver/Src/stm32l4xx_hal_pwr_ex.o
                0x000000000800a568                HAL_PWREx_GetVoltageRange
 .text.HAL_PWREx_ControlVoltageScaling
                0x000000000800a578       0x78 ./Drivers/STM32L4xx_HAL_Driver/Src/stm32l4xx_hal_pwr_ex.o
                0x000000000800a578                HAL_PWREx_ControlVoltageScaling
 .text.HAL_RCC_GetSysClockFreq
                0x000000000800a5f0       0xfc ./Drivers/STM32L4xx_HAL_Driver/Src/stm32l4xx_hal_rcc.o
                0x000000000800a5f0                HAL_RCC_GetSysClockFreq
 .text.HAL_RCC_OscConfig
                0x000000000800a6ec      0x644 ./Drivers/STM32L4xx_HAL_Driver/Src/stm32l4xx_hal_rcc.o
                0x000000000800a6ec                HAL_RCC_OscConfig
 .text.HAL_RCC_ClockConfig
                0x000000000800ad30      0x170 ./Drivers/STM32L4xx_HAL_Driver/Src/stm32l4xx_hal_rcc.o
                0x000000000800ad30                HAL_RCC_ClockConfig
 .text.HAL_RCC_GetHCLKFreq
                0x000000000800aea0        0xc ./Drivers/STM32L4xx_HAL_Driver/Src/stm32l4xx_hal_rcc.o
                0x000000000800aea0                HAL_RCC_GetHCLKFreq
 .text.HAL_RCC_GetPCLK1Freq
                0x000000000800aeac       0x20 ./Drivers/STM32L4xx_HAL_Driver/Src/stm32l4xx_hal_rcc.o
                0x000000000800aeac                HAL_RCC_GetPCLK1Freq
 .text.HAL_RCC_GetPCLK2Freq
                0x000000000800aecc       0x20 ./Drivers/STM32L4xx_HAL_Driver/Src/stm32l4xx_hal_rcc.o
                0x000000000800aecc                HAL_RCC_GetPCLK2Freq
 .text.RCCEx_PLLSAI1_Config
                0x000000000800aeec      0x120 ./Drivers/STM32L4xx_HAL_Driver/Src/stm32l4xx_hal_rcc_ex.o
 .text.HAL_RCCEx_PeriphCLKConfig
                0x000000000800b00c      0x2b4 ./Drivers/STM32L4xx_HAL_Driver/Src/stm32l4xx_hal_rcc_ex.o
                0x000000000800b00c                HAL_RCCEx_PeriphCLKConfig
 .text.HAL_UART_Transmit_DMA
                0x000000000800b2c0       0x7c ./Drivers/STM32L4xx_HAL_Driver/Src/stm32l4xx_hal_uart.o
                0x000000000800b2c0                HAL_UART_Transmit_DMA
 .text.HAL_UART_Receive_DMA
                0x000000000800b33c       0x84 ./Drivers/STM32L4xx_HAL_Driver/Src/stm32l4xx_hal_uart.o
                0x000000000800b33c                HAL_UART_Receive_DMA
 .text.UART_DMATransmitCplt
                0x000000000800b3c0       0x2c ./Drivers/STM32L4xx_HAL_Driver/Src/stm32l4xx_hal_uart.o
 .text.HAL_UART_TxHalfCpltCallback
                0x000000000800b3ec        0x4 ./Drivers/STM32L4xx_HAL_Driver/Src/stm32l4xx_hal_uart.o
                0x000000000800b3ec                HAL_UART_TxHalfCpltCallback
 .text.UART_DMATxHalfCplt
                0x000000000800b3f0        0xc ./Drivers/STM32L4xx_HAL_Driver/Src/stm32l4xx_hal_uart.o
 .text.HAL_UART_RxCpltCallback
                0x000000000800b3fc        0x4 ./Drivers/STM32L4xx_HAL_Driver/Src/stm32l4xx_hal_uart.o
                0x000000000800b3fc                HAL_UART_RxCpltCallback
 .text.UART_DMAReceiveCplt
                0x000000000800b400       0x38 ./Drivers/STM32L4xx_HAL_Driver/Src/stm32l4xx_hal_uart.o
 .text.HAL_UART_RxHalfCpltCallback
                0x000000000800b438        0x4 ./Drivers/STM32L4xx_HAL_Driver/Src/stm32l4xx_hal_uart.o
                0x000000000800b438                HAL_UART_RxHalfCpltCallback
 .text.UART_DMARxHalfCplt
                0x000000000800b43c        0xc ./Drivers/STM32L4xx_HAL_Driver/Src/stm32l4xx_hal_uart.o
 .text.UART_DMAError
                0x000000000800b448       0x68 ./Drivers/STM32L4xx_HAL_Driver/Src/stm32l4xx_hal_uart.o
 .text.HAL_UART_IRQHandler
                0x000000000800b4b0      0x164 ./Drivers/STM32L4xx_HAL_Driver/Src/stm32l4xx_hal_uart.o
                0x000000000800b4b0                HAL_UART_IRQHandler
 .text.UART_DMAAbortOnError
                0x000000000800b614       0x18 ./Drivers/STM32L4xx_HAL_Driver/Src/stm32l4xx_hal_uart.o
 .text.UART_AdvFeatureConfig
                0x000000000800b62c       0xb0 ./Drivers/STM32L4xx_HAL_Driver/Src/stm32l4xx_hal_uart.o
                0x000000000800b62c                UART_AdvFeatureConfig
 .text.HAL_UART_Init
                0x000000000800b6dc      0x39c ./Drivers/STM32L4xx_HAL_Driver/Src/stm32l4xx_hal_uart.o
                0x000000000800b6dc                HAL_UART_Init
 .text.HAL_UARTEx_WakeupCallback
                0x000000000800ba78        0x4 ./Drivers/STM32L4xx_HAL_Driver/Src/stm32l4xx_hal_uart_ex.o
                0x000000000800ba78                HAL_UARTEx_WakeupCallback
 .text.LL_GPIO_Init
                0x000000000800ba7c      0x164 ./Drivers/STM32L4xx_HAL_Driver/Src/stm32l4xx_ll_gpio.o
                0x000000000800ba7c                LL_GPIO_Init
 .text.Reset_Handler
                0x000000000800bbe0       0x50 ./startup_stm32l432xx.o
                0x000000000800bbe0                Reset_Handler
 .text.Default_Handler
                0x000000000800bc30        0x2 ./startup_stm32l432xx.o
                0x000000000800bc30                RTC_Alarm_IRQHandler
                0x000000000800bc30                EXTI2_IRQHandler
                0x000000000800bc30                DebugMon_Handler
                0x000000000800bc30                TIM1_CC_IRQHandler
                0x000000000800bc30                TSC_IRQHandler
                0x000000000800bc30                HardFault_Handler
                0x000000000800bc30                TAMP_STAMP_IRQHandler
                0x000000000800bc30                PendSV_Handler
                0x000000000800bc30                NMI_Handler
                0x000000000800bc30                EXTI3_IRQHandler
                0x000000000800bc30                LPTIM2_IRQHandler
                0x000000000800bc30                I2C3_ER_IRQHandler
                0x000000000800bc30                EXTI0_IRQHandler
                0x000000000800bc30                CAN1_RX0_IRQHandler
                0x000000000800bc30                FPU_IRQHandler
                0x000000000800bc30                TIM1_UP_TIM16_IRQHandler
                0x000000000800bc30                UsageFault_Handler
                0x000000000800bc30                SPI1_IRQHandler
                0x000000000800bc30                TIM6_DAC_IRQHandler
                0x000000000800bc30                DMA2_Channel2_IRQHandler
                0x000000000800bc30                ADC1_IRQHandler
                0x000000000800bc30                CAN1_RX1_IRQHandler
                0x000000000800bc30                DMA2_Channel1_IRQHandler
                0x000000000800bc30                QUADSPI_IRQHandler
                0x000000000800bc30                I2C1_EV_IRQHandler
                0x000000000800bc30                DMA2_Channel4_IRQHandler
                0x000000000800bc30                RCC_IRQHandler
                0x000000000800bc30                TIM1_TRG_COM_IRQHandler
                0x000000000800bc30                DMA1_Channel1_IRQHandler
                0x000000000800bc30                Default_Handler
                0x000000000800bc30                DMA2_Channel7_IRQHandler
                0x000000000800bc30                EXTI15_10_IRQHandler
                0x000000000800bc30                TIM7_IRQHandler
                0x000000000800bc30                I2C3_EV_IRQHandler
                0x000000000800bc30                USB_IRQHandler
                0x000000000800bc30                EXTI9_5_IRQHandler
                0x000000000800bc30                RTC_WKUP_IRQHandler
                0x000000000800bc30                PVD_PVM_IRQHandler
                0x000000000800bc30                MemManage_Handler
                0x000000000800bc30                CAN1_TX_IRQHandler
                0x000000000800bc30                SVC_Handler
                0x000000000800bc30                DMA2_Channel5_IRQHandler
                0x000000000800bc30                CRS_IRQHandler
                0x000000000800bc30                EXTI4_IRQHandler
                0x000000000800bc30                RNG_IRQHandler
                0x000000000800bc30                DMA1_Channel3_IRQHandler
                0x000000000800bc30                COMP_IRQHandler
                0x000000000800bc30                WWDG_IRQHandler
                0x000000000800bc30                LPUART1_IRQHandler
                0x000000000800bc30                DMA2_Channel6_IRQHandler
                0x000000000800bc30                TIM2_IRQHandler
                0x000000000800bc30                EXTI1_IRQHandler
                0x000000000800bc30                DMA1_Channel2_IRQHandler
                0x000000000800bc30                CAN1_SCE_IRQHandler
                0x000000000800bc30                FLASH_IRQHandler
                0x000000000800bc30                BusFault_Handler
                0x000000000800bc30                SPI3_IRQHandler
                0x000000000800bc30                I2C1_ER_IRQHandler
                0x000000000800bc30                SWPMI1_IRQHandler
                0x000000000800bc30                LPTIM1_IRQHandler
                0x000000000800bc30                SAI1_IRQHandler
                0x000000000800bc30                DMA2_Channel3_IRQHandler
                0x000000000800bc30                TIM1_BRK_TIM15_IRQHandler
 *fill*         0x000000000800bc32        0x2 
 .text.abort    0x000000000800bc34       0x10 /usr/bin/../lib/gcc/arm-none-eabi/6.3.1/../../../../arm-none-eabi/lib/thumb/v7e-m/fpv4-sp/hard/libg.a(lib_a-abort.o)
                0x000000000800bc34                abort
 .text.atoi     0x000000000800bc44        0x8 /usr/bin/../lib/gcc/arm-none-eabi/6.3.1/../../../../arm-none-eabi/lib/thumb/v7e-m/fpv4-sp/hard/libg.a(lib_a-atoi.o)
                0x000000000800bc44                atoi
 .text.calloc   0x000000000800bc4c       0x10 /usr/bin/../lib/gcc/arm-none-eabi/6.3.1/../../../../arm-none-eabi/lib/thumb/v7e-m/fpv4-sp/hard/libg.a(lib_a-calloc.o)
                0x000000000800bc4c                calloc
 .text._calloc_r
                0x000000000800bc5c       0x60 /usr/bin/../lib/gcc/arm-none-eabi/6.3.1/../../../../arm-none-eabi/lib/thumb/v7e-m/fpv4-sp/hard/libg.a(lib_a-callocr.o)
                0x000000000800bc5c                _calloc_r
 .text.__libc_init_array
                0x000000000800bcbc       0x50 /usr/bin/../lib/gcc/arm-none-eabi/6.3.1/../../../../arm-none-eabi/lib/thumb/v7e-m/fpv4-sp/hard/libg.a(lib_a-init.o)
                0x000000000800bcbc                __libc_init_array
 .text.malloc   0x000000000800bd0c       0x10 /usr/bin/../lib/gcc/arm-none-eabi/6.3.1/../../../../arm-none-eabi/lib/thumb/v7e-m/fpv4-sp/hard/libg.a(lib_a-malloc.o)
                0x000000000800bd0c                malloc
 .text.free     0x000000000800bd1c       0x10 /usr/bin/../lib/gcc/arm-none-eabi/6.3.1/../../../../arm-none-eabi/lib/thumb/v7e-m/fpv4-sp/hard/libg.a(lib_a-malloc.o)
                0x000000000800bd1c                free
 .text._malloc_r
                0x000000000800bd2c      0x560 /usr/bin/../lib/gcc/arm-none-eabi/6.3.1/../../../../arm-none-eabi/lib/thumb/v7e-m/fpv4-sp/hard/libg.a(lib_a-mallocr.o)
                0x000000000800bd2c                _malloc_r
 .text.memset   0x000000000800c28c       0x9c /usr/bin/../lib/gcc/arm-none-eabi/6.3.1/../../../../arm-none-eabi/lib/thumb/v7e-m/fpv4-sp/hard/libg.a(lib_a-memset.o)
                0x000000000800c28c                memset
 .text.__malloc_lock
                0x000000000800c328        0xc /usr/bin/../lib/gcc/arm-none-eabi/6.3.1/../../../../arm-none-eabi/lib/thumb/v7e-m/fpv4-sp/hard/libg.a(lib_a-mlock.o)
                0x000000000800c328                __malloc_lock
 .text.__malloc_unlock
                0x000000000800c334        0xc /usr/bin/../lib/gcc/arm-none-eabi/6.3.1/../../../../arm-none-eabi/lib/thumb/v7e-m/fpv4-sp/hard/libg.a(lib_a-mlock.o)
                0x000000000800c334                __malloc_unlock
 .text._sbrk_r  0x000000000800c340       0x24 /usr/bin/../lib/gcc/arm-none-eabi/6.3.1/../../../../arm-none-eabi/lib/thumb/v7e-m/fpv4-sp/hard/libg.a(lib_a-sbrkr.o)
                0x000000000800c340                _sbrk_r
 .text._raise_r
                0x000000000800c364       0x60 /usr/bin/../lib/gcc/arm-none-eabi/6.3.1/../../../../arm-none-eabi/lib/thumb/v7e-m/fpv4-sp/hard/libg.a(lib_a-signal.o)
                0x000000000800c364                _raise_r
 .text.raise    0x000000000800c3c4       0x10 /usr/bin/../lib/gcc/arm-none-eabi/6.3.1/../../../../arm-none-eabi/lib/thumb/v7e-m/fpv4-sp/hard/libg.a(lib_a-signal.o)
                0x000000000800c3c4                raise
 .text._kill_r  0x000000000800c3d4       0x28 /usr/bin/../lib/gcc/arm-none-eabi/6.3.1/../../../../arm-none-eabi/lib/thumb/v7e-m/fpv4-sp/hard/libg.a(lib_a-signalr.o)
                0x000000000800c3d4                _kill_r
 .text._getpid_r
                0x000000000800c3fc        0x4 /usr/bin/../lib/gcc/arm-none-eabi/6.3.1/../../../../arm-none-eabi/lib/thumb/v7e-m/fpv4-sp/hard/libg.a(lib_a-signalr.o)
                0x000000000800c3fc                _getpid_r
 .text.siprintf
                0x000000000800c400       0x4c /usr/bin/../lib/gcc/arm-none-eabi/6.3.1/../../../../arm-none-eabi/lib/thumb/v7e-m/fpv4-sp/hard/libg.a(lib_a-siprintf.o)
                0x000000000800c400                siprintf
 .text.siscanf  0x000000000800c44c       0x58 /usr/bin/../lib/gcc/arm-none-eabi/6.3.1/../../../../arm-none-eabi/lib/thumb/v7e-m/fpv4-sp/hard/libg.a(lib_a-siscanf.o)
                0x000000000800c44c                siscanf
 .text.sniprintf
                0x000000000800c4a4       0x98 /usr/bin/../lib/gcc/arm-none-eabi/6.3.1/../../../../arm-none-eabi/lib/thumb/v7e-m/fpv4-sp/hard/libg.a(lib_a-sniprintf.o)
                0x000000000800c4a4                sniprintf
 .text.__seofread
                0x000000000800c53c        0x4 /usr/bin/../lib/gcc/arm-none-eabi/6.3.1/../../../../arm-none-eabi/lib/thumb/v7e-m/fpv4-sp/hard/libg.a(lib_a-stdio.o)
                0x000000000800c53c                __seofread
 .text.strncasecmp
                0x000000000800c540       0x60 /usr/bin/../lib/gcc/arm-none-eabi/6.3.1/../../../../arm-none-eabi/lib/thumb/v7e-m/fpv4-sp/hard/libg.a(lib_a-strncasecmp.o)
                0x000000000800c540                strncasecmp
 .text.strncmp  0x000000000800c5a0       0xa4 /usr/bin/../lib/gcc/arm-none-eabi/6.3.1/../../../../arm-none-eabi/lib/thumb/v7e-m/fpv4-sp/hard/libg.a(lib_a-strncmp.o)
                0x000000000800c5a0                strncmp
 .text.strncpy  0x000000000800c644       0x64 /usr/bin/../lib/gcc/arm-none-eabi/6.3.1/../../../../arm-none-eabi/lib/thumb/v7e-m/fpv4-sp/hard/libg.a(lib_a-strncpy.o)
                0x000000000800c644                strncpy
 .text.strtok   0x000000000800c6a8       0x10 /usr/bin/../lib/gcc/arm-none-eabi/6.3.1/../../../../arm-none-eabi/lib/thumb/v7e-m/fpv4-sp/hard/libg.a(lib_a-strtok.o)
                0x000000000800c6a8                strtok
 .text.__strtok_r
                0x000000000800c6b8       0x64 /usr/bin/../lib/gcc/arm-none-eabi/6.3.1/../../../../arm-none-eabi/lib/thumb/v7e-m/fpv4-sp/hard/libg.a(lib_a-strtok_r.o)
                0x000000000800c6b8                __strtok_r
 .text._strtol_l.isra.0
                0x000000000800c71c      0x128 /usr/bin/../lib/gcc/arm-none-eabi/6.3.1/../../../../arm-none-eabi/lib/thumb/v7e-m/fpv4-sp/hard/libg.a(lib_a-strtol.o)
 .text._strtol_r
                0x000000000800c844       0x24 /usr/bin/../lib/gcc/arm-none-eabi/6.3.1/../../../../arm-none-eabi/lib/thumb/v7e-m/fpv4-sp/hard/libg.a(lib_a-strtol.o)
                0x000000000800c844                _strtol_r
 .text.strtol   0x000000000800c868       0x2c /usr/bin/../lib/gcc/arm-none-eabi/6.3.1/../../../../arm-none-eabi/lib/thumb/v7e-m/fpv4-sp/hard/libg.a(lib_a-strtol.o)
                0x000000000800c868                strtol
 .text._strtoul_l.isra.0
                0x000000000800c894      0x148 /usr/bin/../lib/gcc/arm-none-eabi/6.3.1/../../../../arm-none-eabi/lib/thumb/v7e-m/fpv4-sp/hard/libg.a(lib_a-strtoul.o)
 .text._strtoul_r
                0x000000000800c9dc       0x24 /usr/bin/../lib/gcc/arm-none-eabi/6.3.1/../../../../arm-none-eabi/lib/thumb/v7e-m/fpv4-sp/hard/libg.a(lib_a-strtoul.o)
                0x000000000800c9dc                _strtoul_r
 .text.strtoul  0x000000000800ca00       0x2c /usr/bin/../lib/gcc/arm-none-eabi/6.3.1/../../../../arm-none-eabi/lib/thumb/v7e-m/fpv4-sp/hard/libg.a(lib_a-strtoul.o)
                0x000000000800ca00                strtoul
 .text.__ssprint_r
                0x000000000800ca2c       0xfc /usr/bin/../lib/gcc/arm-none-eabi/6.3.1/../../../../arm-none-eabi/lib/thumb/v7e-m/fpv4-sp/hard/libg.a(lib_a-svfiprintf.o)
                0x000000000800ca2c                __ssprint_r
 .text._svfiprintf_r
                0x000000000800cb28      0xa54 /usr/bin/../lib/gcc/arm-none-eabi/6.3.1/../../../../arm-none-eabi/lib/thumb/v7e-m/fpv4-sp/hard/libg.a(lib_a-svfiprintf.o)
                0x000000000800cb28                _svfiprintf_r
 .text._sungetc_r
                0x000000000800d57c       0x80 /usr/bin/../lib/gcc/arm-none-eabi/6.3.1/../../../../arm-none-eabi/lib/thumb/v7e-m/fpv4-sp/hard/libg.a(lib_a-svfiscanf.o)
                0x000000000800d57c                _sungetc_r
 .text.__ssrefill_r
                0x000000000800d5fc       0x3c /usr/bin/../lib/gcc/arm-none-eabi/6.3.1/../../../../arm-none-eabi/lib/thumb/v7e-m/fpv4-sp/hard/libg.a(lib_a-svfiscanf.o)
                0x000000000800d5fc                __ssrefill_r
 .text._sfread_r
                0x000000000800d638       0x80 /usr/bin/../lib/gcc/arm-none-eabi/6.3.1/../../../../arm-none-eabi/lib/thumb/v7e-m/fpv4-sp/hard/libg.a(lib_a-svfiscanf.o)
                0x000000000800d638                _sfread_r
 .text.__ssvfiscanf_r
                0x000000000800d6b8      0x9a0 /usr/bin/../lib/gcc/arm-none-eabi/6.3.1/../../../../arm-none-eabi/lib/thumb/v7e-m/fpv4-sp/hard/libg.a(lib_a-svfiscanf.o)
                0x000000000800d6b8                __ssvfiscanf_r
 .text.__submore
                0x000000000800e058       0x78 /usr/bin/../lib/gcc/arm-none-eabi/6.3.1/../../../../arm-none-eabi/lib/thumb/v7e-m/fpv4-sp/hard/libg.a(lib_a-ungetc.o)
                0x000000000800e058                __submore
 .text._vasiprintf_r
                0x000000000800e0d0       0x38 /usr/bin/../lib/gcc/arm-none-eabi/6.3.1/../../../../arm-none-eabi/lib/thumb/v7e-m/fpv4-sp/hard/libg.a(lib_a-vasiprintf.o)
                0x000000000800e0d0                _vasiprintf_r
 .text.vasiprintf
                0x000000000800e108       0x18 /usr/bin/../lib/gcc/arm-none-eabi/6.3.1/../../../../arm-none-eabi/lib/thumb/v7e-m/fpv4-sp/hard/libg.a(lib_a-vasiprintf.o)
                0x000000000800e108                vasiprintf
 .text.startup.register_fini
                0x000000000800e120       0x14 /usr/bin/../lib/gcc/arm-none-eabi/6.3.1/../../../../arm-none-eabi/lib/thumb/v7e-m/fpv4-sp/hard/libg.a(lib_a-__call_atexit.o)
 .text.atexit   0x000000000800e134        0xc /usr/bin/../lib/gcc/arm-none-eabi/6.3.1/../../../../arm-none-eabi/lib/thumb/v7e-m/fpv4-sp/hard/libg.a(lib_a-atexit.o)
                0x000000000800e134                atexit
 .text.__libc_fini_array
                0x000000000800e140       0x34 /usr/bin/../lib/gcc/arm-none-eabi/6.3.1/../../../../arm-none-eabi/lib/thumb/v7e-m/fpv4-sp/hard/libg.a(lib_a-fini.o)
                0x000000000800e140                __libc_fini_array
 .text._malloc_trim_r
                0x000000000800e174       0xa0 /usr/bin/../lib/gcc/arm-none-eabi/6.3.1/../../../../arm-none-eabi/lib/thumb/v7e-m/fpv4-sp/hard/libg.a(lib_a-freer.o)
                0x000000000800e174                _malloc_trim_r
 .text._free_r  0x000000000800e214      0x1cc /usr/bin/../lib/gcc/arm-none-eabi/6.3.1/../../../../arm-none-eabi/lib/thumb/v7e-m/fpv4-sp/hard/libg.a(lib_a-freer.o)
                0x000000000800e214                _free_r
 .text.iswspace
                0x000000000800e3e0       0x1c /usr/bin/../lib/gcc/arm-none-eabi/6.3.1/../../../../arm-none-eabi/lib/thumb/v7e-m/fpv4-sp/hard/libg.a(lib_a-iswspace.o)
                0x000000000800e3e0                iswspace
 .text.__locale_mb_cur_max
                0x000000000800e3fc       0x1c /usr/bin/../lib/gcc/arm-none-eabi/6.3.1/../../../../arm-none-eabi/lib/thumb/v7e-m/fpv4-sp/hard/libg.a(lib_a-locale.o)
                0x000000000800e3fc                __locale_mb_cur_max
 .text.__locale_ctype_ptr_l
                0x000000000800e418        0x8 /usr/bin/../lib/gcc/arm-none-eabi/6.3.1/../../../../arm-none-eabi/lib/thumb/v7e-m/fpv4-sp/hard/libg.a(lib_a-locale.o)
                0x000000000800e418                __locale_ctype_ptr_l
 .text.__locale_ctype_ptr
                0x000000000800e420       0x1c /usr/bin/../lib/gcc/arm-none-eabi/6.3.1/../../../../arm-none-eabi/lib/thumb/v7e-m/fpv4-sp/hard/libg.a(lib_a-locale.o)
                0x000000000800e420                __locale_ctype_ptr
 .text.__retarget_lock_acquire_recursive
                0x000000000800e43c        0x4 /usr/bin/../lib/gcc/arm-none-eabi/6.3.1/../../../../arm-none-eabi/lib/thumb/v7e-m/fpv4-sp/hard/libg.a(lib_a-lock.o)
                0x000000000800e43c                __retarget_lock_acquire_recursive
 .text.__retarget_lock_release_recursive
                0x000000000800e440        0x4 /usr/bin/../lib/gcc/arm-none-eabi/6.3.1/../../../../arm-none-eabi/lib/thumb/v7e-m/fpv4-sp/hard/libg.a(lib_a-lock.o)
                0x000000000800e440                __retarget_lock_release_recursive
 .text._mbrtowc_r
                0x000000000800e444       0x5c /usr/bin/../lib/gcc/arm-none-eabi/6.3.1/../../../../arm-none-eabi/lib/thumb/v7e-m/fpv4-sp/hard/libg.a(lib_a-mbrtowc.o)
                0x000000000800e444                _mbrtowc_r
 .text.__ascii_mbtowc
                0x000000000800e4a0       0x2c /usr/bin/../lib/gcc/arm-none-eabi/6.3.1/../../../../arm-none-eabi/lib/thumb/v7e-m/fpv4-sp/hard/libg.a(lib_a-mbtowc_r.o)
                0x000000000800e4a0                __ascii_mbtowc
 .text.memmove  0x000000000800e4cc       0xc8 /usr/bin/../lib/gcc/arm-none-eabi/6.3.1/../../../../arm-none-eabi/lib/thumb/v7e-m/fpv4-sp/hard/libg.a(lib_a-memmove.o)
                0x000000000800e4cc                memmove
 .text._realloc_r
                0x000000000800e594      0x34c /usr/bin/../lib/gcc/arm-none-eabi/6.3.1/../../../../arm-none-eabi/lib/thumb/v7e-m/fpv4-sp/hard/libg.a(lib_a-reallocr.o)
                0x000000000800e594                _realloc_r
 .text.__sccl   0x000000000800e8e0       0x74 /usr/bin/../lib/gcc/arm-none-eabi/6.3.1/../../../../arm-none-eabi/lib/thumb/v7e-m/fpv4-sp/hard/libg.a(lib_a-sccl.o)
                0x000000000800e8e0                __sccl
 .text._strtoll_l.isra.0
                0x000000000800e954      0x19c /usr/bin/../lib/gcc/arm-none-eabi/6.3.1/../../../../arm-none-eabi/lib/thumb/v7e-m/fpv4-sp/hard/libg.a(lib_a-strtoll.o)
 .text._strtoll_r
                0x000000000800eaf0       0x24 /usr/bin/../lib/gcc/arm-none-eabi/6.3.1/../../../../arm-none-eabi/lib/thumb/v7e-m/fpv4-sp/hard/libg.a(lib_a-strtoll.o)
                0x000000000800eaf0                _strtoll_r
 .text._strtoull_l.isra.0
                0x000000000800eb14      0x1bc /usr/bin/../lib/gcc/arm-none-eabi/6.3.1/../../../../arm-none-eabi/lib/thumb/v7e-m/fpv4-sp/hard/libg.a(lib_a-strtoull.o)
 .text._strtoull_r
                0x000000000800ecd0       0x24 /usr/bin/../lib/gcc/arm-none-eabi/6.3.1/../../../../arm-none-eabi/lib/thumb/v7e-m/fpv4-sp/hard/libg.a(lib_a-strtoull.o)
                0x000000000800ecd0                _strtoull_r
 .text.__ascii_wctomb
                0x000000000800ecf4       0x1c /usr/bin/../lib/gcc/arm-none-eabi/6.3.1/../../../../arm-none-eabi/lib/thumb/v7e-m/fpv4-sp/hard/libg.a(lib_a-wctomb_r.o)
                0x000000000800ecf4                __ascii_wctomb
 .text.__register_exitproc
                0x000000000800ed10       0xc4 /usr/bin/../lib/gcc/arm-none-eabi/6.3.1/../../../../arm-none-eabi/lib/thumb/v7e-m/fpv4-sp/hard/libg.a(lib_a-__atexit.o)
                0x000000000800ed10                __register_exitproc
 *(.glue_7)
 .glue_7        0x000000000800edd4        0x0 linker stubs
 *(.glue_7t)
 .glue_7t       0x000000000800edd4        0x0 linker stubs
 *(.eh_frame)
 .eh_frame      0x000000000800edd4        0x0 /usr/bin/../lib/gcc/arm-none-eabi/6.3.1/thumb/v7e-m/fpv4-sp/hard/crtbegin.o
 *(.init)
 .init          0x000000000800edd4        0x4 /usr/bin/../lib/gcc/arm-none-eabi/6.3.1/thumb/v7e-m/fpv4-sp/hard/crti.o
                0x000000000800edd4                _init
 .init          0x000000000800edd8        0x8 /usr/bin/../lib/gcc/arm-none-eabi/6.3.1/thumb/v7e-m/fpv4-sp/hard/crtn.o
 *(.fini)
 .fini          0x000000000800ede0        0x4 /usr/bin/../lib/gcc/arm-none-eabi/6.3.1/thumb/v7e-m/fpv4-sp/hard/crti.o
                0x000000000800ede0                _fini
 .fini          0x000000000800ede4        0x8 /usr/bin/../lib/gcc/arm-none-eabi/6.3.1/thumb/v7e-m/fpv4-sp/hard/crtn.o
                0x000000000800edf0                . = ALIGN (0x8)
 *fill*         0x000000000800edec        0x4 
                0x000000000800edf0                _etext = .

.vfp11_veneer   0x000000000800edf0        0x0
 .vfp11_veneer  0x000000000800edf0        0x0 linker stubs

.v4_bx          0x000000000800edf0        0x0
 .v4_bx         0x000000000800edf0        0x0 linker stubs

.iplt           0x000000000800edf0        0x0
 .iplt          0x000000000800edf0        0x0 /usr/bin/../lib/gcc/arm-none-eabi/6.3.1/thumb/v7e-m/fpv4-sp/hard/crtbegin.o

.rodata         0x000000000800edf0     0x3128
                0x000000000800edf0                . = ALIGN (0x8)
 *(.rodata)
 .rodata        0x000000000800edf0       0x44 ./Src/blueProbe/target/cortexm.o
 .rodata        0x000000000800ee34       0x24 ./Src/blueProbe/target/stm32l4.o
 *(.rodata*)
 .rodata.pidr_pn_bits
                0x000000000800ee58       0xb0 ./Src/blueProbe/target/adiv5.o
 .rodata.adiv5_jtagdp_low_access.str1.4
                0x000000000800ef08       0x28 ./Src/blueProbe/target/adiv5_jtagdp.o
 .rodata.adiv5_swdp_low_access.str1.4
                0x000000000800ef30       0x3a ./Src/blueProbe/target/adiv5_swdp.o
 *fill*         0x000000000800ef6a        0x2 
 .rodata.cortexa_driver_str
                0x000000000800ef6c        0xd ./Src/blueProbe/target/cortexa.o
 *fill*         0x000000000800ef79        0x3 
 .rodata.cortexa_halt_request.str1.4
                0x000000000800ef7c       0x2e ./Src/blueProbe/target/cortexa.o
 *fill*         0x000000000800efaa        0x2 
 .rodata.tdesc_cortex_a
                0x000000000800efac      0x648 ./Src/blueProbe/target/cortexa.o
 .rodata.CSWTCH.30
                0x000000000800f5f4       0x10 ./Src/blueProbe/target/cortexm.o
 .rodata.cortexm_cmd_list
                0x000000000800f604       0x18 ./Src/blueProbe/target/cortexm.o
                0x000000000800f604                cortexm_cmd_list
 .rodata.cortexm_driver_str
                0x000000000800f61c        0xd ./Src/blueProbe/target/cortexm.o
 *fill*         0x000000000800f629        0x3 
 .rodata.cortexm_halt_poll.str1.4
                0x000000000800f62c        0x4 ./Src/blueProbe/target/cortexm.o
 .rodata.cortexm_halt_request.str1.4
                0x000000000800f630       0x2e ./Src/blueProbe/target/cortexm.o
 .rodata.cortexm_run_stub.str1.4
                0x000000000800f630       0x14 ./Src/blueProbe/target/cortexm.o
 .rodata.cortexm_vector_catch.str1.4
                0x000000000800f644       0x6c ./Src/blueProbe/target/cortexm.o
                                         0x6e (size before relaxing)
 .rodata.regnum_cortex_m
                0x000000000800f6b0       0x50 ./Src/blueProbe/target/cortexm.o
 .rodata.regnum_cortex_mf
                0x000000000800f700       0x84 ./Src/blueProbe/target/cortexm.o
 .rodata.str1.4
                0x000000000800f784       0x58 ./Src/blueProbe/target/cortexm.o
 .rodata.tdesc_cortex_m
                0x000000000800f7dc      0x3d0 ./Src/blueProbe/target/cortexm.o
 .rodata.tdesc_cortex_mf
                0x000000000800fbac      0x70c ./Src/blueProbe/target/cortexm.o
 .rodata.jtag_scan.str1.4
                0x00000000080102b8      0x209 ./Src/blueProbe/target/jtag_scan.o
 *fill*         0x00000000080104c1        0x3 
 .rodata.ones   0x00000000080104c4        0x9 ./Src/blueProbe/target/jtag_scan.o
 *fill*         0x00000000080104cd        0x3 
 .rodata.kinetis_mdm_cmd_erase_mass.str1.4
                0x00000000080104d0       0xbd ./Src/blueProbe/target/kinetis.o
 *fill*         0x000000000801058d        0x3 
 .rodata.kinetis_mdm_cmd_list
                0x0000000008010590       0x18 ./Src/blueProbe/target/kinetis.o
                0x0000000008010590                kinetis_mdm_cmd_list
 .rodata.kinetis_mdm_probe.str1.4
                0x00000000080105a8       0x1a ./Src/blueProbe/target/kinetis.o
 *fill*         0x00000000080105c2        0x2 
 .rodata.str1.4
                0x00000000080105c4       0x61 ./Src/blueProbe/target/kinetis.o
 *fill*         0x0000000008010625        0x3 
 .rodata.stm32f1_cmd_list
                0x0000000008010628       0x24 ./Src/blueProbe/target/stm32f1.o
                0x0000000008010628                stm32f1_cmd_list
 .rodata.stm32f1_cmd_option.str1.4
                0x000000000801064c       0xb8 ./Src/blueProbe/target/stm32f1.o
 .rodata.stm32f1_flash_write_stub
                0x0000000008010704       0x30 ./Src/blueProbe/target/stm32f1.o
 .rodata.stm32f1_probe.str1.4
                0x0000000008010734       0xa0 ./Src/blueProbe/target/stm32f1.o
 .rodata.str1.4
                0x00000000080107d4       0x20 ./Src/blueProbe/target/stm32f1.o
                                         0x48 (size before relaxing)
 .rodata.stm32f4_cmd_erase_mass.str1.4
                0x00000000080107f4       0x39 ./Src/blueProbe/target/stm32f4.o
                                         0x3d (size before relaxing)
 *fill*         0x000000000801082d        0x3 
 .rodata.stm32f4_cmd_list
                0x0000000008010830       0x30 ./Src/blueProbe/target/stm32f4.o
                0x0000000008010830                stm32f4_cmd_list
 .rodata.stm32f4_cmd_option.str1.4
                0x0000000008010860       0x7e ./Src/blueProbe/target/stm32f4.o
                                         0xa6 (size before relaxing)
 *fill*         0x00000000080108de        0x2 
 .rodata.stm32f4_cmd_psize.str1.4
                0x00000000080108e0       0x47 ./Src/blueProbe/target/stm32f4.o
 *fill*         0x0000000008010927        0x1 
 .rodata.stm32f4_flash_write_x32_stub
                0x0000000008010928       0x38 ./Src/blueProbe/target/stm32f4.o
 .rodata.stm32f4_flash_write_x8_stub
                0x0000000008010960       0x34 ./Src/blueProbe/target/stm32f4.o
 .rodata.stm32f4_probe.str1.4
                0x0000000008010994       0x96 ./Src/blueProbe/target/stm32f4.o
 *fill*         0x0000000008010a2a        0x2 
 .rodata.str1.4
                0x0000000008010a2c       0x3d ./Src/blueProbe/target/stm32f4.o
                                         0x85 (size before relaxing)
 *fill*         0x0000000008010a69        0x3 
 .rodata.stm32l0_probe.str1.4
                0x0000000008010a6c       0x15 ./Src/blueProbe/target/stm32l0.o
 *fill*         0x0000000008010a81        0x3 
 .rodata.stm32lx_cmd_eeprom.str1.4
                0x0000000008010a84      0x191 ./Src/blueProbe/target/stm32l0.o
                                        0x199 (size before relaxing)
 *fill*         0x0000000008010c15        0x3 
 .rodata.stm32lx_cmd_list
                0x0000000008010c18       0x24 ./Src/blueProbe/target/stm32l0.o
 .rodata.stm32lx_cmd_option.str1.4
                0x0000000008010c3c      0x283 ./Src/blueProbe/target/stm32l0.o
                                        0x28b (size before relaxing)
 *fill*         0x0000000008010ebf        0x1 
 .rodata.str1.4
                0x0000000008010ec0       0x2b ./Src/blueProbe/target/stm32l0.o
                                         0x4b (size before relaxing)
 *fill*         0x0000000008010eeb        0x1 
 .rodata.i2offset
                0x0000000008010eec        0x9 ./Src/blueProbe/target/stm32l4.o
 .rodata.stm32l4_cmd_erase.str1.4
                0x0000000008010ef5       0x3d ./Src/blueProbe/target/stm32l4.o
 *fill*         0x0000000008010ef5        0x3 
 .rodata.stm32l4_cmd_list
                0x0000000008010ef8       0x3c ./Src/blueProbe/target/stm32l4.o
                0x0000000008010ef8                stm32l4_cmd_list
 .rodata.stm32l4_cmd_option.str1.4
                0x0000000008010f34       0x80 ./Src/blueProbe/target/stm32l4.o
                                         0xb0 (size before relaxing)
 .rodata.stm32l4_driver_str
                0x0000000008010fb4        0xa ./Src/blueProbe/target/stm32l4.o
 *fill*         0x0000000008010fbe        0x2 
 .rodata.stm32l4_flash_write_stub
                0x0000000008010fc0       0x64 ./Src/blueProbe/target/stm32l4.o
 .rodata.stm32l4_probe.str1.4
                0x0000000008011024       0x1c ./Src/blueProbe/target/stm32l4.o
 .rodata.str1.4
                0x0000000008011040       0x58 ./Src/blueProbe/target/stm32l4.o
                                         0xa0 (size before relaxing)
 .rodata.target_mem_map.str1.4
                0x0000000008011098       0xc2 ./Src/blueProbe/target/target.o
 .rodata.target_tdesc.str1.4
                0x000000000801115a       0xc2 ./Src/blueProbe/target/target.o
                                          0x1 (size before relaxing)
 *fill*         0x000000000801115a        0x2 
 .rodata.tc_printf.constprop.2.str1.4
                0x000000000801115c       0x17 ./Src/blueProbe/target/target.o
 *fill*         0x0000000008011173        0x1 
 .rodata.tc_printf.constprop.3.str1.4
                0x0000000008011174        0xb ./Src/blueProbe/target/target.o
 *fill*         0x000000000801117f        0x1 
 .rodata.gdb_if_init.str1.4
                0x0000000008011180       0x2a ./Src/blueProbe/platforms/stm32/gdb_if.o
 *fill*         0x00000000080111aa        0x2 
 .rodata.cmd_connect_srst.str1.4
                0x00000000080111ac       0x20 ./Src/blueProbe/command.o
 .rodata.cmd_help.str1.4
                0x00000000080111cc       0x1b ./Src/blueProbe/command.o
                                         0x27 (size before relaxing)
 *fill*         0x00000000080111e7        0x1 
 .rodata.cmd_jtag_scan.str1.4
                0x00000000080111e8       0x1a ./Src/blueProbe/command.o
 *fill*         0x0000000008011202        0x2 
 .rodata.cmd_list
                0x0000000008011204       0x84 ./Src/blueProbe/command.o
                0x0000000008011204                cmd_list
 .rodata.cmd_morse.str1.4
                0x0000000008011288       0x1a ./Src/blueProbe/command.o
                                          0x4 (size before relaxing)
 .rodata.cmd_swdp_scan.str1.4
                0x0000000008011288       0x68 ./Src/blueProbe/command.o
 .rodata.cmd_target_power.str1.4
                0x00000000080112f0       0x2f ./Src/blueProbe/command.o
 *fill*         0x000000000801131f        0x1 
 .rodata.cmd_targets.str1.4
                0x0000000008011320       0x3e ./Src/blueProbe/command.o
 *fill*         0x000000000801135e        0x2 
 .rodata.cmd_version.str1.4
                0x0000000008011360       0xd4 ./Src/blueProbe/command.o
 .rodata.command_process.str1.4
                0x0000000008011434        0x3 ./Src/blueProbe/command.o
 *fill*         0x0000000008011437        0x1 
 .rodata.display_target.str1.4
                0x0000000008011438        0xe ./Src/blueProbe/command.o
 *fill*         0x0000000008011446        0x2 
 .rodata.str1.4
                0x0000000008011448      0x1c8 ./Src/blueProbe/command.o
 .rodata.crc32_table
                0x0000000008011610      0x400 ./Src/blueProbe/crc32.o
 .rodata.hostio_close.str1.4
                0x0000000008011a10        0xc ./Src/blueProbe/gdb_hostio.o
 .rodata.hostio_fstat.str1.4
                0x0000000008011a1c        0xf ./Src/blueProbe/gdb_hostio.o
 *fill*         0x0000000008011a2b        0x1 
 .rodata.hostio_gettimeofday.str1.4
                0x0000000008011a2c       0x18 ./Src/blueProbe/gdb_hostio.o
 .rodata.hostio_isatty.str1.4
                0x0000000008011a44        0xd ./Src/blueProbe/gdb_hostio.o
 *fill*         0x0000000008011a51        0x3 
 .rodata.hostio_lseek.str1.4
                0x0000000008011a54       0x16 ./Src/blueProbe/gdb_hostio.o
 *fill*         0x0000000008011a6a        0x2 
 .rodata.hostio_open.str1.4
                0x0000000008011a6c       0x18 ./Src/blueProbe/gdb_hostio.o
 .rodata.hostio_read.str1.4
                0x0000000008011a84       0x15 ./Src/blueProbe/gdb_hostio.o
 *fill*         0x0000000008011a99        0x3 
 .rodata.hostio_rename.str1.4
                0x0000000008011a9c       0x18 ./Src/blueProbe/gdb_hostio.o
 .rodata.hostio_reply.str1.4
                0x0000000008011ab4        0x9 ./Src/blueProbe/gdb_hostio.o
 *fill*         0x0000000008011abd        0x3 
 .rodata.hostio_stat.str1.4
                0x0000000008011ac0       0x13 ./Src/blueProbe/gdb_hostio.o
 *fill*         0x0000000008011ad3        0x1 
 .rodata.hostio_system.str1.4
                0x0000000008011ad4       0x10 ./Src/blueProbe/gdb_hostio.o
 .rodata.hostio_unlink.str1.4
                0x0000000008011ae4       0x10 ./Src/blueProbe/gdb_hostio.o
 .rodata.hostio_write.str1.4
                0x0000000008011af4       0x16 ./Src/blueProbe/gdb_hostio.o
 *fill*         0x0000000008011b0a        0x2 
 .rodata.gdb_main_loop.str1.4
                0x0000000008011b0c       0xc8 ./Src/blueProbe/gdb_main.o
 .rodata.handle_q_packet.constprop.1.str1.4
                0x0000000008011bd4       0xa1 ./Src/blueProbe/gdb_main.o
                                         0xa9 (size before relaxing)
 *fill*         0x0000000008011c75        0x3 
 .rodata.handle_q_string_reply.str1.4
                0x0000000008011c78        0x6 ./Src/blueProbe/gdb_main.o
                                         0x12 (size before relaxing)
 *fill*         0x0000000008011c7e        0x2 
 .rodata.gdb_putpacket.str1.4
                0x0000000008011c80        0x5 ./Src/blueProbe/gdb_packet.o
 *fill*         0x0000000008011c85        0x3 
 .rodata.hexdigits
                0x0000000008011c88       0x11 ./Src/blueProbe/hex_utils.o
 *fill*         0x0000000008011c99        0x3 
 .rodata.morse_letter
                0x0000000008011c9c       0x68 ./Src/blueProbe/morse.o
 .rodata.MX_ADC1_Init.str1.4
                0x0000000008011d04        0xd ./Src/adc.o
 *fill*         0x0000000008011d11        0x3 
 .rodata.MX_CRC_Init.str1.4
                0x0000000008011d14        0xd ./Src/crc.o
 .rodata.main.str1.4
                0x0000000008011d21       0x11 ./Src/main.o
 *fill*         0x0000000008011d21        0x3 
 .rodata.AHBPrescTable
                0x0000000008011d24       0x10 ./Src/system_stm32l4xx.o
                0x0000000008011d24                AHBPrescTable
 .rodata.APBPrescTable
                0x0000000008011d34        0x8 ./Src/system_stm32l4xx.o
                0x0000000008011d34                APBPrescTable
 .rodata.MSIRangeTable
                0x0000000008011d3c       0x30 ./Src/system_stm32l4xx.o
                0x0000000008011d3c                MSIRangeTable
 .rodata.MX_USART1_UART_Init.str1.4
                0x0000000008011d6c        0xf ./Src/usart.o
 *fill*         0x0000000008011d7b        0x1 
 .rodata.CSWTCH.51
                0x0000000008011d7c        0x4 ./Drivers/STM32L4xx_HAL_Driver/Src/stm32l4xx_hal_uart.o
 .rodata.CSWTCH.52
                0x0000000008011d80        0xd ./Drivers/STM32L4xx_HAL_Driver/Src/stm32l4xx_hal_uart.o
 *fill*         0x0000000008011d8d        0x3 
 .rodata._global_impure_ptr
                0x0000000008011d90        0x4 /usr/bin/../lib/gcc/arm-none-eabi/6.3.1/../../../../arm-none-eabi/lib/thumb/v7e-m/fpv4-sp/hard/libg.a(lib_a-impure.o)
                0x0000000008011d90                _global_impure_ptr
 .rodata._svfiprintf_r.str1.4
                0x0000000008011d94       0x2f /usr/bin/../lib/gcc/arm-none-eabi/6.3.1/../../../../arm-none-eabi/lib/thumb/v7e-m/fpv4-sp/hard/libg.a(lib_a-svfiprintf.o)
 *fill*         0x0000000008011dc3        0x1 
 .rodata.blanks.8326
                0x0000000008011dc4       0x10 /usr/bin/../lib/gcc/arm-none-eabi/6.3.1/../../../../arm-none-eabi/lib/thumb/v7e-m/fpv4-sp/hard/libg.a(lib_a-svfiprintf.o)
 .rodata.zeroes.8327
                0x0000000008011dd4       0x10 /usr/bin/../lib/gcc/arm-none-eabi/6.3.1/../../../../arm-none-eabi/lib/thumb/v7e-m/fpv4-sp/hard/libg.a(lib_a-svfiprintf.o)
 .rodata.basefix.7919
                0x0000000008011de4       0x22 /usr/bin/../lib/gcc/arm-none-eabi/6.3.1/../../../../arm-none-eabi/lib/thumb/v7e-m/fpv4-sp/hard/libg.a(lib_a-svfiscanf.o)
 *fill*         0x0000000008011e06        0x2 
 .rodata._setlocale_r.str1.4
                0x0000000008011e08        0xa /usr/bin/../lib/gcc/arm-none-eabi/6.3.1/../../../../arm-none-eabi/lib/thumb/v7e-m/fpv4-sp/hard/libg.a(lib_a-locale.o)
                                          0xd (size before relaxing)
 .rodata.str1.4
                0x0000000008011e12        0xc /usr/bin/../lib/gcc/arm-none-eabi/6.3.1/../../../../arm-none-eabi/lib/thumb/v7e-m/fpv4-sp/hard/libg.a(lib_a-locale.o)
                                          0x2 (size before relaxing)
 .rodata._mbrtowc_r.str1.4
                0x0000000008011e12        0x1 /usr/bin/../lib/gcc/arm-none-eabi/6.3.1/../../../../arm-none-eabi/lib/thumb/v7e-m/fpv4-sp/hard/libg.a(lib_a-mbrtowc.o)
 *fill*         0x0000000008011e12        0x2 
 .rodata._ctype_
                0x0000000008011e14      0x101 /usr/bin/../lib/gcc/arm-none-eabi/6.3.1/../../../../arm-none-eabi/lib/thumb/v7e-m/fpv4-sp/hard/libg.a(lib_a-ctype_.o)
                0x0000000008011e14                _ctype_
                0x0000000008011f18                . = ALIGN (0x8)
 *fill*         0x0000000008011f15        0x3 

.ARM.extab      0x0000000008011f18        0x0
                0x0000000008011f18                . = ALIGN (0x8)
 *(.ARM.extab* .gnu.linkonce.armextab.*)
                0x0000000008011f18                . = ALIGN (0x8)

.ARM            0x0000000008011f18        0x8
                0x0000000008011f18                . = ALIGN (0x8)
                0x0000000008011f18                __exidx_start = .
 *(.ARM.exidx*)
 .ARM.exidx     0x0000000008011f18        0x8 /usr/bin/../lib/gcc/arm-none-eabi/6.3.1/thumb/v7e-m/fpv4-sp/hard/libgcc.a(_udivmoddi4.o)
                0x0000000008011f20                __exidx_end = .
                0x0000000008011f20                . = ALIGN (0x8)

.rel.dyn        0x0000000008011f20        0x0
 .rel.iplt      0x0000000008011f20        0x0 /usr/bin/../lib/gcc/arm-none-eabi/6.3.1/thumb/v7e-m/fpv4-sp/hard/crtbegin.o

.preinit_array  0x0000000008011f20        0x0
                0x0000000008011f20                . = ALIGN (0x8)
                0x0000000008011f20                PROVIDE (__preinit_array_start, .)
 *(.preinit_array*)
                0x0000000008011f20                PROVIDE (__preinit_array_end, .)
                0x0000000008011f20                . = ALIGN (0x8)

.init_array     0x0000000008011f20        0x8
                0x0000000008011f20                . = ALIGN (0x8)
                0x0000000008011f20                PROVIDE (__init_array_start, .)
 *(SORT(.init_array.*))
 .init_array.00000
                0x0000000008011f20        0x4 /usr/bin/../lib/gcc/arm-none-eabi/6.3.1/../../../../arm-none-eabi/lib/thumb/v7e-m/fpv4-sp/hard/libg.a(lib_a-__call_atexit.o)
 *(.init_array*)
 .init_array    0x0000000008011f24        0x4 /usr/bin/../lib/gcc/arm-none-eabi/6.3.1/thumb/v7e-m/fpv4-sp/hard/crtbegin.o
                0x0000000008011f28                PROVIDE (__init_array_end, .)
                0x0000000008011f28                . = ALIGN (0x8)

.fini_array     0x0000000008011f28        0x8
                0x0000000008011f28                . = ALIGN (0x8)
                0x0000000008011f28                PROVIDE (__fini_array_start, .)
 *(SORT(.fini_array.*))
 *(.fini_array*)
 .fini_array    0x0000000008011f28        0x4 /usr/bin/../lib/gcc/arm-none-eabi/6.3.1/thumb/v7e-m/fpv4-sp/hard/crtbegin.o
                0x0000000008011f2c                PROVIDE (__fini_array_end, .)
                0x0000000008011f30                . = ALIGN (0x8)
 *fill*         0x0000000008011f2c        0x4 
                0x0000000008011f30                _sidata = LOADADDR (.data)

.data           0x0000000020000000      0x9f8 load address 0x0000000008011f30
                0x0000000020000000                . = ALIGN (0x8)
                0x0000000020000000                _sdata = .
 *(.data)
 *(.data*)
 .data.read_idx
                0x0000000020000000        0x4 ./Src/blueProbe/platforms/stm32/gdb_if.o
 .data.ret.12196
                0x0000000020000004        0x5 ./Src/blueProbe/platforms/native/platform.o
 *fill*         0x0000000020000009        0x3 
 .data.gdb_controller
                0x000000002000000c       0x3c ./Src/blueProbe/gdb_main.o
 .data.SystemCoreClock
                0x0000000020000048        0x4 ./Src/system_stm32l4xx.o
                0x0000000020000048                SystemCoreClock
 .data._impure_ptr
                0x000000002000004c        0x4 /usr/bin/../lib/gcc/arm-none-eabi/6.3.1/../../../../arm-none-eabi/lib/thumb/v7e-m/fpv4-sp/hard/libg.a(lib_a-impure.o)
                0x000000002000004c                _impure_ptr
 .data.impure_data
                0x0000000020000050      0x428 /usr/bin/../lib/gcc/arm-none-eabi/6.3.1/../../../../arm-none-eabi/lib/thumb/v7e-m/fpv4-sp/hard/libg.a(lib_a-impure.o)
 .data.__malloc_av_
                0x0000000020000478      0x408 /usr/bin/../lib/gcc/arm-none-eabi/6.3.1/../../../../arm-none-eabi/lib/thumb/v7e-m/fpv4-sp/hard/libg.a(lib_a-mallocr.o)
                0x0000000020000478                __malloc_av_
 .data.__malloc_sbrk_base
                0x0000000020000880        0x4 /usr/bin/../lib/gcc/arm-none-eabi/6.3.1/../../../../arm-none-eabi/lib/thumb/v7e-m/fpv4-sp/hard/libg.a(lib_a-mallocr.o)
                0x0000000020000880                __malloc_sbrk_base
 .data.__malloc_trim_threshold
                0x0000000020000884        0x4 /usr/bin/../lib/gcc/arm-none-eabi/6.3.1/../../../../arm-none-eabi/lib/thumb/v7e-m/fpv4-sp/hard/libg.a(lib_a-mallocr.o)
                0x0000000020000884                __malloc_trim_threshold
 .data.__atexit_recursive_mutex
                0x0000000020000888        0x4 /usr/bin/../lib/gcc/arm-none-eabi/6.3.1/../../../../arm-none-eabi/lib/thumb/v7e-m/fpv4-sp/hard/libg.a(lib_a-__call_atexit.o)
                0x0000000020000888                __atexit_recursive_mutex
 .data.__global_locale
                0x000000002000088c      0x16c /usr/bin/../lib/gcc/arm-none-eabi/6.3.1/../../../../arm-none-eabi/lib/thumb/v7e-m/fpv4-sp/hard/libg.a(lib_a-locale.o)
                0x000000002000088c                __global_locale
                0x00000000200009f8                . = ALIGN (0x8)
                0x00000000200009f8                _edata = .
                0x0000000008012928                _sisram2 = LOADADDR (.sram2)

.jcr            0x00000000200009f8        0x0 load address 0x0000000008012928
 .jcr           0x00000000200009f8        0x0 /usr/bin/../lib/gcc/arm-none-eabi/6.3.1/thumb/v7e-m/fpv4-sp/hard/crtbegin.o

.igot.plt       0x00000000200009f8        0x0 load address 0x0000000008012928
 .igot.plt      0x00000000200009f8        0x0 /usr/bin/../lib/gcc/arm-none-eabi/6.3.1/thumb/v7e-m/fpv4-sp/hard/crtbegin.o

.sram2          0x0000000010000000        0x0 load address 0x0000000008012928
                0x0000000010000000                . = ALIGN (0x8)
                0x0000000010000000                _ssram2 = .
 *(.sram2)
 *(.sram2*)
                0x0000000010000000                . = ALIGN (0x8)
                0x0000000010000000                _esram2 = .
                0x0000000010000000                . = ALIGN (0x4)

.bss            0x00000000200009f8      0xc2c
                0x00000000200009f8                _sbss = .
                0x00000000200009f8                __bss_start__ = _sbss
 *(.bss)
 .bss           0x00000000200009f8       0x1c /usr/bin/../lib/gcc/arm-none-eabi/6.3.1/thumb/v7e-m/fpv4-sp/hard/crtbegin.o
 *(.bss*)
 .bss.target_list
                0x0000000020000a14        0x4 ./Src/blueProbe/target/target.o